=== GATE_lcb_3522_r1 rc=0 wall=58.0s visible_rc=0 hidden={"passed":27,"total":27,"failures":[]}
=== OFF_lcb_3522_r1 rc=0 wall=58.4s visible_rc=0 hidden={"passed":27,"total":27,"failures":[]}
=== CH_lcb_3522_r1 rc=0 wall=92.0s visible_rc=0 hidden={"passed":27,"total":27,"failures":[]}
=== GATE_lcb_3534_r1 rc=0 wall=122.5s visible_rc=0 hidden={"passed":27,"total":27,"failures":[]}
=== CH_lcb_3534_r1 rc=0 wall=206.8s visible_rc=0 hidden={"passed":27,"total":27,"failures":[]}
=== OFF_lcb_3534_r1 rc=0 wall=224.3s visible_rc=0 hidden={"passed":27,"total":27,"failures":[]}
=== CH_lcb_3548_r1 rc=0 wall=290.3s visible_rc=0 hidden={"passed":27,"total":27,"failures":[]}
=== GATE_lcb_3548_r1 rc=0 wall=393.2s visible_rc=0 hidden={"passed":27,"total":27,"failures":[]}
=== OFF_lcb_3548_r1 rc=0 wall=396.7s visible_rc=1 hidden={"passed":0,"total":null,"note":"凍結工作區裡沒有sol
=== OFF_lcb_3583_r1 rc=0 wall=201.5s visible_rc=0 hidden={"passed":27,"total":27,"failures":[]}
=== CH_lcb_3583_r1 rc=0 wall=236.7s visible_rc=0 hidden={"passed":27,"total":27,"failures":[]}
=== GATE_lcb_3583_r1 rc=0 wall=305.4s visible_rc=0 hidden={"passed":27,"total":27,"failures":[]}
=== OFF_lcb_3584_r1 rc=0 wall=317.6s visible_rc=1 hidden={"passed":0,"total":null,"note":"凍結工作區裡沒有sol
=== GATE_lcb_3584_r1 rc=20 wall=317.9s visible_rc=1 hidden={"passed":0,"total":null,"note":"凍結工作區裡沒有sol
=== CH_lcb_3584_r1 rc=0 wall=318.3s visible_rc=1 hidden={"passed":0,"total":null,"note":"凍結工作區裡沒有sol
=== CH_lcb_3627_r1 rc=0 wall=114.2s visible_rc=0 hidden={"passed":27,"total":27,"failures":[]}
=== OFF_lcb_3627_r1 rc=0 wall=211.4s visible_rc=0 hidden={"passed":27,"total":27,"failures":[]}
=== GATE_lcb_3627_r1 rc=0 wall=211.7s visible_rc=0 hidden={"passed":27,"total":27,"failures":[]}
=== CH_lcb_3637_r1 rc=0 wall=286.8s visible_rc=0 hidden={"passed":27,"total":27,"failures":[]}
=== GATE_lcb_3637_r1 rc=0 wall=389.3s visible_rc=0 hidden={"passed":27,"total":27,"failures":[]}
=== OFF_lcb_3637_r1 rc=0 wall=452.0s visible_rc=1 hidden={"passed":0,"total":null,"note":"凍結工作區裡沒有sol
=== CH_lcb_3649_r1 rc=0 wall=168.3s visible_rc=0 hidden={"passed":26,"total":26,"failures":[]}
=== OFF_lcb_3649_r1 rc=0 wall=266.1s visible_rc=0 hidden={"passed":26,"total":26,"failures":[]}
=== GATE_lcb_3649_r1 rc=0 wall=284.6s visible_rc=0 hidden={"passed":26,"total":26,"failures":[]}
=== GATE_lcb_3654_r1 rc=0 wall=164.9s visible_rc=0 hidden={"passed":26,"total":26,"failures":[]}
=== CH_lcb_3654_r1 rc=0 wall=195.5s visible_rc=0 hidden={"passed":26,"total":26,"failures":[]}
=== OFF_lcb_3654_r1 rc=0 wall=278.5s visible_rc=0 hidden={"passed":26,"total":26,"failures":[]}
=== OFF_lcb_3657_r1 rc=0 wall=472.0s visible_rc=0 hidden={"passed":27,"total":27,"failures":[]}
=== GATE_lcb_3657_r1 rc=20 wall=510.7s visible_rc=1 hidden={"passed":0,"total":null,"note":"凍結工作區裡沒有sol
=== CH_lcb_3657_r1 rc=0 wall=511.0s visible_rc=1 hidden={"passed":0,"total":null,"note":"凍結工作區裡沒有sol
=== CH_lcb_3681_r1 rc=0 wall=152.1s visible_rc=0 hidden={"passed":27,"total":27,"failures":[]}
=== OFF_lcb_3681_r1 rc=0 wall=159.3s visible_rc=0 hidden={"passed":27,"total":27,"failures":[]}
=== GATE_lcb_3681_r1 rc=0 wall=184.9s visible_rc=0 hidden={"passed":27,"total":27,"failures":[]}
ALLDONE（2026-09-24T09:54:10Z BCB 發射，pilot 提前停止）
