預註冊閘門通過：DECISION_20260907_R460_HARNESS_PREREG.md 授權 g_r460_harness_lcb2_a3
20 題（lcb2　offset=40　題序 [40, 60)）　輸出 runs/g_r460_harness_lcb2_a3
── 量具驗證（先答已知答案）
   參考解通過 4/4　壞解被擋 4/4
   可見閘門（CONFORM 決策量具）參考解通過 4/4　樁被擋 4/4　覆蓋 4/4
── 模型池：6 個 agent／1 個模型家族
── 模型池預檢（每個 model 問一句，零容忍）
   gemma-4-12b-it-qat　回 2 字　✓
  [OFF 1/20] 需求符合=True 接受=True 累計呼叫=1
  [CONFORM 1/20] 需求符合=True 接受=True 累計呼叫=1
  [OFF5 1/20] 需求符合=True 接受=True 累計呼叫=5
  [HPI 1/20] 需求符合=True 接受=True 累計呼叫=1
  [HOC 1/20] 需求符合=True 接受=True 累計呼叫=2
  [HMIX 1/20] 需求符合=True 接受=True 累計呼叫=1
  [OFF 2/20] 需求符合=True 接受=True 累計呼叫=2
  [CONFORM 2/20] 需求符合=True 接受=True 累計呼叫=2
  [OFF5 2/20] 需求符合=True 接受=True 累計呼叫=10
  [HPI 2/20] 需求符合=True 接受=True 累計呼叫=2
  [HOC 2/20] 需求符合=True 接受=True 累計呼叫=4
  [HMIX 2/20] 需求符合=True 接受=True 累計呼叫=2
  [OFF 3/20] 需求符合=True 接受=True 累計呼叫=3
  [CONFORM 3/20] 需求符合=True 接受=True 累計呼叫=3
  [OFF5 3/20] 需求符合=True 接受=True 累計呼叫=15
  [HPI 3/20] 需求符合=True 接受=True 累計呼叫=3
  [HOC 3/20] 需求符合=True 接受=True 累計呼叫=6
  [HMIX 3/20] 需求符合=True 接受=True 累計呼叫=3
  [OFF 4/20] 需求符合=True 接受=True 累計呼叫=4
  [CONFORM 4/20] 需求符合=True 接受=True 累計呼叫=4
  [OFF5 4/20] 需求符合=True 接受=True 累計呼叫=20
  [HPI 4/20] 需求符合=True 接受=True 累計呼叫=4
  [HOC 4/20] 需求符合=True 接受=True 累計呼叫=8
  [HMIX 4/20] 需求符合=True 接受=True 累計呼叫=4
  [OFF 5/20] 需求符合=True 接受=True 累計呼叫=5
  [CONFORM 5/20] 需求符合=True 接受=True 累計呼叫=5
  [OFF5 5/20] 需求符合=True 接受=True 累計呼叫=25
  [HPI 5/20] 需求符合=True 接受=True 累計呼叫=5
  [HOC 5/20] 需求符合=True 接受=True 累計呼叫=10
  [HMIX 5/20] 需求符合=True 接受=True 累計呼叫=5
  [OFF 6/20] 需求符合=True 接受=True 累計呼叫=6
  [CONFORM 6/20] 需求符合=False 接受=True 累計呼叫=6
  [OFF5 6/20] 需求符合=False 接受=True 累計呼叫=30
  [HPI 6/20] 需求符合=True 接受=True 累計呼叫=6
  [HOC 6/20] 需求符合=True 接受=True 累計呼叫=12
  [HMIX 6/20] 需求符合=True 接受=True 累計呼叫=6
── OFF: {"tasks": 20, "calls": 6, "infra_void": 14, "complete": false, "terminal": true, "processed": 20, "accepted": 6, "accepted_and_meets_demand": 6, "demand_equals_output_rate": 1.0, "coverage": 1.0, "correct_delivery_rate": 1.0, "raw_final_accuracy": 1.0, "calls_per_task": 1.0, "calls_per_correct_delivery": 1.0, "leaked": 0, "reviewer_accuracy": null, "raw_reviewer_accuracy": null, "reviewer_votes": 0, "review_fail_claims": 0, "machine_confirmed_counterexamples": 0, "confirmed_counterexample_precision_against_hidden_truth": null, "revision_transitions": null, "eq5_gate_delivery_rate": null, "eq5_vote_delivery_rate": null, "eq5_same_choice_rate": null, "eq5_same_choice_effective_rate": null, "endpoint_latency_ms": {"all": {"n": 6, "p50": 71083, "p95": 285314, "max": 285314}, "by_role": {"gen": {"n": 6, "p50": 71083, "p95": 285314, "max": 285314}}, "failed_attempts": 56}, "wall_s": 1086.0, "cost_usd": 0.0, "market_cost_usd": 0.0, "market_cost_per_correct_delivery": 0.0}
── CONFORM: {"tasks": 20, "calls": 6, "infra_void": 14, "complete": false, "terminal": true, "processed": 20, "accepted": 6, "accepted_and_meets_demand": 5, "demand_equals_output_rate": 0.8333333333333334, "coverage": 1.0, "correct_delivery_rate": 0.8333333333333334, "raw_final_accuracy": 0.8333333333333334, "calls_per_task": 1.0, "calls_per_correct_delivery": 1.2, "leaked": 1, "reviewer_accuracy": null, "raw_reviewer_accuracy": null, "reviewer_votes": 0, "review_fail_claims": 0, "machine_confirmed_counterexamples": 0, "confirmed_counterexample_precision_against_hidden_truth": null, "revision_transitions": null, "eq5_gate_delivery_rate": null, "eq5_vote_delivery_rate": null, "eq5_same_choice_rate": null, "eq5_same_choice_effective_rate": null, "endpoint_latency_ms": {"all": {"n": 6, "p50": 73663, "p95": 319689, "max": 319689}, "by_role": {"gen": {"n": 6, "p50": 73663, "p95": 319689, "max": 319689}}, "failed_attempts": 56}, "wall_s": 1029.3, "cost_usd": 0.0, "market_cost_usd": 0.0, "market_cost_per_correct_delivery": 0.0}
── OFF5: {"tasks": 20, "calls": 30, "infra_void": 14, "complete": false, "terminal": true, "processed": 20, "accepted": 6, "accepted_and_meets_demand": 5, "demand_equals_output_rate": 0.8333333333333334, "coverage": 1.0, "correct_delivery_rate": 0.8333333333333334, "raw_final_accuracy": 0.8333333333333334, "calls_per_task": 5.0, "calls_per_correct_delivery": 6.0, "leaked": 1, "reviewer_accuracy": null, "raw_reviewer_accuracy": null, "reviewer_votes": 0, "review_fail_claims": 0, "machine_confirmed_counterexamples": 0, "confirmed_counterexample_precision_against_hidden_truth": null, "revision_transitions": null, "eq5_gate_delivery_rate": null, "eq5_vote_delivery_rate": null, "eq5_same_choice_rate": null, "eq5_same_choice_effective_rate": null, "endpoint_latency_ms": {"all": {"n": 30, "p50": 101173, "p95": 248611, "max": 361711}, "by_role": {"gen": {"n": 30, "p50": 101173, "p95": 248611, "max": 361711}}, "failed_attempts": 56}, "wall_s": 3985.9, "cost_usd": 0.0, "market_cost_usd": 0.0, "market_cost_per_correct_delivery": 0.0}
── HPI: {"tasks": 20, "calls": 6, "infra_void": 14, "complete": false, "terminal": true, "processed": 20, "accepted": 6, "accepted_and_meets_demand": 6, "demand_equals_output_rate": 1.0, "coverage": 1.0, "correct_delivery_rate": 1.0, "raw_final_accuracy": 1.0, "calls_per_task": 1.0, "calls_per_correct_delivery": 1.0, "leaked": 0, "reviewer_accuracy": null, "raw_reviewer_accuracy": null, "reviewer_votes": 0, "review_fail_claims": 0, "machine_confirmed_counterexamples": 0, "confirmed_counterexample_precision_against_hidden_truth": null, "revision_transitions": null, "eq5_gate_delivery_rate": null, "eq5_vote_delivery_rate": null, "eq5_same_choice_rate": null, "eq5_same_choice_effective_rate": null, "endpoint_latency_ms": {"all": {"n": 7, "p50": 169128, "p95": 287819, "max": 287819}, "by_role": {"gen": {"n": 6, "p50": 169128, "p95": 287819, "max": 287819}, "wire_probe": {"n": 1, "p50": 4337, "p95": 4337, "max": 4337}}, "failed_attempts": 56}, "wall_s": 1208.3, "cost_usd": 0.0, "market_cost_usd": 0.0, "market_cost_per_correct_delivery": 0.0}
── HOC: {"tasks": 20, "calls": 12, "infra_void": 14, "complete": false, "terminal": true, "processed": 20, "accepted": 6, "accepted_and_meets_demand": 6, "demand_equals_output_rate": 1.0, "coverage": 1.0, "correct_delivery_rate": 1.0, "raw_final_accuracy": 1.0, "calls_per_task": 2.0, "calls_per_correct_delivery": 2.0, "leaked": 0, "reviewer_accuracy": null, "raw_reviewer_accuracy": null, "reviewer_votes": 0, "review_fail_claims": 0, "machine_confirmed_counterexamples": 0, "confirmed_counterexample_precision_against_hidden_truth": null, "revision_transitions": null, "eq5_gate_delivery_rate": null, "eq5_vote_delivery_rate": null, "eq5_same_choice_rate": null, "eq5_same_choice_effective_rate": null, "endpoint_latency_ms": {"all": {"n": 12, "p50": 66503, "p95": 230150, "max": 230150}, "by_role": {"gen": {"n": 12, "p50": 66503, "p95": 230150, "max": 230150}}, "failed_attempts": 56}, "wall_s": 1415.7, "cost_usd": 0.0, "market_cost_usd": 0.0, "market_cost_per_correct_delivery": 0.0}
── HMIX: {"tasks": 20, "calls": 6, "infra_void": 14, "complete": false, "terminal": true, "processed": 20, "accepted": 6, "accepted_and_meets_demand": 6, "demand_equals_output_rate": 1.0, "coverage": 1.0, "correct_delivery_rate": 1.0, "raw_final_accuracy": 1.0, "calls_per_task": 1.0, "calls_per_correct_delivery": 1.0, "leaked": 0, "reviewer_accuracy": null, "raw_reviewer_accuracy": null, "reviewer_votes": 0, "review_fail_claims": 0, "machine_confirmed_counterexamples": 0, "confirmed_counterexample_precision_against_hidden_truth": null, "revision_transitions": null, "eq5_gate_delivery_rate": null, "eq5_vote_delivery_rate": null, "eq5_same_choice_rate": null, "eq5_same_choice_effective_rate": null, "endpoint_latency_ms": {"all": {"n": 6, "p50": 113396, "p95": 251111, "max": 251111}, "by_role": {"gen": {"n": 6, "p50": 113396, "p95": 251111, "max": 251111}}, "failed_attempts": 58}, "wall_s": 1358.0, "cost_usd": 0.0, "market_cost_usd": 0.0, "market_cost_per_correct_delivery": 0.0}
⚠ run_complete=False——這些臂沒跑完：OFF, CONFORM, OFF5, HPI, HOC, HMIX。這一輪的比例不得拿去比較（SPEC_GAIN §7）。

寫出 runs/g_r460_harness_lcb2_a3/summary.json
⚠ 這是待驗證的宣稱不是結果——OFF5 沒跑贏之前不能說機制有效。
