預註冊閘門通過：DECISION_20260907_R460_HARNESS_PREREG.md 授權 g_r460_harness_lcb2_a1
20 題（lcb2　offset=0　題序 [0, 20)）　輸出 runs/g_r460_harness_lcb2_a1
── 量具驗證（先答已知答案）
   參考解通過 3/3　壞解被擋 3/3
   可見閘門（CONFORM 決策量具）參考解通過 3/3　樁被擋 3/3　覆蓋 3/3
── 模型池：6 個 agent／1 個模型家族
── 模型池預檢（每個 model 問一句，零容忍）
   gemma-4-12b-it-qat　回 2 字　✓
  [OFF 1/20] 需求符合=True 接受=True 累計呼叫=1
  [CONFORM 1/20] 需求符合=True 接受=True 累計呼叫=1
  [OFF5 1/20] 需求符合=True 接受=True 累計呼叫=5
  [HPI 1/20] 需求符合=True 接受=True 累計呼叫=1
  [HOC 1/20] 需求符合=True 接受=True 累計呼叫=2
  [HMIX 1/20] 需求符合=True 接受=True 累計呼叫=1
  [OFF 2/20] 需求符合=False 接受=True 累計呼叫=2
  [CONFORM 2/20] 需求符合=False 接受=True 累計呼叫=2
  [OFF5 2/20] 需求符合=False 接受=True 累計呼叫=10
  [HPI 2/20] 需求符合=True 接受=True 累計呼叫=2
  [HOC 2/20] 需求符合=True 接受=True 累計呼叫=4
  [HMIX 2/20] 需求符合=True 接受=True 累計呼叫=2
  [OFF 3/20] 需求符合=True 接受=True 累計呼叫=3
  [CONFORM 3/20] 需求符合=True 接受=True 累計呼叫=3
<unknown>:2: SyntaxWarning: invalid escape sequence '\S'
  [OFF5 3/20] 需求符合=True 接受=True 累計呼叫=15
  [HPI 3/20] 需求符合=False 接受=True 累計呼叫=3
  [HOC 3/20] 需求符合=False 接受=True 累計呼叫=6
  [HMIX 3/20] 需求符合=True 接受=True 累計呼叫=3
  [OFF 4/20] 需求符合=True 接受=True 累計呼叫=4
  [CONFORM 4/20] 需求符合=True 接受=True 累計呼叫=4
  [OFF5 4/20] 需求符合=True 接受=True 累計呼叫=20
  [HPI 4/20] 需求符合=True 接受=True 累計呼叫=4
  [HOC 4/20] 需求符合=True 接受=True 累計呼叫=8
  [HMIX 4/20] 需求符合=True 接受=True 累計呼叫=4
  [OFF 5/20] 需求符合=False 接受=True 累計呼叫=5
  [CONFORM 5/20] 需求符合=True 接受=True 累計呼叫=5
  [OFF5 5/20] 需求符合=True 接受=True 累計呼叫=25
  [HPI 5/20] 需求符合=True 接受=True 累計呼叫=5
  [HOC 5/20] 需求符合=True 接受=True 累計呼叫=10
  [HMIX 5/20] 需求符合=True 接受=True 累計呼叫=5
  [OFF 6/20] 需求符合=True 接受=True 累計呼叫=6
  [CONFORM 6/20] 需求符合=True 接受=True 累計呼叫=6
  [OFF5 6/20] 需求符合=True 接受=True 累計呼叫=30
  [HPI 6/20] 需求符合=True 接受=True 累計呼叫=6
  [HOC 6/20] 需求符合=True 接受=True 累計呼叫=12
  [HMIX 6/20] 需求符合=True 接受=True 累計呼叫=6
  [OFF 7/20] 需求符合=True 接受=True 累計呼叫=7
  [CONFORM 7/20] 需求符合=True 接受=True 累計呼叫=7
  [OFF5 7/20] 需求符合=True 接受=True 累計呼叫=35
  [HPI 7/20] 需求符合=True 接受=True 累計呼叫=7
  [HOC 7/20] 需求符合=True 接受=True 累計呼叫=14
  [HMIX 7/20] 需求符合=True 接受=True 累計呼叫=7
  [OFF 8/20] 需求符合=True 接受=True 累計呼叫=8
  [CONFORM 8/20] 需求符合=False 接受=True 累計呼叫=10
  [OFF5 8/20] 需求符合=True 接受=True 累計呼叫=40
  [HPI 8/20] 需求符合=True 接受=True 累計呼叫=8
  [HOC 8/20] 需求符合=True 接受=True 累計呼叫=16
  [HMIX 8/20] 需求符合=True 接受=True 累計呼叫=8
  [OFF 9/20] 需求符合=True 接受=True 累計呼叫=9
  [CONFORM 9/20] 需求符合=True 接受=True 累計呼叫=11
  [OFF5 9/20] 需求符合=True 接受=True 累計呼叫=45
  [HPI 9/20] 需求符合=True 接受=True 累計呼叫=9
  [HOC 9/20] 需求符合=True 接受=True 累計呼叫=18
  [HMIX 9/20] 需求符合=True 接受=True 累計呼叫=10
  [OFF 10/20] 需求符合=True 接受=True 累計呼叫=10
  [CONFORM 10/20] 需求符合=True 接受=True 累計呼叫=12
  [OFF5 10/20] 需求符合=True 接受=True 累計呼叫=50
  [HPI 10/20] 需求符合=True 接受=True 累計呼叫=10
  [HOC 10/20] 需求符合=True 接受=True 累計呼叫=20
  [HMIX 10/20] 需求符合=True 接受=True 累計呼叫=11
  [OFF 11/20] 需求符合=True 接受=True 累計呼叫=11
  [CONFORM 11/20] 需求符合=True 接受=True 累計呼叫=13
  [OFF5 11/20] 需求符合=True 接受=True 累計呼叫=55
  [HPI 11/20] 需求符合=True 接受=True 累計呼叫=11
  [HOC 11/20] 需求符合=True 接受=True 累計呼叫=22
  [HMIX 11/20] 需求符合=True 接受=True 累計呼叫=12
  [OFF 12/20] 需求符合=True 接受=True 累計呼叫=12
  [CONFORM 12/20] 需求符合=True 接受=True 累計呼叫=14
  [OFF5 12/20] 需求符合=True 接受=True 累計呼叫=60
  [HPI 12/20] 需求符合=True 接受=True 累計呼叫=12
── OFF: {"tasks": 20, "calls": 12, "infra_void": 8, "complete": false, "terminal": true, "processed": 20, "accepted": 12, "accepted_and_meets_demand": 10, "demand_equals_output_rate": 0.8333333333333334, "coverage": 1.0, "correct_delivery_rate": 0.8333333333333334, "raw_final_accuracy": 0.8333333333333334, "calls_per_task": 1.0, "calls_per_correct_delivery": 1.2, "leaked": 2, "reviewer_accuracy": null, "raw_reviewer_accuracy": null, "reviewer_votes": 0, "review_fail_claims": 0, "machine_confirmed_counterexamples": 0, "confirmed_counterexample_precision_against_hidden_truth": null, "revision_transitions": null, "eq5_gate_delivery_rate": null, "eq5_vote_delivery_rate": null, "eq5_same_choice_rate": null, "eq5_same_choice_effective_rate": null, "endpoint_latency_ms": {"all": {"n": 12, "p50": 267831, "p95": 584525, "max": 584525}, "by_role": {"gen": {"n": 12, "p50": 267831, "p95": 584525, "max": 584525}}, "failed_attempts": 32}, "wall_s": 3563.8, "cost_usd": 0.0, "market_cost_usd": 0.0, "market_cost_per_correct_delivery": 0.0}
── CONFORM: {"tasks": 20, "calls": 14, "infra_void": 8, "complete": false, "terminal": true, "processed": 20, "accepted": 12, "accepted_and_meets_demand": 10, "demand_equals_output_rate": 0.8333333333333334, "coverage": 1.0, "correct_delivery_rate": 0.8333333333333334, "raw_final_accuracy": 0.8333333333333334, "calls_per_task": 1.1666666666666667, "calls_per_correct_delivery": 1.4, "leaked": 2, "reviewer_accuracy": null, "raw_reviewer_accuracy": null, "reviewer_votes": 0, "review_fail_claims": 0, "machine_confirmed_counterexamples": 0, "confirmed_counterexample_precision_against_hidden_truth": null, "revision_transitions": null, "eq5_gate_delivery_rate": null, "eq5_vote_delivery_rate": null, "eq5_same_choice_rate": null, "eq5_same_choice_effective_rate": null, "endpoint_latency_ms": {"all": {"n": 14, "p50": 241636, "p95": 484759, "max": 484759}, "by_role": {"gen": {"n": 14, "p50": 241636, "p95": 484759, "max": 484759}}, "failed_attempts": 32}, "wall_s": 3719.9, "cost_usd": 0.0, "market_cost_usd": 0.0, "market_cost_per_correct_delivery": 0.0}
── OFF5: {"tasks": 20, "calls": 60, "infra_void": 8, "complete": false, "terminal": true, "processed": 20, "accepted": 12, "accepted_and_meets_demand": 11, "demand_equals_output_rate": 0.9166666666666666, "coverage": 1.0, "correct_delivery_rate": 0.9166666666666666, "raw_final_accuracy": 0.9166666666666666, "calls_per_task": 5.0, "calls_per_correct_delivery": 5.454545454545454, "leaked": 1, "reviewer_accuracy": null, "raw_reviewer_accuracy": null, "reviewer_votes": 0, "review_fail_claims": 0, "machine_confirmed_counterexamples": 0, "confirmed_counterexample_precision_against_hidden_truth": null, "revision_transitions": null, "eq5_gate_delivery_rate": null, "eq5_vote_delivery_rate": null, "eq5_same_choice_rate": null, "eq5_same_choice_effective_rate": null, "endpoint_latency_ms": {"all": {"n": 60, "p50": 221333, "p95": 534196, "max": 981670}, "by_role": {"gen": {"n": 60, "p50": 221333, "p95": 534196, "max": 981670}}, "failed_attempts": 34}, "wall_s": 16733.5, "cost_usd": 0.0, "market_cost_usd": 0.0, "market_cost_per_correct_delivery": 0.0}
── HPI: {"tasks": 20, "calls": 12, "infra_void": 8, "complete": false, "terminal": true, "processed": 20, "accepted": 12, "accepted_and_meets_demand": 11, "demand_equals_output_rate": 0.9166666666666666, "coverage": 1.0, "correct_delivery_rate": 0.9166666666666666, "raw_final_accuracy": 0.9166666666666666, "calls_per_task": 1.0, "calls_per_correct_delivery": 1.0909090909090908, "leaked": 1, "reviewer_accuracy": null, "raw_reviewer_accuracy": null, "reviewer_votes": 0, "review_fail_claims": 0, "machine_confirmed_counterexamples": 0, "confirmed_counterexample_precision_against_hidden_truth": null, "revision_transitions": null, "eq5_gate_delivery_rate": null, "eq5_vote_delivery_rate": null, "eq5_same_choice_rate": null, "eq5_same_choice_effective_rate": null, "endpoint_latency_ms": {"all": {"n": 13, "p50": 302350, "p95": 501709, "max": 501709}, "by_role": {"gen": {"n": 12, "p50": 302350, "p95": 501709, "max": 501709}, "wire_probe": {"n": 1, "p50": 6630, "p95": 6630, "max": 6630}}, "failed_attempts": 33}, "wall_s": 4226.4, "cost_usd": 0.0, "market_cost_usd": 0.0, "market_cost_per_correct_delivery": 0.0}
── HOC: {"tasks": 20, "calls": 22, "infra_void": 9, "complete": false, "terminal": true, "processed": 20, "accepted": 11, "accepted_and_meets_demand": 10, "demand_equals_output_rate": 0.9090909090909091, "coverage": 1.0, "correct_delivery_rate": 0.9090909090909091, "raw_final_accuracy": 0.9090909090909091, "calls_per_task": 2.0, "calls_per_correct_delivery": 2.2, "leaked": 1, "reviewer_accuracy": null, "raw_reviewer_accuracy": null, "reviewer_votes": 0, "review_fail_claims": 0, "machine_confirmed_counterexamples": 0, "confirmed_counterexample_precision_against_hidden_truth": null, "revision_transitions": null, "eq5_gate_delivery_rate": null, "eq5_vote_delivery_rate": null, "eq5_same_choice_rate": null, "eq5_same_choice_effective_rate": null, "endpoint_latency_ms": {"all": {"n": 22, "p50": 221774, "p95": 388291, "max": 395459}, "by_role": {"gen": {"n": 22, "p50": 221774, "p95": 388291, "max": 395459}}, "failed_attempts": 36}, "wall_s": 5480.5, "cost_usd": 0.0, "market_cost_usd": 0.0, "market_cost_per_correct_delivery": 0.0}
── HMIX: {"tasks": 20, "calls": 12, "infra_void": 9, "complete": false, "terminal": true, "processed": 20, "accepted": 11, "accepted_and_meets_demand": 11, "demand_equals_output_rate": 1.0, "coverage": 1.0, "correct_delivery_rate": 1.0, "raw_final_accuracy": 1.0, "calls_per_task": 1.0909090909090908, "calls_per_correct_delivery": 1.0909090909090908, "leaked": 0, "reviewer_accuracy": null, "raw_reviewer_accuracy": null, "reviewer_votes": 0, "review_fail_claims": 0, "machine_confirmed_counterexamples": 0, "confirmed_counterexample_precision_against_hidden_truth": null, "revision_transitions": null, "eq5_gate_delivery_rate": null, "eq5_vote_delivery_rate": null, "eq5_same_choice_rate": null, "eq5_same_choice_effective_rate": null, "endpoint_latency_ms": {"all": {"n": 12, "p50": 286159, "p95": 610361, "max": 610361}, "by_role": {"gen": {"n": 12, "p50": 286159, "p95": 610361, "max": 610361}}, "failed_attempts": 38}, "wall_s": 4765.2, "cost_usd": 0.0, "market_cost_usd": 0.0, "market_cost_per_correct_delivery": 0.0}
⚠ run_complete=False——這些臂沒跑完：OFF, CONFORM, OFF5, HPI, HOC, HMIX。這一輪的比例不得拿去比較（SPEC_GAIN §7）。

寫出 runs/g_r460_harness_lcb2_a1/summary.json
⚠ 這是待驗證的宣稱不是結果——OFF5 沒跑贏之前不能說機制有效。
