預註冊閘門通過：DECISION_20260907_R460_HARNESS_PREREG.md 授權 g_r460_harness_lcb2_a2
20 題（lcb2　offset=20　題序 [20, 40)）　輸出 runs/g_r460_harness_lcb2_a2
── 量具驗證（先答已知答案）
   參考解通過 3/3　壞解被擋 3/3
   可見閘門（CONFORM 決策量具）參考解通過 3/3　樁被擋 3/3　覆蓋 3/3
── 模型池：6 個 agent／1 個模型家族
── 模型池預檢（每個 model 問一句，零容忍）
   gemma-4-12b-it-qat　回 2 字　✓
  [OFF 1/20] 需求符合=True 接受=True 累計呼叫=1
  [CONFORM 1/20] 需求符合=True 接受=True 累計呼叫=1
  [OFF5 1/20] 需求符合=True 接受=True 累計呼叫=5
  [HPI 1/20] 需求符合=True 接受=True 累計呼叫=1
  [HOC 1/20] 需求符合=True 接受=True 累計呼叫=2
  [HMIX 1/20] 需求符合=True 接受=True 累計呼叫=1
  [OFF 2/20] 需求符合=True 接受=True 累計呼叫=2
  [CONFORM 2/20] 需求符合=True 接受=True 累計呼叫=2
  [OFF5 2/20] 需求符合=True 接受=True 累計呼叫=10
  [HPI 2/20] 需求符合=True 接受=True 累計呼叫=2
  [HOC 2/20] 需求符合=True 接受=True 累計呼叫=4
  [HMIX 2/20] 需求符合=True 接受=True 累計呼叫=2
  [OFF 3/20] 需求符合=True 接受=True 累計呼叫=3
  [CONFORM 3/20] 需求符合=True 接受=True 累計呼叫=3
  [OFF5 3/20] 需求符合=True 接受=True 累計呼叫=15
  [HPI 3/20] 需求符合=True 接受=True 累計呼叫=3
  [HOC 3/20] 需求符合=True 接受=True 累計呼叫=6
  [HMIX 3/20] 需求符合=True 接受=True 累計呼叫=3
<unknown>:4: SyntaxWarning: invalid escape sequence '\s'
<unknown>:4: SyntaxWarning: invalid escape sequence '\s'
  [OFF 4/20] 需求符合=True 接受=True 累計呼叫=4
  [CONFORM 4/20] 需求符合=True 接受=True 累計呼叫=4
  [OFF5 4/20] 需求符合=True 接受=True 累計呼叫=20
  [HPI 4/20] 需求符合=True 接受=True 累計呼叫=5
── OFF: {"tasks": 20, "calls": 4, "infra_void": 16, "complete": false, "terminal": true, "processed": 20, "accepted": 4, "accepted_and_meets_demand": 4, "demand_equals_output_rate": 1.0, "coverage": 1.0, "correct_delivery_rate": 1.0, "raw_final_accuracy": 1.0, "calls_per_task": 1.0, "calls_per_correct_delivery": 1.0, "leaked": 0, "reviewer_accuracy": null, "raw_reviewer_accuracy": null, "reviewer_votes": 0, "review_fail_claims": 0, "machine_confirmed_counterexamples": 0, "confirmed_counterexample_precision_against_hidden_truth": null, "revision_transitions": null, "eq5_gate_delivery_rate": null, "eq5_vote_delivery_rate": null, "eq5_same_choice_rate": null, "eq5_same_choice_effective_rate": null, "endpoint_latency_ms": {"all": {"n": 4, "p50": 176382, "p95": 452082, "max": 452082}, "by_role": {"gen": {"n": 4, "p50": 176382, "p95": 452082, "max": 452082}}, "failed_attempts": 64}, "wall_s": 1285.7, "cost_usd": 0.0, "market_cost_usd": 0.0, "market_cost_per_correct_delivery": 0.0}
── CONFORM: {"tasks": 20, "calls": 4, "infra_void": 16, "complete": false, "terminal": true, "processed": 20, "accepted": 4, "accepted_and_meets_demand": 4, "demand_equals_output_rate": 1.0, "coverage": 1.0, "correct_delivery_rate": 1.0, "raw_final_accuracy": 1.0, "calls_per_task": 1.0, "calls_per_correct_delivery": 1.0, "leaked": 0, "reviewer_accuracy": null, "raw_reviewer_accuracy": null, "reviewer_votes": 0, "review_fail_claims": 0, "machine_confirmed_counterexamples": 0, "confirmed_counterexample_precision_against_hidden_truth": null, "revision_transitions": null, "eq5_gate_delivery_rate": null, "eq5_vote_delivery_rate": null, "eq5_same_choice_rate": null, "eq5_same_choice_effective_rate": null, "endpoint_latency_ms": {"all": {"n": 4, "p50": 236894, "p95": 558710, "max": 558710}, "by_role": {"gen": {"n": 4, "p50": 236894, "p95": 558710, "max": 558710}}, "failed_attempts": 64}, "wall_s": 1335.8, "cost_usd": 0.0, "market_cost_usd": 0.0, "market_cost_per_correct_delivery": 0.0}
── OFF5: {"tasks": 20, "calls": 20, "infra_void": 16, "complete": false, "terminal": true, "processed": 20, "accepted": 4, "accepted_and_meets_demand": 4, "demand_equals_output_rate": 1.0, "coverage": 1.0, "correct_delivery_rate": 1.0, "raw_final_accuracy": 1.0, "calls_per_task": 5.0, "calls_per_correct_delivery": 5.0, "leaked": 0, "reviewer_accuracy": null, "raw_reviewer_accuracy": null, "reviewer_votes": 0, "review_fail_claims": 0, "machine_confirmed_counterexamples": 0, "confirmed_counterexample_precision_against_hidden_truth": null, "revision_transitions": null, "eq5_gate_delivery_rate": null, "eq5_vote_delivery_rate": null, "eq5_same_choice_rate": null, "eq5_same_choice_effective_rate": null, "endpoint_latency_ms": {"all": {"n": 20, "p50": 234800, "p95": 338042, "max": 382711}, "by_role": {"gen": {"n": 20, "p50": 234800, "p95": 338042, "max": 382711}}, "failed_attempts": 64}, "wall_s": 4065.6, "cost_usd": 0.0, "market_cost_usd": 0.0, "market_cost_per_correct_delivery": 0.0}
── HPI: {"tasks": 20, "calls": 5, "infra_void": 16, "complete": false, "terminal": true, "processed": 20, "accepted": 4, "accepted_and_meets_demand": 4, "demand_equals_output_rate": 1.0, "coverage": 1.0, "correct_delivery_rate": 1.0, "raw_final_accuracy": 1.0, "calls_per_task": 1.25, "calls_per_correct_delivery": 1.25, "leaked": 0, "reviewer_accuracy": null, "raw_reviewer_accuracy": null, "reviewer_votes": 0, "review_fail_claims": 0, "machine_confirmed_counterexamples": 0, "confirmed_counterexample_precision_against_hidden_truth": null, "revision_transitions": null, "eq5_gate_delivery_rate": null, "eq5_vote_delivery_rate": null, "eq5_same_choice_rate": null, "eq5_same_choice_effective_rate": null, "endpoint_latency_ms": {"all": {"n": 6, "p50": 190997, "p95": 360586, "max": 360586}, "by_role": {"gen": {"n": 5, "p50": 220828, "p95": 360586, "max": 360586}, "wire_probe": {"n": 1, "p50": 7500, "p95": 7500, "max": 7500}}, "failed_attempts": 64}, "wall_s": 1385.9, "cost_usd": 0.0, "market_cost_usd": 0.0, "market_cost_per_correct_delivery": 0.0}
── HOC: {"tasks": 20, "calls": 6, "infra_void": 17, "complete": false, "terminal": true, "processed": 20, "accepted": 3, "accepted_and_meets_demand": 3, "demand_equals_output_rate": 1.0, "coverage": 1.0, "correct_delivery_rate": 1.0, "raw_final_accuracy": 1.0, "calls_per_task": 2.0, "calls_per_correct_delivery": 2.0, "leaked": 0, "reviewer_accuracy": null, "raw_reviewer_accuracy": null, "reviewer_votes": 0, "review_fail_claims": 0, "machine_confirmed_counterexamples": 0, "confirmed_counterexample_precision_against_hidden_truth": null, "revision_transitions": null, "eq5_gate_delivery_rate": null, "eq5_vote_delivery_rate": null, "eq5_same_choice_rate": null, "eq5_same_choice_effective_rate": null, "endpoint_latency_ms": {"all": {"n": 6, "p50": 133179, "p95": 338197, "max": 338197}, "by_role": {"gen": {"n": 6, "p50": 133179, "p95": 338197, "max": 338197}}, "failed_attempts": 68}, "wall_s": 1233.7, "cost_usd": 0.0, "market_cost_usd": 0.0, "market_cost_per_correct_delivery": 0.0}
── HMIX: {"tasks": 20, "calls": 3, "infra_void": 17, "complete": false, "terminal": true, "processed": 20, "accepted": 3, "accepted_and_meets_demand": 3, "demand_equals_output_rate": 1.0, "coverage": 1.0, "correct_delivery_rate": 1.0, "raw_final_accuracy": 1.0, "calls_per_task": 1.0, "calls_per_correct_delivery": 1.0, "leaked": 0, "reviewer_accuracy": null, "raw_reviewer_accuracy": null, "reviewer_votes": 0, "review_fail_claims": 0, "machine_confirmed_counterexamples": 0, "confirmed_counterexample_precision_against_hidden_truth": null, "revision_transitions": null, "eq5_gate_delivery_rate": null, "eq5_vote_delivery_rate": null, "eq5_same_choice_rate": null, "eq5_same_choice_effective_rate": null, "endpoint_latency_ms": {"all": {"n": 3, "p50": 167683, "p95": 169910, "max": 169910}, "by_role": {"gen": {"n": 3, "p50": 167683, "p95": 169910, "max": 169910}}, "failed_attempts": 69}, "wall_s": 986.8, "cost_usd": 0.0, "market_cost_usd": 0.0, "market_cost_per_correct_delivery": 0.0}
⚠ run_complete=False——這些臂沒跑完：OFF, CONFORM, OFF5, HPI, HOC, HMIX。這一輪的比例不得拿去比較（SPEC_GAIN §7）。

寫出 runs/g_r460_harness_lcb2_a2/summary.json
⚠ 這是待驗證的宣稱不是結果——OFF5 沒跑贏之前不能說機制有效。
