預註冊閘門通過：DECISION_20260904_R461_LCB3_REPLICATION_PREREG.md 授權 g_r461_lcb3_three_arm
189 題（lcb3　offset=0　題序 [0, 189)）　輸出 runs/g_r461_lcb3_three_arm
── 量具驗證（先答已知答案）
   參考解通過 12/12　壞解被擋 12/12
   可見閘門（CONFORM 決策量具）參考解通過 12/12　樁被擋 12/12　覆蓋 12/12
── 模型池：6 個 agent／1 個模型家族
── 模型池預檢（每個 model 問一句，零容忍）
   gemma-4-12b-it-qat　回 2 字　✓
  [OFF 1/189] 需求符合=True 接受=True 累計呼叫=1
  [CONFORM 1/189] 需求符合=True 接受=True 累計呼叫=1
  [OFF5 1/189] 需求符合=True 接受=True 累計呼叫=5
  [OFF 2/189] 需求符合=False 接受=True 累計呼叫=2
  [CONFORM 2/189] 需求符合=False 接受=False 累計呼叫=6
  [OFF5 2/189] 需求符合=False 接受=True 累計呼叫=10
  [OFF 3/189] 需求符合=True 接受=True 累計呼叫=3
  [CONFORM 3/189] 需求符合=False 接受=True 累計呼叫=7
  [OFF5 3/189] 需求符合=True 接受=True 累計呼叫=15
  [OFF 4/189] 需求符合=True 接受=True 累計呼叫=4
  [CONFORM 4/189] 需求符合=True 接受=True 累計呼叫=8
  [OFF5 4/189] 需求符合=True 接受=True 累計呼叫=20
  [OFF 5/189] 需求符合=True 接受=True 累計呼叫=5
  [CONFORM 5/189] 需求符合=False 接受=True 累計呼叫=10
  [OFF5 5/189] 需求符合=True 接受=True 累計呼叫=25
  [OFF 6/189] 需求符合=True 接受=True 累計呼叫=6
  [CONFORM 6/189] 需求符合=True 接受=True 累計呼叫=11
  [OFF5 6/189] 需求符合=True 接受=True 累計呼叫=30
  [OFF 7/189] 需求符合=True 接受=True 累計呼叫=7
  [CONFORM 7/189] 需求符合=True 接受=True 累計呼叫=12
  [OFF5 7/189] 需求符合=True 接受=True 累計呼叫=35
  [OFF 8/189] 需求符合=True 接受=True 累計呼叫=8
  [CONFORM 8/189] 需求符合=True 接受=True 累計呼叫=14
  [OFF5 8/189] 需求符合=True 接受=True 累計呼叫=40
  [OFF 9/189] 需求符合=False 接受=True 累計呼叫=9
  [CONFORM 9/189] 需求符合=True 接受=True 累計呼叫=15
  [OFF5 9/189] 需求符合=True 接受=True 累計呼叫=45
  [OFF 10/189] 需求符合=False 接受=True 累計呼叫=10
  [CONFORM 10/189] 需求符合=False 接受=True 累計呼叫=16
  [OFF5 10/189] 需求符合=False 接受=True 累計呼叫=50
  [OFF 11/189] 需求符合=False 接受=True 累計呼叫=11
  [CONFORM 11/189] 需求符合=True 接受=True 累計呼叫=17
  [OFF5 11/189] 需求符合=True 接受=True 累計呼叫=55
  [OFF 12/189] 需求符合=False 接受=True 累計呼叫=12
  [CONFORM 12/189] 需求符合=True 接受=True 累計呼叫=18
  [OFF5 12/189] 需求符合=True 接受=True 累計呼叫=60
  [OFF 13/189] 需求符合=True 接受=True 累計呼叫=13
  [CONFORM 13/189] 需求符合=True 接受=True 累計呼叫=19
  [OFF5 13/189] 需求符合=True 接受=True 累計呼叫=65
  [OFF 14/189] 需求符合=True 接受=True 累計呼叫=14
  [CONFORM 14/189] 需求符合=True 接受=True 累計呼叫=20
  [OFF5 14/189] 需求符合=True 接受=True 累計呼叫=70
  [OFF 15/189] 需求符合=False 接受=True 累計呼叫=15
  [CONFORM 15/189] 需求符合=False 接受=False 累計呼叫=25
  [OFF5 15/189] 需求符合=False 接受=True 累計呼叫=75
  [OFF 16/189] 需求符合=True 接受=True 累計呼叫=16
  [CONFORM 16/189] 需求符合=True 接受=True 累計呼叫=27
  [OFF5 16/189] 需求符合=True 接受=True 累計呼叫=80
  [OFF 17/189] 需求符合=True 接受=True 累計呼叫=17
  [CONFORM 17/189] 需求符合=True 接受=True 累計呼叫=28
  [OFF5 17/189] 需求符合=True 接受=True 累計呼叫=85
  [OFF 18/189] 需求符合=True 接受=True 累計呼叫=18
  [CONFORM 18/189] 需求符合=True 接受=True 累計呼叫=29
  [OFF5 18/189] 需求符合=True 接受=True 累計呼叫=90
  [OFF 19/189] 需求符合=False 接受=True 累計呼叫=19
  [CONFORM 19/189] 需求符合=False 接受=False 累計呼叫=34
  [OFF5 19/189] 需求符合=False 接受=True 累計呼叫=95
  [OFF 20/189] 需求符合=True 接受=True 累計呼叫=20
  [CONFORM 20/189] 需求符合=True 接受=True 累計呼叫=35
  [OFF5 20/189] 需求符合=True 接受=True 累計呼叫=100
  [OFF 21/189] 需求符合=True 接受=True 累計呼叫=21
  [CONFORM 21/189] 需求符合=True 接受=True 累計呼叫=36
  [OFF5 21/189] 需求符合=True 接受=True 累計呼叫=105
  [OFF 22/189] 需求符合=True 接受=True 累計呼叫=22
  [CONFORM 22/189] 需求符合=True 接受=True 累計呼叫=37
  [OFF5 22/189] 需求符合=True 接受=True 累計呼叫=110
  [OFF 23/189] 需求符合=False 接受=True 累計呼叫=23
  [CONFORM 23/189] 需求符合=False 接受=False 累計呼叫=42
  [OFF5 23/189] 需求符合=False 接受=True 累計呼叫=115
  [OFF 24/189] 需求符合=True 接受=True 累計呼叫=24
  [CONFORM 24/189] 需求符合=True 接受=True 累計呼叫=43
  [OFF5 24/189] 需求符合=True 接受=True 累計呼叫=120
  [OFF 25/189] 需求符合=True 接受=True 累計呼叫=25
  [CONFORM 25/189] 需求符合=True 接受=True 累計呼叫=44
  [OFF5 25/189] 需求符合=True 接受=True 累計呼叫=125
  [OFF 26/189] 需求符合=True 接受=True 累計呼叫=26
  [CONFORM 26/189] 需求符合=True 接受=True 累計呼叫=45
  [OFF5 26/189] 需求符合=True 接受=True 累計呼叫=130
  [OFF 27/189] 需求符合=True 接受=True 累計呼叫=27
  [CONFORM 27/189] 需求符合=True 接受=True 累計呼叫=46
  [OFF5 27/189] 需求符合=True 接受=True 累計呼叫=135
  [OFF 28/189] 需求符合=True 接受=True 累計呼叫=28
  [CONFORM 28/189] 需求符合=True 接受=True 累計呼叫=47
  [OFF5 28/189] 需求符合=True 接受=True 累計呼叫=140
  [OFF 29/189] 需求符合=False 接受=True 累計呼叫=29
  [CONFORM 29/189] 需求符合=True 接受=True 累計呼叫=48
  [OFF5 29/189] 需求符合=True 接受=True 累計呼叫=145
  [OFF 30/189] 需求符合=False 接受=True 累計呼叫=30
  [CONFORM 30/189] 需求符合=False 接受=True 累計呼叫=49
  [OFF5 30/189] 需求符合=True 接受=True 累計呼叫=150
  [OFF 31/189] 需求符合=True 接受=True 累計呼叫=31
  [CONFORM 31/189] 需求符合=True 接受=True 累計呼叫=50
  [OFF5 31/189] 需求符合=True 接受=True 累計呼叫=155
  [OFF 32/189] 需求符合=False 接受=True 累計呼叫=32
  [CONFORM 32/189] 需求符合=False 接受=False 累計呼叫=55
  [OFF5 32/189] 需求符合=False 接受=True 累計呼叫=160
  [OFF 33/189] 需求符合=True 接受=True 累計呼叫=33
  [CONFORM 33/189] 需求符合=True 接受=True 累計呼叫=56
  [OFF5 33/189] 需求符合=True 接受=True 累計呼叫=165
  [OFF 34/189] 需求符合=True 接受=True 累計呼叫=34
  [CONFORM 34/189] 需求符合=True 接受=True 累計呼叫=57
  [OFF5 34/189] 需求符合=True 接受=True 累計呼叫=170
  [OFF 35/189] 需求符合=True 接受=True 累計呼叫=35
  [CONFORM 35/189] 需求符合=True 接受=True 累計呼叫=58
  [OFF5 35/189] 需求符合=True 接受=True 累計呼叫=175
  [OFF 36/189] 需求符合=True 接受=True 累計呼叫=36
  [CONFORM 36/189] 需求符合=False 接受=True 累計呼叫=59
  [OFF5 36/189] 需求符合=False 接受=True 累計呼叫=180
  [OFF 37/189] 需求符合=False 接受=True 累計呼叫=37
  [CONFORM 37/189] 需求符合=False 接受=True 累計呼叫=61
  [OFF5 37/189] 需求符合=True 接受=True 累計呼叫=185
  [OFF 38/189] 需求符合=False 接受=True 累計呼叫=38
  [CONFORM 38/189] 需求符合=True 接受=True 累計呼叫=62
  [OFF5 38/189] 需求符合=False 接受=True 累計呼叫=190
  [OFF 39/189] 需求符合=True 接受=True 累計呼叫=39
  [CONFORM 39/189] 需求符合=True 接受=True 累計呼叫=63
  [OFF5 39/189] 需求符合=True 接受=True 累計呼叫=195
  [OFF 40/189] 需求符合=True 接受=True 累計呼叫=40
  [CONFORM 40/189] 需求符合=True 接受=True 累計呼叫=64
  [OFF5 40/189] 需求符合=True 接受=True 累計呼叫=200
  [OFF 41/189] 需求符合=True 接受=True 累計呼叫=41
  [CONFORM 41/189] 需求符合=True 接受=True 累計呼叫=66
  [OFF5 41/189] 需求符合=True 接受=True 累計呼叫=205
  [OFF 42/189] 需求符合=True 接受=True 累計呼叫=42
  [CONFORM 42/189] 需求符合=True 接受=True 累計呼叫=67
  [OFF5 42/189] 需求符合=True 接受=True 累計呼叫=210
  [OFF 43/189] 需求符合=True 接受=True 累計呼叫=43
  [CONFORM 43/189] 需求符合=True 接受=True 累計呼叫=68
  [OFF5 43/189] 需求符合=True 接受=True 累計呼叫=215
  [OFF 44/189] 需求符合=True 接受=True 累計呼叫=44
  [CONFORM 44/189] 需求符合=True 接受=True 累計呼叫=69
  [OFF5 44/189] 需求符合=True 接受=True 累計呼叫=220
  [OFF 45/189] 需求符合=False 接受=True 累計呼叫=45
  [CONFORM 45/189] 需求符合=False 接受=False 累計呼叫=74
  [OFF5 45/189] 需求符合=False 接受=True 累計呼叫=225
  [OFF 46/189] 需求符合=True 接受=True 累計呼叫=46
  [CONFORM 46/189] 需求符合=True 接受=True 累計呼叫=75
  [OFF5 46/189] 需求符合=True 接受=True 累計呼叫=230
  [OFF 47/189] 需求符合=True 接受=True 累計呼叫=47
  [CONFORM 47/189] 需求符合=True 接受=True 累計呼叫=78
  [OFF5 47/189] 需求符合=True 接受=True 累計呼叫=235
  [OFF 48/189] 需求符合=False 接受=True 累計呼叫=48
  [CONFORM 48/189] 需求符合=False 接受=False 累計呼叫=83
  [OFF5 48/189] 需求符合=False 接受=True 累計呼叫=240
  [OFF 49/189] 需求符合=True 接受=True 累計呼叫=49
  [CONFORM 49/189] 需求符合=True 接受=True 累計呼叫=85
  [OFF5 49/189] 需求符合=True 接受=True 累計呼叫=245
  [OFF 50/189] 需求符合=True 接受=True 累計呼叫=50
  [CONFORM 50/189] 需求符合=True 接受=True 累計呼叫=86
  [OFF5 50/189] 需求符合=True 接受=True 累計呼叫=250
  [OFF 51/189] 需求符合=True 接受=True 累計呼叫=51
  [CONFORM 51/189] 需求符合=True 接受=True 累計呼叫=87
  [OFF5 51/189] 需求符合=True 接受=True 累計呼叫=255
  [OFF 52/189] 需求符合=True 接受=True 累計呼叫=52
  [CONFORM 52/189] 需求符合=False 接受=False 累計呼叫=92
  [OFF5 52/189] 需求符合=False 接受=True 累計呼叫=260
  [OFF 53/189] 需求符合=True 接受=True 累計呼叫=53
  [CONFORM 53/189] 需求符合=True 接受=True 累計呼叫=93
  [OFF5 53/189] 需求符合=True 接受=True 累計呼叫=265
  [OFF 54/189] 需求符合=True 接受=True 累計呼叫=54
  [CONFORM 54/189] 需求符合=True 接受=True 累計呼叫=94
  [OFF5 54/189] 需求符合=True 接受=True 累計呼叫=270
  [OFF 55/189] 需求符合=True 接受=True 累計呼叫=55
  [CONFORM 55/189] 需求符合=True 接受=True 累計呼叫=95
  [OFF5 55/189] 需求符合=True 接受=True 累計呼叫=275
  [OFF 56/189] 需求符合=False 接受=True 累計呼叫=56
  [CONFORM 56/189] 需求符合=False 接受=True 累計呼叫=97
  [OFF5 56/189] 需求符合=False 接受=True 累計呼叫=280
  [OFF 57/189] 需求符合=True 接受=True 累計呼叫=57
  [CONFORM 57/189] 需求符合=True 接受=True 累計呼叫=98
  [OFF5 57/189] 需求符合=True 接受=True 累計呼叫=285
  [OFF 58/189] 需求符合=False 接受=True 累計呼叫=58
  [CONFORM 58/189] 需求符合=True 接受=True 累計呼叫=99
  [OFF5 58/189] 需求符合=True 接受=True 累計呼叫=290
  [OFF 59/189] 需求符合=False 接受=True 累計呼叫=59
  [CONFORM 59/189] 需求符合=True 接受=True 累計呼叫=100
  [OFF5 59/189] 需求符合=False 接受=True 累計呼叫=295
  [OFF 60/189] 需求符合=True 接受=True 累計呼叫=60
  [CONFORM 60/189] 需求符合=True 接受=True 累計呼叫=101
  [OFF5 60/189] 需求符合=True 接受=True 累計呼叫=300
  [OFF 61/189] 需求符合=True 接受=True 累計呼叫=61
  [CONFORM 61/189] 需求符合=True 接受=True 累計呼叫=102
  [OFF5 61/189] 需求符合=True 接受=True 累計呼叫=305
  [OFF 62/189] 需求符合=False 接受=True 累計呼叫=62
  [CONFORM 62/189] 需求符合=True 接受=True 累計呼叫=103
  [OFF5 62/189] 需求符合=True 接受=True 累計呼叫=310
  [OFF 63/189] 需求符合=True 接受=True 累計呼叫=63
  [CONFORM 63/189] 需求符合=True 接受=True 累計呼叫=104
  [OFF5 63/189] 需求符合=True 接受=True 累計呼叫=315
  [OFF 64/189] 需求符合=True 接受=True 累計呼叫=64
  [CONFORM 64/189] 需求符合=True 接受=True 累計呼叫=105
  [OFF5 64/189] 需求符合=True 接受=True 累計呼叫=320
  [OFF 65/189] 需求符合=False 接受=True 累計呼叫=65
  [CONFORM 65/189] 需求符合=False 接受=True 累計呼叫=108
  [OFF5 65/189] 需求符合=False 接受=True 累計呼叫=325
  [OFF 66/189] 需求符合=True 接受=True 累計呼叫=66
  [CONFORM 66/189] 需求符合=False 接受=True 累計呼叫=109
  [OFF5 66/189] 需求符合=False 接受=True 累計呼叫=330
  [OFF 67/189] 需求符合=True 接受=True 累計呼叫=67
  [CONFORM 67/189] 需求符合=True 接受=True 累計呼叫=110
  [OFF5 67/189] 需求符合=True 接受=True 累計呼叫=335
  [OFF 68/189] 需求符合=True 接受=True 累計呼叫=68
  [CONFORM 68/189] 需求符合=True 接受=True 累計呼叫=111
  [OFF5 68/189] 需求符合=True 接受=True 累計呼叫=340
  [OFF 69/189] 需求符合=True 接受=True 累計呼叫=69
  [CONFORM 69/189] 需求符合=False 接受=True 累計呼叫=113
  [OFF5 69/189] 需求符合=False 接受=True 累計呼叫=345
  [OFF 70/189] 需求符合=False 接受=True 累計呼叫=70
  [CONFORM 70/189] 需求符合=True 接受=True 累計呼叫=114
  [OFF5 70/189] 需求符合=True 接受=True 累計呼叫=350
  [OFF 71/189] 需求符合=True 接受=True 累計呼叫=71
  [CONFORM 71/189] 需求符合=True 接受=True 累計呼叫=115
  [OFF5 71/189] 需求符合=True 接受=True 累計呼叫=355
  [OFF 72/189] 需求符合=False 接受=True 累計呼叫=72
  [CONFORM 72/189] 需求符合=False 接受=True 累計呼叫=118
  [OFF5 72/189] 需求符合=False 接受=True 累計呼叫=360
  [OFF 73/189] 需求符合=True 接受=True 累計呼叫=73
  [CONFORM 73/189] 需求符合=True 接受=True 累計呼叫=119
  [OFF5 73/189] 需求符合=True 接受=True 累計呼叫=365
  [OFF 74/189] 需求符合=False 接受=True 累計呼叫=74
  [CONFORM 74/189] 需求符合=True 接受=True 累計呼叫=121
  [OFF5 74/189] 需求符合=False 接受=True 累計呼叫=370
  [OFF 75/189] 需求符合=True 接受=True 累計呼叫=75
  [CONFORM 75/189] 需求符合=True 接受=True 累計呼叫=122
  [OFF5 75/189] 需求符合=True 接受=True 累計呼叫=375
  [OFF 76/189] 需求符合=True 接受=True 累計呼叫=76
  [CONFORM 76/189] 需求符合=True 接受=True 累計呼叫=123
  [OFF5 76/189] 需求符合=False 接受=True 累計呼叫=380
  [OFF 77/189] 需求符合=True 接受=True 累計呼叫=77
  [CONFORM 77/189] 需求符合=True 接受=True 累計呼叫=124
  [OFF5 77/189] 需求符合=True 接受=True 累計呼叫=385
  [OFF 78/189] 需求符合=True 接受=True 累計呼叫=78
  [CONFORM 78/189] 需求符合=True 接受=True 累計呼叫=126
  [OFF5 78/189] 需求符合=False 接受=True 累計呼叫=390
  [OFF 79/189] 需求符合=True 接受=True 累計呼叫=79
  [CONFORM 79/189] 需求符合=True 接受=True 累計呼叫=128
  [OFF5 79/189] 需求符合=True 接受=True 累計呼叫=395
  [OFF 80/189] 需求符合=True 接受=True 累計呼叫=80
  [CONFORM 80/189] 需求符合=True 接受=True 累計呼叫=129
  [OFF5 80/189] 需求符合=True 接受=True 累計呼叫=400
  [OFF 81/189] 需求符合=True 接受=True 累計呼叫=81
  [CONFORM 81/189] 需求符合=True 接受=True 累計呼叫=130
  [OFF5 81/189] 需求符合=True 接受=True 累計呼叫=405
  [OFF 82/189] 需求符合=True 接受=True 累計呼叫=82
  [CONFORM 82/189] 需求符合=True 接受=True 累計呼叫=131
  [OFF5 82/189] 需求符合=True 接受=True 累計呼叫=410
  [OFF 83/189] 需求符合=True 接受=True 累計呼叫=83
  [CONFORM 83/189] 需求符合=True 接受=True 累計呼叫=132
  [OFF5 83/189] 需求符合=True 接受=True 累計呼叫=415
  [OFF 84/189] 需求符合=False 接受=True 累計呼叫=84
  [CONFORM 84/189] 需求符合=True 接受=True 累計呼叫=135
  [OFF5 84/189] 需求符合=False 接受=True 累計呼叫=420
  [OFF 85/189] 需求符合=True 接受=True 累計呼叫=85
  [CONFORM 85/189] 需求符合=True 接受=True 累計呼叫=136
  [OFF5 85/189] 需求符合=True 接受=True 累計呼叫=425
  [OFF 86/189] 需求符合=True 接受=True 累計呼叫=86
  [CONFORM 86/189] 需求符合=True 接受=True 累計呼叫=137
  [OFF5 86/189] 需求符合=True 接受=True 累計呼叫=430
  [OFF 87/189] 需求符合=False 接受=True 累計呼叫=87
  [CONFORM 87/189] 需求符合=False 接受=False 累計呼叫=142
  [OFF5 87/189] 需求符合=False 接受=True 累計呼叫=435
  [OFF 88/189] 需求符合=True 接受=True 累計呼叫=88
  [CONFORM 88/189] 需求符合=True 接受=True 累計呼叫=143
  [OFF5 88/189] 需求符合=True 接受=True 累計呼叫=440
  [OFF 89/189] 需求符合=True 接受=True 累計呼叫=89
  [CONFORM 89/189] 需求符合=True 接受=True 累計呼叫=144
  [OFF5 89/189] 需求符合=True 接受=True 累計呼叫=445
  [OFF 90/189] 需求符合=True 接受=True 累計呼叫=90
  [CONFORM 90/189] 需求符合=True 接受=True 累計呼叫=145
  [OFF5 90/189] 需求符合=True 接受=True 累計呼叫=450
  [OFF 91/189] 需求符合=True 接受=True 累計呼叫=91
  [CONFORM 91/189] 需求符合=True 接受=True 累計呼叫=146
  [OFF5 91/189] 需求符合=True 接受=True 累計呼叫=455
  [OFF 92/189] 需求符合=True 接受=True 累計呼叫=92
  [CONFORM 92/189] 需求符合=True 接受=True 累計呼叫=147
  [OFF5 92/189] 需求符合=True 接受=True 累計呼叫=460
  [OFF 93/189] 需求符合=True 接受=True 累計呼叫=93
  [CONFORM 93/189] 需求符合=True 接受=True 累計呼叫=150
  [OFF5 93/189] 需求符合=True 接受=True 累計呼叫=465
  [OFF 94/189] 需求符合=False 接受=True 累計呼叫=94
  [CONFORM 94/189] 需求符合=True 接受=True 累計呼叫=151
  [OFF5 94/189] 需求符合=True 接受=True 累計呼叫=470
  [OFF 95/189] 需求符合=True 接受=True 累計呼叫=95
  [CONFORM 95/189] 需求符合=True 接受=True 累計呼叫=152
  [OFF5 95/189] 需求符合=True 接受=True 累計呼叫=475
  [OFF 96/189] 需求符合=True 接受=True 累計呼叫=96
  [CONFORM 96/189] 需求符合=True 接受=True 累計呼叫=157
  [OFF5 96/189] 需求符合=False 接受=True 累計呼叫=480
  [OFF 97/189] 需求符合=False 接受=True 累計呼叫=97
  [CONFORM 97/189] 需求符合=False 接受=True 累計呼叫=158
  [OFF5 97/189] 需求符合=True 接受=True 累計呼叫=485
  [OFF 98/189] 需求符合=True 接受=True 累計呼叫=98
  [CONFORM 98/189] 需求符合=True 接受=True 累計呼叫=159
  [OFF5 98/189] 需求符合=True 接受=True 累計呼叫=490
  [OFF 99/189] 需求符合=True 接受=True 累計呼叫=99
  [CONFORM 99/189] 需求符合=True 接受=True 累計呼叫=160
  [OFF5 99/189] 需求符合=True 接受=True 累計呼叫=495
  [OFF 100/189] 需求符合=True 接受=True 累計呼叫=100
  [CONFORM 100/189] 需求符合=True 接受=True 累計呼叫=161
  [OFF5 100/189] 需求符合=True 接受=True 累計呼叫=500
  [OFF 101/189] 需求符合=True 接受=True 累計呼叫=101
  [CONFORM 101/189] 需求符合=True 接受=True 累計呼叫=162
  [OFF5 101/189] 需求符合=True 接受=True 累計呼叫=505
  [OFF 102/189] 需求符合=False 接受=True 累計呼叫=102
  [CONFORM 102/189] 需求符合=True 接受=True 累計呼叫=163
  [OFF5 102/189] 需求符合=False 接受=True 累計呼叫=510
  [OFF 103/189] 需求符合=True 接受=True 累計呼叫=103
  [CONFORM 103/189] 需求符合=True 接受=True 累計呼叫=164
  [OFF5 103/189] 需求符合=True 接受=True 累計呼叫=515
  [OFF 104/189] 需求符合=True 接受=True 累計呼叫=104
  [CONFORM 104/189] 需求符合=True 接受=True 累計呼叫=165
  [OFF5 104/189] 需求符合=True 接受=True 累計呼叫=520
  [OFF 105/189] 需求符合=True 接受=True 累計呼叫=105
  [CONFORM 105/189] 需求符合=True 接受=True 累計呼叫=166
  [OFF5 105/189] 需求符合=True 接受=True 累計呼叫=525
  [OFF 106/189] 需求符合=True 接受=True 累計呼叫=106
  [CONFORM 106/189] 需求符合=True 接受=True 累計呼叫=167
  [OFF5 106/189] 需求符合=True 接受=True 累計呼叫=530
  [OFF 107/189] 需求符合=True 接受=True 累計呼叫=107
  [CONFORM 107/189] 需求符合=True 接受=True 累計呼叫=168
  [OFF5 107/189] 需求符合=True 接受=True 累計呼叫=535
  [OFF 108/189] 需求符合=True 接受=True 累計呼叫=108
  [CONFORM 108/189] 需求符合=True 接受=True 累計呼叫=170
  [OFF5 108/189] 需求符合=True 接受=True 累計呼叫=540
  [OFF 109/189] 需求符合=False 接受=True 累計呼叫=109
  [CONFORM 109/189] 需求符合=False 接受=True 累計呼叫=171
  [OFF5 109/189] 需求符合=False 接受=True 累計呼叫=545
  [OFF 110/189] 需求符合=False 接受=True 累計呼叫=110
  [CONFORM 110/189] 需求符合=False 接受=False 累計呼叫=176
  [OFF5 110/189] 需求符合=False 接受=True 累計呼叫=550
  [OFF 111/189] 需求符合=False 接受=True 累計呼叫=111
  [CONFORM 111/189] 需求符合=True 接受=True 累計呼叫=177
  [OFF5 111/189] 需求符合=False 接受=True 累計呼叫=555
  [OFF 112/189] 需求符合=True 接受=True 累計呼叫=112
  [CONFORM 112/189] 需求符合=True 接受=True 累計呼叫=178
  [OFF5 112/189] 需求符合=True 接受=True 累計呼叫=560
  [OFF 113/189] 需求符合=False 接受=True 累計呼叫=113
  [CONFORM 113/189] 需求符合=True 接受=True 累計呼叫=183
  [OFF5 113/189] 需求符合=True 接受=True 累計呼叫=565
  [OFF 114/189] 需求符合=True 接受=True 累計呼叫=114
  [CONFORM 114/189] 需求符合=True 接受=True 累計呼叫=184
  [OFF5 114/189] 需求符合=True 接受=True 累計呼叫=570
  [OFF 115/189] 需求符合=True 接受=True 累計呼叫=115
  [CONFORM 115/189] 需求符合=False 接受=True 累計呼叫=185
  [OFF5 115/189] 需求符合=True 接受=True 累計呼叫=575
  [OFF 116/189] 需求符合=False 接受=True 累計呼叫=116
  [CONFORM 116/189] 需求符合=True 接受=True 累計呼叫=186
  [OFF5 116/189] 需求符合=True 接受=True 累計呼叫=580
  [OFF 117/189] 需求符合=False 接受=True 累計呼叫=117
  [CONFORM 117/189] 需求符合=True 接受=True 累計呼叫=187
  [OFF5 117/189] 需求符合=False 接受=True 累計呼叫=585
  [OFF 118/189] 需求符合=False 接受=True 累計呼叫=118
  [CONFORM 118/189] 需求符合=True 接受=True 累計呼叫=188
  [OFF5 118/189] 需求符合=True 接受=True 累計呼叫=590
  [OFF 119/189] 需求符合=True 接受=True 累計呼叫=119
  [CONFORM 119/189] 需求符合=True 接受=True 累計呼叫=189
  [OFF5 119/189] 需求符合=True 接受=True 累計呼叫=595
  [OFF 120/189] 需求符合=False 接受=True 累計呼叫=120
  [CONFORM 120/189] 需求符合=False 接受=False 累計呼叫=194
  [OFF5 120/189] 需求符合=False 接受=True 累計呼叫=600
  [OFF 121/189] 需求符合=False 接受=True 累計呼叫=121
  [CONFORM 121/189] 需求符合=True 接受=True 累計呼叫=195
  [OFF5 121/189] 需求符合=True 接受=True 累計呼叫=605
  [OFF 122/189] 需求符合=False 接受=True 累計呼叫=122
  [CONFORM 122/189] 需求符合=False 接受=True 累計呼叫=196
  [OFF5 122/189] 需求符合=False 接受=True 累計呼叫=610
  [OFF 123/189] 需求符合=True 接受=True 累計呼叫=123
  [CONFORM 123/189] 需求符合=True 接受=True 累計呼叫=198
  [OFF5 123/189] 需求符合=True 接受=True 累計呼叫=615
  [OFF 124/189] 需求符合=True 接受=True 累計呼叫=124
  [CONFORM 124/189] 需求符合=True 接受=True 累計呼叫=199
  [OFF5 124/189] 需求符合=True 接受=True 累計呼叫=620
  [OFF 125/189] 需求符合=True 接受=True 累計呼叫=125
  [CONFORM 125/189] 需求符合=True 接受=True 累計呼叫=200
  [OFF5 125/189] 需求符合=True 接受=True 累計呼叫=625
  [OFF 126/189] 需求符合=False 接受=True 累計呼叫=126
  [CONFORM 126/189] 需求符合=True 接受=True 累計呼叫=201
  [OFF5 126/189] 需求符合=True 接受=True 累計呼叫=630
  [OFF 127/189] 需求符合=False 接受=True 累計呼叫=127
  [CONFORM 127/189] 需求符合=False 接受=True 累計呼叫=202
  [OFF5 127/189] 需求符合=False 接受=True 累計呼叫=635
  [OFF 128/189] 需求符合=True 接受=True 累計呼叫=128
  [CONFORM 128/189] 需求符合=True 接受=True 累計呼叫=203
  [OFF5 128/189] 需求符合=True 接受=True 累計呼叫=640
  [OFF 129/189] 需求符合=True 接受=True 累計呼叫=129
  [CONFORM 129/189] 需求符合=True 接受=True 累計呼叫=204
  [OFF5 129/189] 需求符合=False 接受=True 累計呼叫=645
  [OFF 130/189] 需求符合=True 接受=True 累計呼叫=130
  [CONFORM 130/189] 需求符合=True 接受=True 累計呼叫=205
  [OFF5 130/189] 需求符合=True 接受=True 累計呼叫=650
  [OFF 131/189] 需求符合=True 接受=True 累計呼叫=131
  [CONFORM 131/189] 需求符合=True 接受=True 累計呼叫=206
  [OFF5 131/189] 需求符合=True 接受=True 累計呼叫=655
  [OFF 132/189] 需求符合=True 接受=True 累計呼叫=132
  [CONFORM 132/189] 需求符合=True 接受=True 累計呼叫=207
  [OFF5 132/189] 需求符合=True 接受=True 累計呼叫=660
  [OFF 133/189] 需求符合=True 接受=True 累計呼叫=133
  [CONFORM 133/189] 需求符合=True 接受=True 累計呼叫=209
  [OFF5 133/189] 需求符合=True 接受=True 累計呼叫=665
  [OFF 134/189] 需求符合=True 接受=True 累計呼叫=134
  [CONFORM 134/189] 需求符合=True 接受=True 累計呼叫=210
  [OFF5 134/189] 需求符合=True 接受=True 累計呼叫=670
  [OFF 135/189] 需求符合=False 接受=True 累計呼叫=135
  [CONFORM 135/189] 需求符合=False 接受=True 累計呼叫=211
  [OFF5 135/189] 需求符合=False 接受=True 累計呼叫=675
  [OFF 136/189] 需求符合=True 接受=True 累計呼叫=136
  [CONFORM 136/189] 需求符合=True 接受=True 累計呼叫=212
  [OFF5 136/189] 需求符合=True 接受=True 累計呼叫=680
  [OFF 137/189] 需求符合=True 接受=True 累計呼叫=137
  [CONFORM 137/189] 需求符合=True 接受=True 累計呼叫=213
  [OFF5 137/189] 需求符合=True 接受=True 累計呼叫=685
  [OFF 138/189] 需求符合=True 接受=True 累計呼叫=138
  [CONFORM 138/189] 需求符合=True 接受=True 累計呼叫=214
  [OFF5 138/189] 需求符合=True 接受=True 累計呼叫=690
  [OFF 139/189] 需求符合=True 接受=True 累計呼叫=139
  [CONFORM 139/189] 需求符合=True 接受=True 累計呼叫=215
  [OFF5 139/189] 需求符合=True 接受=True 累計呼叫=695
  [OFF 140/189] 需求符合=True 接受=True 累計呼叫=140
  [CONFORM 140/189] 需求符合=True 接受=True 累計呼叫=216
  [OFF5 140/189] 需求符合=True 接受=True 累計呼叫=700
  [OFF 141/189] 需求符合=True 接受=True 累計呼叫=141
  [CONFORM 141/189] 需求符合=True 接受=True 累計呼叫=217
  [OFF5 141/189] 需求符合=True 接受=True 累計呼叫=705
  [OFF 142/189] 需求符合=True 接受=True 累計呼叫=142
  [CONFORM 142/189] 需求符合=False 接受=False 累計呼叫=222
  [OFF5 142/189] 需求符合=True 接受=True 累計呼叫=710
  [OFF 143/189] 需求符合=True 接受=True 累計呼叫=143
  [CONFORM 143/189] 需求符合=True 接受=True 累計呼叫=223
  [OFF5 143/189] 需求符合=True 接受=True 累計呼叫=715
  [OFF 144/189] 需求符合=False 接受=True 累計呼叫=144
  [CONFORM 144/189] 需求符合=True 接受=True 累計呼叫=224
  [OFF5 144/189] 需求符合=True 接受=True 累計呼叫=720
  [OFF 145/189] 需求符合=True 接受=True 累計呼叫=145
  [CONFORM 145/189] 需求符合=True 接受=True 累計呼叫=225
  [OFF5 145/189] 需求符合=True 接受=True 累計呼叫=725
  [OFF 146/189] 需求符合=True 接受=True 累計呼叫=146
  [CONFORM 146/189] 需求符合=True 接受=True 累計呼叫=226
  [OFF5 146/189] 需求符合=True 接受=True 累計呼叫=730
  [OFF 147/189] 需求符合=True 接受=True 累計呼叫=147
  [CONFORM 147/189] 需求符合=True 接受=True 累計呼叫=227
  [OFF5 147/189] 需求符合=True 接受=True 累計呼叫=735
  [OFF 148/189] 需求符合=True 接受=True 累計呼叫=148
  [CONFORM 148/189] 需求符合=True 接受=True 累計呼叫=228
  [OFF5 148/189] 需求符合=True 接受=True 累計呼叫=740
  [OFF 149/189] 需求符合=False 接受=True 累計呼叫=149
  [CONFORM 149/189] 需求符合=True 接受=True 累計呼叫=230
  [OFF5 149/189] 需求符合=True 接受=True 累計呼叫=745
  [OFF 150/189] 需求符合=True 接受=True 累計呼叫=150
  [CONFORM 150/189] 需求符合=True 接受=True 累計呼叫=231
  [OFF5 150/189] 需求符合=False 接受=True 累計呼叫=750
  [OFF 151/189] 需求符合=True 接受=True 累計呼叫=151
  [CONFORM 151/189] 需求符合=True 接受=True 累計呼叫=232
  [OFF5 151/189] 需求符合=True 接受=True 累計呼叫=755
  [OFF 152/189] 需求符合=True 接受=True 累計呼叫=152
  [CONFORM 152/189] 需求符合=True 接受=True 累計呼叫=233
  [OFF5 152/189] 需求符合=True 接受=True 累計呼叫=760
  [OFF 153/189] 需求符合=True 接受=True 累計呼叫=153
  [CONFORM 153/189] 需求符合=True 接受=True 累計呼叫=234
  [OFF5 153/189] 需求符合=True 接受=True 累計呼叫=765
  [OFF 154/189] 需求符合=True 接受=True 累計呼叫=154
  [CONFORM 154/189] 需求符合=True 接受=True 累計呼叫=235
  [OFF5 154/189] 需求符合=True 接受=True 累計呼叫=770
  [OFF 155/189] 需求符合=True 接受=True 累計呼叫=155
  [CONFORM 155/189] 需求符合=True 接受=True 累計呼叫=238
  [OFF5 155/189] 需求符合=True 接受=True 累計呼叫=775
  [OFF 156/189] 需求符合=False 接受=True 累計呼叫=156
  [CONFORM 156/189] 需求符合=False 接受=False 累計呼叫=243
  [OFF5 156/189] 需求符合=False 接受=True 累計呼叫=780
  [OFF 157/189] 需求符合=True 接受=True 累計呼叫=157
  [CONFORM 157/189] 需求符合=True 接受=True 累計呼叫=244
  [OFF5 157/189] 需求符合=True 接受=True 累計呼叫=785
  [OFF 158/189] 需求符合=False 接受=True 累計呼叫=158
  [CONFORM 158/189] 需求符合=False 接受=True 累計呼叫=245
  [OFF5 158/189] 需求符合=False 接受=True 累計呼叫=790
  [OFF 159/189] 需求符合=True 接受=True 累計呼叫=159
  [CONFORM 159/189] 需求符合=True 接受=True 累計呼叫=246
  [OFF5 159/189] 需求符合=True 接受=True 累計呼叫=795
  [OFF 160/189] 需求符合=True 接受=True 累計呼叫=160
  [CONFORM 160/189] 需求符合=True 接受=True 累計呼叫=247
  [OFF5 160/189] 需求符合=True 接受=True 累計呼叫=800
  [OFF 161/189] 需求符合=True 接受=True 累計呼叫=161
  [CONFORM 161/189] 需求符合=True 接受=True 累計呼叫=248
  [OFF5 161/189] 需求符合=True 接受=True 累計呼叫=805
  [OFF 162/189] 需求符合=True 接受=True 累計呼叫=162
  [CONFORM 162/189] 需求符合=True 接受=True 累計呼叫=249
  [OFF5 162/189] 需求符合=True 接受=True 累計呼叫=810
  [OFF 163/189] 需求符合=True 接受=True 累計呼叫=163
  [CONFORM 163/189] 需求符合=True 接受=True 累計呼叫=250
  [OFF5 163/189] 需求符合=True 接受=True 累計呼叫=815
  [OFF 164/189] 需求符合=True 接受=True 累計呼叫=164
  [CONFORM 164/189] 需求符合=True 接受=True 累計呼叫=251
  [OFF5 164/189] 需求符合=True 接受=True 累計呼叫=820
  [OFF 165/189] 需求符合=True 接受=True 累計呼叫=165
  [CONFORM 165/189] 需求符合=False 接受=True 累計呼叫=252
  [OFF5 165/189] 需求符合=True 接受=True 累計呼叫=825
  [OFF 166/189] 需求符合=False 接受=True 累計呼叫=166
  [CONFORM 166/189] 需求符合=False 接受=True 累計呼叫=254
  [OFF5 166/189] 需求符合=False 接受=True 累計呼叫=830
  [OFF 167/189] 需求符合=True 接受=True 累計呼叫=167
  [CONFORM 167/189] 需求符合=True 接受=True 累計呼叫=255
  [OFF5 167/189] 需求符合=True 接受=True 累計呼叫=835
  [OFF 168/189] 需求符合=True 接受=True 累計呼叫=168
  [CONFORM 168/189] 需求符合=True 接受=True 累計呼叫=256
  [OFF5 168/189] 需求符合=True 接受=True 累計呼叫=840
  [OFF 169/189] 需求符合=False 接受=True 累計呼叫=169
  [CONFORM 169/189] 需求符合=False 接受=False 累計呼叫=261
  [OFF5 169/189] 需求符合=True 接受=True 累計呼叫=845
  [OFF 170/189] 需求符合=True 接受=True 累計呼叫=170
  [CONFORM 170/189] 需求符合=True 接受=True 累計呼叫=262
  [OFF5 170/189] 需求符合=True 接受=True 累計呼叫=850
  [OFF 171/189] 需求符合=False 接受=True 累計呼叫=171
  [CONFORM 171/189] 需求符合=False 接受=True 累計呼叫=264
  [OFF5 171/189] 需求符合=False 接受=True 累計呼叫=855
  [OFF 172/189] 需求符合=True 接受=True 累計呼叫=172
  [CONFORM 172/189] 需求符合=True 接受=True 累計呼叫=265
  [OFF5 172/189] 需求符合=True 接受=True 累計呼叫=860
  [OFF 173/189] 需求符合=True 接受=True 累計呼叫=173
  [CONFORM 173/189] 需求符合=True 接受=True 累計呼叫=267
  [OFF5 173/189] 需求符合=True 接受=True 累計呼叫=865
  [OFF 174/189] 需求符合=False 接受=True 累計呼叫=174
  [CONFORM 174/189] 需求符合=True 接受=True 累計呼叫=271
  [OFF5 174/189] 需求符合=True 接受=True 累計呼叫=870
  [OFF 175/189] 需求符合=True 接受=True 累計呼叫=175
  [CONFORM 175/189] 需求符合=True 接受=True 累計呼叫=272
  [OFF5 175/189] 需求符合=True 接受=True 累計呼叫=875
  [OFF 176/189] 需求符合=True 接受=True 累計呼叫=176
  [CONFORM 176/189] 需求符合=True 接受=True 累計呼叫=273
  [OFF5 176/189] 需求符合=True 接受=True 累計呼叫=880
  [OFF 177/189] 需求符合=True 接受=True 累計呼叫=177
  [CONFORM 177/189] 需求符合=False 接受=False 累計呼叫=278
  [OFF5 177/189] 需求符合=False 接受=True 累計呼叫=885
  [OFF 178/189] 需求符合=True 接受=True 累計呼叫=178
  [CONFORM 178/189] 需求符合=True 接受=True 累計呼叫=279
  [OFF5 178/189] 需求符合=True 接受=True 累計呼叫=890
  [OFF 179/189] 需求符合=True 接受=True 累計呼叫=179
  [CONFORM 179/189] 需求符合=True 接受=True 累計呼叫=280
  [OFF5 179/189] 需求符合=True 接受=True 累計呼叫=895
  [OFF 180/189] 需求符合=False 接受=True 累計呼叫=180
  [CONFORM 180/189] 需求符合=False 接受=True 累計呼叫=281
  [OFF5 180/189] 需求符合=False 接受=True 累計呼叫=900
  [OFF 181/189] 需求符合=True 接受=True 累計呼叫=181
  [CONFORM 181/189] 需求符合=True 接受=True 累計呼叫=282
  [OFF5 181/189] 需求符合=True 接受=True 累計呼叫=905
  [OFF 182/189] 需求符合=True 接受=True 累計呼叫=182
  [CONFORM 182/189] 需求符合=True 接受=True 累計呼叫=283
  [OFF5 182/189] 需求符合=True 接受=True 累計呼叫=910
  [OFF 183/189] 需求符合=True 接受=True 累計呼叫=183
  [CONFORM 183/189] 需求符合=True 接受=True 累計呼叫=284
  [OFF5 183/189] 需求符合=True 接受=True 累計呼叫=915
  [OFF 184/189] 需求符合=True 接受=True 累計呼叫=184
  [CONFORM 184/189] 需求符合=True 接受=True 累計呼叫=285
  [OFF5 184/189] 需求符合=True 接受=True 累計呼叫=920
  [OFF 185/189] 需求符合=False 接受=True 累計呼叫=185
  [CONFORM 185/189] 需求符合=True 接受=True 累計呼叫=288
  [OFF5 185/189] 需求符合=True 接受=True 累計呼叫=925
  [OFF 186/189] 需求符合=True 接受=True 累計呼叫=186
  [CONFORM 186/189] 需求符合=True 接受=True 累計呼叫=289
  [OFF5 186/189] 需求符合=True 接受=True 累計呼叫=930
  [OFF 187/189] 需求符合=False 接受=True 累計呼叫=187
  [CONFORM 187/189] 需求符合=True 接受=True 累計呼叫=290
  [OFF5 187/189] 需求符合=True 接受=True 累計呼叫=935
  [OFF 188/189] 需求符合=True 接受=True 累計呼叫=188
  [CONFORM 188/189] 需求符合=True 接受=True 累計呼叫=292
  [OFF5 188/189] 需求符合=True 接受=True 累計呼叫=940
  [OFF 189/189] 需求符合=True 接受=True 累計呼叫=189
  [CONFORM 189/189] 需求符合=True 接受=True 累計呼叫=293
  [OFF5 189/189] 需求符合=True 接受=True 累計呼叫=945
── OFF: {"tasks": 189, "calls": 189, "infra_void": 0, "complete": true, "terminal": true, "processed": 189, "accepted": 189, "accepted_and_meets_demand": 137, "demand_equals_output_rate": 0.7248677248677249, "coverage": 1.0, "correct_delivery_rate": 0.7248677248677249, "raw_final_accuracy": 0.7248677248677249, "calls_per_task": 1.0, "calls_per_correct_delivery": 1.3795620437956204, "leaked": 52, "reviewer_accuracy": null, "raw_reviewer_accuracy": null, "reviewer_votes": 0, "review_fail_claims": 0, "machine_confirmed_counterexamples": 0, "confirmed_counterexample_precision_against_hidden_truth": null, "revision_transitions": null, "eq5_gate_delivery_rate": null, "eq5_vote_delivery_rate": null, "eq5_same_choice_rate": null, "eq5_same_choice_effective_rate": null, "endpoint_latency_ms": {"all": {"n": 189, "p50": 23000, "p95": 134168, "max": 400263}, "by_role": {"gen": {"n": 189, "p50": 23000, "p95": 134168, "max": 400263}}, "failed_attempts": 2}, "wall_s": 8527.0, "cost_usd": 0.0, "market_cost_usd": 0.0, "market_cost_per_correct_delivery": 0.0}
── CONFORM: {"tasks": 189, "calls": 293, "infra_void": 0, "complete": true, "terminal": true, "processed": 189, "accepted": 174, "accepted_and_meets_demand": 152, "demand_equals_output_rate": 0.8735632183908046, "coverage": 0.9206349206349206, "correct_delivery_rate": 0.8042328042328042, "raw_final_accuracy": 0.8042328042328042, "calls_per_task": 1.5502645502645502, "calls_per_correct_delivery": 1.9276315789473684, "leaked": 22, "reviewer_accuracy": null, "raw_reviewer_accuracy": null, "reviewer_votes": 0, "review_fail_claims": 0, "machine_confirmed_counterexamples": 0, "confirmed_counterexample_precision_against_hidden_truth": null, "revision_transitions": null, "eq5_gate_delivery_rate": null, "eq5_vote_delivery_rate": null, "eq5_same_choice_rate": null, "eq5_same_choice_effective_rate": null, "endpoint_latency_ms": {"all": {"n": 293, "p50": 26605, "p95": 149110, "max": 410553}, "by_role": {"gen": {"n": 293, "p50": 26605, "p95": 149110, "max": 410553}}, "failed_attempts": 10}, "wall_s": 18214.7, "cost_usd": 0.0, "market_cost_usd": 0.0, "market_cost_per_correct_delivery": 0.0}
── OFF5: {"tasks": 189, "calls": 945, "infra_void": 0, "complete": true, "terminal": true, "processed": 189, "accepted": 189, "accepted_and_meets_demand": 149, "demand_equals_output_rate": 0.7883597883597884, "coverage": 1.0, "correct_delivery_rate": 0.7883597883597884, "raw_final_accuracy": 0.7883597883597884, "calls_per_task": 5.0, "calls_per_correct_delivery": 6.342281879194631, "leaked": 40, "reviewer_accuracy": null, "raw_reviewer_accuracy": null, "reviewer_votes": 0, "review_fail_claims": 0, "machine_confirmed_counterexamples": 0, "confirmed_counterexample_precision_against_hidden_truth": null, "revision_transitions": null, "eq5_gate_delivery_rate": null, "eq5_vote_delivery_rate": null, "eq5_same_choice_rate": null, "eq5_same_choice_effective_rate": null, "endpoint_latency_ms": {"all": {"n": 945, "p50": 21547, "p95": 110471, "max": 533933}, "by_role": {"gen": {"n": 945, "p50": 21547, "p95": 110471, "max": 533933}}, "failed_attempts": 16}, "wall_s": 38432.5, "cost_usd": 0.0, "market_cost_usd": 0.0, "market_cost_per_correct_delivery": 0.0}

寫出 runs/g_r461_lcb3_three_arm/summary.json
⚠ 這是待驗證的宣稱不是結果——OFF5 沒跑贏之前不能說機制有效。
