預註冊閘門通過：DECISION_20260911_R460R_FIVE_REPLICATIONS_PREREG.md 授權 g_r460r2_harness_lcb2_a1
20 題（lcb2　offset=0　題序 [0, 20)）　輸出 runs/g_r460r2_harness_lcb2_a1
── 量具驗證（先答已知答案）
   範圍＝bank：對 lcb2 全 120 題裡有參考解的驗，本塊 20 題另外算出貨閘門覆蓋
   參考解通過 12/12　壞解被擋 12/12
   可見閘門（CONFORM 決策量具）參考解通過 12/12　樁被擋 12/12　覆蓋 12/12
   本塊出貨閘門覆蓋 20/20
── 模型池：6 個 agent／1 個模型家族
── 模型池預檢（每個 model 問一句，零容忍）
   gemma-4-12b-it-qat　回 2 字　✓
  [OFF 1/20] 需求符合=False 接受=True 累計呼叫=1
  [CONFORM 1/20] 需求符合=True 接受=True 累計呼叫=5
  [OFF5 1/20] 需求符合=False 接受=True 累計呼叫=5
  [HPI 1/20] 需求符合=True 接受=True 累計呼叫=3
  [HOC 1/20] 需求符合=True 接受=True 累計呼叫=5
  [HMIX 1/20] 需求符合=False 接受=False 累計呼叫=3
  [OFF 2/20] 需求符合=False 接受=True 累計呼叫=2
  [CONFORM 2/20] 需求符合=True 接受=True 累計呼叫=8
  [OFF5 2/20] 需求符合=False 接受=True 累計呼叫=10
  [HPI 2/20] 需求符合=False 接受=False 累計呼叫=5
  [HOC 2/20] 需求符合=False 接受=True 累計呼叫=8
  [HMIX 2/20] 需求符合=True 接受=True 累計呼叫=6
  [OFF 3/20] 需求符合=False 接受=True 累計呼叫=3
  [CONFORM 3/20] 需求符合=True 接受=True 累計呼叫=9
  [OFF5 3/20] 需求符合=False 接受=True 累計呼叫=15
  [HPI 3/20] 需求符合=True 接受=True 累計呼叫=6
  [HOC 3/20] 需求符合=False 接受=True 累計呼叫=12
  [HMIX 3/20] 需求符合=True 接受=True 累計呼叫=7
  [OFF 4/20] 需求符合=False 接受=True 累計呼叫=4
  [CONFORM 4/20] 需求符合=True 接受=True 累計呼叫=10
  [OFF5 4/20] 需求符合=True 接受=True 累計呼叫=20
  [HPI 4/20] 需求符合=True 接受=True 累計呼叫=7
  [HOC 4/20] 需求符合=True 接受=True 累計呼叫=14
  [HMIX 4/20] 需求符合=True 接受=True 累計呼叫=12
  [OFF 5/20] 需求符合=True 接受=True 累計呼叫=5
  [CONFORM 5/20] 需求符合=True 接受=True 累計呼叫=11
  [OFF5 5/20] 需求符合=True 接受=True 累計呼叫=25
  [HPI 5/20] 需求符合=True 接受=True 累計呼叫=8
  [HOC 5/20] 需求符合=True 接受=True 累計呼叫=16
  [HMIX 5/20] 需求符合=False 接受=False 累計呼叫=15
  [OFF 6/20] 需求符合=False 接受=True 累計呼叫=6
  [CONFORM 6/20] 需求符合=True 接受=True 累計呼叫=13
  [OFF5 6/20] 需求符合=False 接受=True 累計呼叫=30
  [HPI 6/20] 需求符合=True 接受=True 累計呼叫=9
  [HOC 6/20] 需求符合=True 接受=True 累計呼叫=18
  [HMIX 6/20] 需求符合=True 接受=True 累計呼叫=19
  [OFF 7/20] 需求符合=True 接受=True 累計呼叫=7
  [CONFORM 7/20] 需求符合=True 接受=True 累計呼叫=14
  [OFF5 7/20] 需求符合=True 接受=True 累計呼叫=35
  [HPI 7/20] 需求符合=True 接受=True 累計呼叫=10
  [HOC 7/20] 需求符合=True 接受=True 累計呼叫=20
  [HMIX 7/20] 需求符合=True 接受=True 累計呼叫=20
  [OFF 8/20] 需求符合=True 接受=True 累計呼叫=8
  [CONFORM 8/20] 需求符合=True 接受=True 累計呼叫=15
  [OFF5 8/20] 需求符合=False 接受=True 累計呼叫=40
  [HPI 8/20] 需求符合=False 接受=True 累計呼叫=11
  [HOC 8/20] 需求符合=True 接受=True 累計呼叫=22
  [HMIX 8/20] 需求符合=False 接受=True 累計呼叫=21
  [OFF 9/20] 需求符合=False 接受=True 累計呼叫=9
  [CONFORM 9/20] 需求符合=False 接受=True 累計呼叫=16
  [OFF5 9/20] 需求符合=False 接受=True 累計呼叫=45
  [HPI 9/20] 需求符合=False 接受=True 累計呼叫=12
  [HOC 9/20] 需求符合=False 接受=True 累計呼叫=24
  [HMIX 9/20] 需求符合=False 接受=True 累計呼叫=22
  [OFF 10/20] 需求符合=False 接受=True 累計呼叫=10
  [CONFORM 10/20] 需求符合=True 接受=True 累計呼叫=17
  [OFF5 10/20] 需求符合=False 接受=True 累計呼叫=50
  [HPI 10/20] 需求符合=True 接受=True 累計呼叫=13
  [HOC 10/20] 需求符合=True 接受=True 累計呼叫=26
  [HMIX 10/20] 需求符合=True 接受=True 累計呼叫=23
  [OFF 11/20] 需求符合=False 接受=True 累計呼叫=11
  [CONFORM 11/20] 需求符合=True 接受=True 累計呼叫=18
  [OFF5 11/20] 需求符合=True 接受=True 累計呼叫=55
  [HPI 11/20] 需求符合=True 接受=True 累計呼叫=14
  [HOC 11/20] 需求符合=True 接受=True 累計呼叫=29
  [HMIX 11/20] 需求符合=True 接受=True 累計呼叫=26
  [OFF 12/20] 需求符合=True 接受=True 累計呼叫=12
  [CONFORM 12/20] 需求符合=True 接受=True 累計呼叫=19
  [OFF5 12/20] 需求符合=False 接受=True 累計呼叫=60
  [HPI 12/20] 需求符合=True 接受=True 累計呼叫=15
  [HOC 12/20] 需求符合=True 接受=True 累計呼叫=31
  [HMIX 12/20] 需求符合=True 接受=True 累計呼叫=27
  [OFF 13/20] 需求符合=True 接受=True 累計呼叫=13
  [CONFORM 13/20] 需求符合=True 接受=True 累計呼叫=20
  [OFF5 13/20] 需求符合=True 接受=True 累計呼叫=65
  [HPI 13/20] 需求符合=True 接受=True 累計呼叫=16
  [HOC 13/20] 需求符合=True 接受=True 累計呼叫=33
  [HMIX 13/20] 需求符合=True 接受=True 累計呼叫=28
  [OFF 14/20] 需求符合=True 接受=True 累計呼叫=14
  [CONFORM 14/20] 需求符合=False 接受=True 累計呼叫=21
  [OFF5 14/20] 需求符合=True 接受=True 累計呼叫=70
  [HPI 14/20] 需求符合=True 接受=True 累計呼叫=17
  [HOC 14/20] 需求符合=True 接受=True 累計呼叫=35
  [HMIX 14/20] 需求符合=True 接受=True 累計呼叫=29
  [OFF 15/20] 需求符合=False 接受=True 累計呼叫=15
  [CONFORM 15/20] 需求符合=False 接受=True 累計呼叫=22
  [OFF5 15/20] 需求符合=False 接受=True 累計呼叫=75
  [HPI 15/20] 需求符合=False 接受=True 累計呼叫=18
  [HOC 15/20] 需求符合=False 接受=False 累計呼叫=39
  [HMIX 15/20] 需求符合=True 接受=True 累計呼叫=30
  [OFF 16/20] 需求符合=False 接受=True 累計呼叫=16
  [CONFORM 16/20] 需求符合=False 接受=True 累計呼叫=23
  [OFF5 16/20] 需求符合=True 接受=True 累計呼叫=80
  [HPI 16/20] 需求符合=True 接受=True 累計呼叫=19
  [HOC 16/20] 需求符合=False 接受=True 累計呼叫=41
<harness_block>:2: SyntaxWarning: invalid escape sequence '\g'
<unknown>:2: SyntaxWarning: invalid escape sequence '\g'
<unknown>:2: SyntaxWarning: invalid escape sequence '\g'
  [HMIX 16/20] 需求符合=False 接受=True 累計呼叫=32
  [OFF 17/20] 需求符合=True 接受=True 累計呼叫=17
  [CONFORM 17/20] 需求符合=True 接受=True 累計呼叫=24
  [OFF5 17/20] 需求符合=True 接受=True 累計呼叫=85
  [HPI 17/20] 需求符合=True 接受=True 累計呼叫=20
  [HOC 17/20] 需求符合=True 接受=True 累計呼叫=43
  [HMIX 17/20] 需求符合=True 接受=True 累計呼叫=33
  [OFF 18/20] 需求符合=True 接受=True 累計呼叫=18
  [CONFORM 18/20] 需求符合=True 接受=True 累計呼叫=25
  [OFF5 18/20] 需求符合=True 接受=True 累計呼叫=90
  [HPI 18/20] 需求符合=True 接受=True 累計呼叫=21
  [HOC 18/20] 需求符合=True 接受=True 累計呼叫=45
  [HMIX 18/20] 需求符合=True 接受=True 累計呼叫=34
  [OFF 19/20] 需求符合=True 接受=True 累計呼叫=19
  [CONFORM 19/20] 需求符合=True 接受=True 累計呼叫=28
  [OFF5 19/20] 需求符合=True 接受=True 累計呼叫=95
  [HPI 19/20] 需求符合=False 接受=False 累計呼叫=26
  [HOC 19/20] 需求符合=True 接受=True 累計呼叫=47
  [HMIX 19/20] 需求符合=True 接受=True 累計呼叫=35
  [OFF 20/20] 需求符合=True 接受=True 累計呼叫=20
  [CONFORM 20/20] 需求符合=True 接受=True 累計呼叫=31
  [OFF5 20/20] 需求符合=True 接受=True 累計呼叫=100
  [HPI 20/20] 需求符合=True 接受=True 累計呼叫=27
  [HOC 20/20] 需求符合=True 接受=True 累計呼叫=50
<harness_block>:4: SyntaxWarning: invalid escape sequence '\i'
<unknown>:4: SyntaxWarning: invalid escape sequence '\i'
<unknown>:4: SyntaxWarning: invalid escape sequence '\i'
<unknown>:4: SyntaxWarning: invalid escape sequence '\i'
  [HMIX 20/20] 需求符合=True 接受=True 累計呼叫=36
── OFF: {"tasks": 20, "calls": 20, "infra_void": 0, "complete": true, "terminal": true, "processed": 20, "accepted": 20, "accepted_and_meets_demand": 10, "demand_equals_output_rate": 0.5, "coverage": 1.0, "correct_delivery_rate": 0.5, "raw_final_accuracy": 0.5, "calls_per_task": 1.0, "calls_per_correct_delivery": 2.0, "leaked": 10, "reviewer_accuracy": null, "raw_reviewer_accuracy": null, "reviewer_votes": 0, "review_fail_claims": 0, "machine_confirmed_counterexamples": 0, "confirmed_counterexample_precision_against_hidden_truth": null, "revision_transitions": null, "eq5_gate_delivery_rate": null, "eq5_vote_delivery_rate": null, "eq5_same_choice_rate": null, "eq5_same_choice_effective_rate": null, "endpoint_latency_ms": {"all": {"n": 20, "p50": 36615, "p95": 100237, "max": 109087}, "by_role": {"gen": {"n": 20, "p50": 36615, "p95": 100237, "max": 109087}}, "failed_attempts": 0}, "wall_s": 844.5, "cost_usd": 0.0, "market_cost_usd": 0.0, "market_cost_per_correct_delivery": 0.0}
── CONFORM: {"tasks": 20, "calls": 31, "infra_void": 0, "complete": true, "terminal": true, "processed": 20, "accepted": 20, "accepted_and_meets_demand": 16, "demand_equals_output_rate": 0.8, "coverage": 1.0, "correct_delivery_rate": 0.8, "raw_final_accuracy": 0.8, "calls_per_task": 1.55, "calls_per_correct_delivery": 1.9375, "leaked": 4, "reviewer_accuracy": null, "raw_reviewer_accuracy": null, "reviewer_votes": 0, "review_fail_claims": 0, "machine_confirmed_counterexamples": 0, "confirmed_counterexample_precision_against_hidden_truth": null, "revision_transitions": null, "eq5_gate_delivery_rate": null, "eq5_vote_delivery_rate": null, "eq5_same_choice_rate": null, "eq5_same_choice_effective_rate": null, "endpoint_latency_ms": {"all": {"n": 31, "p50": 52791, "p95": 256028, "max": 284035}, "by_role": {"gen": {"n": 31, "p50": 52791, "p95": 256028, "max": 284035}}, "failed_attempts": 0}, "wall_s": 2483.5, "cost_usd": 0.0, "market_cost_usd": 0.0, "market_cost_per_correct_delivery": 0.0}
── OFF5: {"tasks": 20, "calls": 100, "infra_void": 0, "complete": true, "terminal": true, "processed": 20, "accepted": 20, "accepted_and_meets_demand": 11, "demand_equals_output_rate": 0.55, "coverage": 1.0, "correct_delivery_rate": 0.55, "raw_final_accuracy": 0.55, "calls_per_task": 5.0, "calls_per_correct_delivery": 9.090909090909092, "leaked": 9, "reviewer_accuracy": null, "raw_reviewer_accuracy": null, "reviewer_votes": 0, "review_fail_claims": 0, "machine_confirmed_counterexamples": 0, "confirmed_counterexample_precision_against_hidden_truth": null, "revision_transitions": null, "eq5_gate_delivery_rate": null, "eq5_vote_delivery_rate": null, "eq5_same_choice_rate": null, "eq5_same_choice_effective_rate": null, "endpoint_latency_ms": {"all": {"n": 100, "p50": 42495, "p95": 191039, "max": 394964}, "by_role": {"gen": {"n": 100, "p50": 42495, "p95": 191039, "max": 394964}}, "failed_attempts": 0}, "wall_s": 6575.5, "cost_usd": 0.0, "market_cost_usd": 0.0, "market_cost_per_correct_delivery": 0.0}
── HPI: {"tasks": 20, "calls": 27, "infra_void": 0, "complete": true, "terminal": true, "processed": 20, "accepted": 18, "accepted_and_meets_demand": 15, "demand_equals_output_rate": 0.8333333333333334, "coverage": 0.9, "correct_delivery_rate": 0.75, "raw_final_accuracy": 0.75, "calls_per_task": 1.35, "calls_per_correct_delivery": 1.8, "leaked": 3, "reviewer_accuracy": null, "raw_reviewer_accuracy": null, "reviewer_votes": 0, "review_fail_claims": 0, "machine_confirmed_counterexamples": 0, "confirmed_counterexample_precision_against_hidden_truth": null, "revision_transitions": null, "eq5_gate_delivery_rate": null, "eq5_vote_delivery_rate": null, "eq5_same_choice_rate": null, "eq5_same_choice_effective_rate": null, "endpoint_latency_ms": {"all": {"n": 28, "p50": 34218, "p95": 516096, "max": 536106}, "by_role": {"gen": {"n": 27, "p50": 36659, "p95": 516096, "max": 536106}, "wire_probe": {"n": 1, "p50": 3878, "p95": 3878, "max": 3878}}, "failed_attempts": 1}, "wall_s": 3441.9, "cost_usd": 0.0, "market_cost_usd": 0.0, "market_cost_per_correct_delivery": 0.0}
── HOC: {"tasks": 20, "calls": 50, "infra_void": 0, "complete": true, "terminal": true, "processed": 20, "accepted": 19, "accepted_and_meets_demand": 15, "demand_equals_output_rate": 0.7894736842105263, "coverage": 0.95, "correct_delivery_rate": 0.75, "raw_final_accuracy": 0.75, "calls_per_task": 2.5, "calls_per_correct_delivery": 3.3333333333333335, "leaked": 4, "reviewer_accuracy": null, "raw_reviewer_accuracy": null, "reviewer_votes": 0, "review_fail_claims": 0, "machine_confirmed_counterexamples": 0, "confirmed_counterexample_precision_against_hidden_truth": null, "revision_transitions": null, "eq5_gate_delivery_rate": null, "eq5_vote_delivery_rate": null, "eq5_same_choice_rate": null, "eq5_same_choice_effective_rate": null, "endpoint_latency_ms": {"all": {"n": 50, "p50": 15834, "p95": 147884, "max": 258892}, "by_role": {"gen": {"n": 50, "p50": 15834, "p95": 147884, "max": 258892}}, "failed_attempts": 0}, "wall_s": 1882.4, "cost_usd": 0.0, "market_cost_usd": 0.0, "market_cost_per_correct_delivery": 0.0}
── HMIX: {"tasks": 20, "calls": 36, "infra_void": 0, "complete": true, "terminal": true, "processed": 20, "accepted": 18, "accepted_and_meets_demand": 15, "demand_equals_output_rate": 0.8333333333333334, "coverage": 0.9, "correct_delivery_rate": 0.75, "raw_final_accuracy": 0.75, "calls_per_task": 1.8, "calls_per_correct_delivery": 2.4, "leaked": 3, "reviewer_accuracy": null, "raw_reviewer_accuracy": null, "reviewer_votes": 0, "review_fail_claims": 0, "machine_confirmed_counterexamples": 0, "confirmed_counterexample_precision_against_hidden_truth": null, "revision_transitions": null, "eq5_gate_delivery_rate": null, "eq5_vote_delivery_rate": null, "eq5_same_choice_rate": null, "eq5_same_choice_effective_rate": null, "endpoint_latency_ms": {"all": {"n": 36, "p50": 30422, "p95": 274164, "max": 379408}, "by_role": {"gen": {"n": 36, "p50": 30422, "p95": 274164, "max": 379408}}, "failed_attempts": 0}, "wall_s": 2318.7, "cost_usd": 0.0, "market_cost_usd": 0.0, "market_cost_per_correct_delivery": 0.0}

寫出 runs/g_r460r2_harness_lcb2_a1/summary.json
⚠ 這是待驗證的宣稱不是結果——OFF5 沒跑贏之前不能說機制有效。
