預註冊閘門通過：DECISION_20260911_R460R_FIVE_REPLICATIONS_PREREG.md 授權 g_r460r5_harness_lcb2_a3
20 題（lcb2　offset=40　題序 [40, 60)）　輸出 runs/g_r460r5_harness_lcb2_a3
── 量具驗證（先答已知答案）
   範圍＝bank：對 lcb2 全 120 題裡有參考解的驗，本塊 20 題另外算出貨閘門覆蓋
   參考解通過 12/12　壞解被擋 12/12
   可見閘門（CONFORM 決策量具）參考解通過 12/12　樁被擋 12/12　覆蓋 12/12
   本塊出貨閘門覆蓋 20/20
── 模型池：6 個 agent／1 個模型家族
── 模型池預檢（每個 model 問一句，零容忍）
   gemma-4-12b-it-qat　回 2 字　✓
  [OFF 1/20] 需求符合=False 接受=True 累計呼叫=1
  [CONFORM 1/20] 需求符合=True 接受=True 累計呼叫=1
  [OFF5 1/20] 需求符合=True 接受=True 累計呼叫=5
  [HPI 1/20] 需求符合=True 接受=True 累計呼叫=2
  [HOC 1/20] 需求符合=True 接受=True 累計呼叫=2
  [HMIX 1/20] 需求符合=True 接受=True 累計呼叫=4
  [OFF 2/20] 需求符合=True 接受=True 累計呼叫=2
  [CONFORM 2/20] 需求符合=True 接受=True 累計呼叫=2
  [OFF5 2/20] 需求符合=True 接受=True 累計呼叫=10
  [HPI 2/20] 需求符合=True 接受=True 累計呼叫=3
  [HOC 2/20] 需求符合=True 接受=True 累計呼叫=5
  [HMIX 2/20] 需求符合=False 接受=False 累計呼叫=7
  [OFF 3/20] 需求符合=True 接受=True 累計呼叫=3
  [CONFORM 3/20] 需求符合=False 接受=True 累計呼叫=3
  [OFF5 3/20] 需求符合=True 接受=True 累計呼叫=15
  [HPI 3/20] 需求符合=True 接受=True 累計呼叫=4
  [HOC 3/20] 需求符合=True 接受=True 累計呼叫=8
  [HMIX 3/20] 需求符合=True 接受=True 累計呼叫=8
  [OFF 4/20] 需求符合=False 接受=True 累計呼叫=4
  [CONFORM 4/20] 需求符合=True 接受=True 累計呼叫=5
  [OFF5 4/20] 需求符合=True 接受=True 累計呼叫=20
  [HPI 4/20] 需求符合=True 接受=True 累計呼叫=5
  [HOC 4/20] 需求符合=False 接受=False 累計呼叫=13
  [HMIX 4/20] 需求符合=True 接受=True 累計呼叫=9
  [OFF 5/20] 需求符合=True 接受=True 累計呼叫=5
  [CONFORM 5/20] 需求符合=True 接受=True 累計呼叫=6
  [OFF5 5/20] 需求符合=True 接受=True 累計呼叫=25
<harness_block>:4: SyntaxWarning: invalid escape sequence '\s'
<unknown>:4: SyntaxWarning: invalid escape sequence '\s'
<unknown>:4: SyntaxWarning: invalid escape sequence '\s'
<unknown>:4: SyntaxWarning: invalid escape sequence '\s'
  [HPI 5/20] 需求符合=True 接受=True 累計呼叫=6
  [HOC 5/20] 需求符合=True 接受=True 累計呼叫=16
  [HMIX 5/20] 需求符合=True 接受=True 累計呼叫=10
  [OFF 6/20] 需求符合=False 接受=True 累計呼叫=6
  [CONFORM 6/20] 需求符合=True 接受=True 累計呼叫=7
  [OFF5 6/20] 需求符合=True 接受=True 累計呼叫=30
  [HPI 6/20] 需求符合=False 接受=False 累計呼叫=11
  [HOC 6/20] 需求符合=True 接受=True 累計呼叫=18
  [HMIX 6/20] 需求符合=True 接受=True 累計呼叫=11
  [OFF 7/20] 需求符合=True 接受=True 累計呼叫=7
  [CONFORM 7/20] 需求符合=True 接受=True 累計呼叫=8
  [OFF5 7/20] 需求符合=True 接受=True 累計呼叫=35
  [HPI 7/20] 需求符合=True 接受=True 累計呼叫=12
  [HOC 7/20] 需求符合=True 接受=True 累計呼叫=20
  [HMIX 7/20] 需求符合=True 接受=True 累計呼叫=12
  [OFF 8/20] 需求符合=True 接受=True 累計呼叫=8
  [CONFORM 8/20] 需求符合=True 接受=True 累計呼叫=9
  [OFF5 8/20] 需求符合=False 接受=True 累計呼叫=40
  [HPI 8/20] 需求符合=True 接受=True 累計呼叫=13
  [HOC 8/20] 需求符合=True 接受=True 累計呼叫=22
  [HMIX 8/20] 需求符合=True 接受=True 累計呼叫=13
  [OFF 9/20] 需求符合=True 接受=True 累計呼叫=9
  [CONFORM 9/20] 需求符合=True 接受=True 累計呼叫=10
  [OFF5 9/20] 需求符合=True 接受=True 累計呼叫=45
  [HPI 9/20] 需求符合=True 接受=True 累計呼叫=14
  [HOC 9/20] 需求符合=True 接受=True 累計呼叫=24
  [HMIX 9/20] 需求符合=True 接受=True 累計呼叫=14
  [OFF 10/20] 需求符合=True 接受=True 累計呼叫=10
  [CONFORM 10/20] 需求符合=True 接受=True 累計呼叫=11
  [OFF5 10/20] 需求符合=True 接受=True 累計呼叫=50
  [HPI 10/20] 需求符合=True 接受=True 累計呼叫=15
  [HOC 10/20] 需求符合=True 接受=True 累計呼叫=26
  [HMIX 10/20] 需求符合=True 接受=True 累計呼叫=15
  [OFF 11/20] 需求符合=False 接受=True 累計呼叫=11
  [CONFORM 11/20] 需求符合=True 接受=True 累計呼叫=16
  [OFF5 11/20] 需求符合=False 接受=True 累計呼叫=55
  [HPI 11/20] 需求符合=False 接受=False 累計呼叫=17
  [HOC 11/20] 需求符合=True 接受=True 累計呼叫=28
  [HMIX 11/20] 需求符合=True 接受=True 累計呼叫=17
  [OFF 12/20] 需求符合=True 接受=True 累計呼叫=12
  [CONFORM 12/20] 需求符合=True 接受=True 累計呼叫=17
  [OFF5 12/20] 需求符合=True 接受=True 累計呼叫=60
  [HPI 12/20] 需求符合=True 接受=True 累計呼叫=19
  [HOC 12/20] 需求符合=True 接受=True 累計呼叫=33
  [HMIX 12/20] 需求符合=True 接受=True 累計呼叫=18
  [OFF 13/20] 需求符合=True 接受=True 累計呼叫=13
  [CONFORM 13/20] 需求符合=True 接受=True 累計呼叫=18
  [OFF5 13/20] 需求符合=True 接受=True 累計呼叫=65
  [HPI 13/20] 需求符合=True 接受=True 累計呼叫=20
  [HOC 13/20] 需求符合=True 接受=True 累計呼叫=35
  [HMIX 13/20] 需求符合=True 接受=True 累計呼叫=19
  [OFF 14/20] 需求符合=True 接受=True 累計呼叫=14
  [CONFORM 14/20] 需求符合=True 接受=True 累計呼叫=19
  [OFF5 14/20] 需求符合=True 接受=True 累計呼叫=70
  [HPI 14/20] 需求符合=True 接受=True 累計呼叫=21
  [HOC 14/20] 需求符合=True 接受=True 累計呼叫=37
  [HMIX 14/20] 需求符合=True 接受=True 累計呼叫=20
  [OFF 15/20] 需求符合=False 接受=True 累計呼叫=15
  [CONFORM 15/20] 需求符合=False 接受=True 累計呼叫=22
  [OFF5 15/20] 需求符合=False 接受=True 累計呼叫=75
  [HPI 15/20] 需求符合=False 接受=True 累計呼叫=22
  [HOC 15/20] 需求符合=False 接受=True 累計呼叫=39
  [HMIX 15/20] 需求符合=False 接受=True 累計呼叫=22
  [OFF 16/20] 需求符合=True 接受=True 累計呼叫=16
  [CONFORM 16/20] 需求符合=True 接受=True 累計呼叫=23
  [OFF5 16/20] 需求符合=True 接受=True 累計呼叫=80
  [HPI 16/20] 需求符合=False 接受=True 累計呼叫=23
  [HOC 16/20] 需求符合=True 接受=True 累計呼叫=41
  [HMIX 16/20] 需求符合=True 接受=True 累計呼叫=23
  [OFF 17/20] 需求符合=False 接受=True 累計呼叫=17
  [CONFORM 17/20] 需求符合=True 接受=True 累計呼叫=24
  [HPI 17/20] 需求符合=False 接受=False 累計呼叫=24
  [HOC 17/20] 需求符合=True 接受=True 累計呼叫=43
  [OFF 18/20] 需求符合=False 接受=True 累計呼叫=18
  [CONFORM 18/20] 需求符合=True 接受=True 累計呼叫=25
  [OFF5 18/20] 需求符合=True 接受=True 累計呼叫=89
  [HPI 18/20] 需求符合=True 接受=True 累計呼叫=25
  [HOC 18/20] 需求符合=True 接受=True 累計呼叫=45
  [HMIX 18/20] 需求符合=True 接受=True 累計呼叫=24
  [OFF 19/20] 需求符合=False 接受=True 累計呼叫=19
  [CONFORM 19/20] 需求符合=True 接受=True 累計呼叫=30
  [OFF5 19/20] 需求符合=False 接受=True 累計呼叫=94
  [HPI 19/20] 需求符合=False 接受=False 累計呼叫=30
  [HOC 19/20] 需求符合=False 接受=False 累計呼叫=50
  [HMIX 19/20] 需求符合=False 接受=False 累計呼叫=27
  [OFF 20/20] 需求符合=True 接受=True 累計呼叫=20
  [CONFORM 20/20] 需求符合=True 接受=True 累計呼叫=31
  [OFF5 20/20] 需求符合=True 接受=True 累計呼叫=99
  [HPI 20/20] 需求符合=True 接受=True 累計呼叫=32
  [HOC 20/20] 需求符合=True 接受=True 累計呼叫=52
  [HMIX 20/20] 需求符合=True 接受=True 累計呼叫=28
── OFF: {"tasks": 20, "calls": 20, "infra_void": 0, "complete": true, "terminal": true, "processed": 20, "accepted": 20, "accepted_and_meets_demand": 12, "demand_equals_output_rate": 0.6, "coverage": 1.0, "correct_delivery_rate": 0.6, "raw_final_accuracy": 0.6, "calls_per_task": 1.0, "calls_per_correct_delivery": 1.6666666666666667, "leaked": 8, "reviewer_accuracy": null, "raw_reviewer_accuracy": null, "reviewer_votes": 0, "review_fail_claims": 0, "machine_confirmed_counterexamples": 0, "confirmed_counterexample_precision_against_hidden_truth": null, "revision_transitions": null, "eq5_gate_delivery_rate": null, "eq5_vote_delivery_rate": null, "eq5_same_choice_rate": null, "eq5_same_choice_effective_rate": null, "endpoint_latency_ms": {"all": {"n": 20, "p50": 29749, "p95": 144091, "max": 177106}, "by_role": {"gen": {"n": 20, "p50": 29749, "p95": 144091, "max": 177106}}, "failed_attempts": 1}, "wall_s": 1071.2, "cost_usd": 0.0, "market_cost_usd": 0.0, "market_cost_per_correct_delivery": 0.0}
── CONFORM: {"tasks": 20, "calls": 31, "infra_void": 0, "complete": true, "terminal": true, "processed": 20, "accepted": 20, "accepted_and_meets_demand": 18, "demand_equals_output_rate": 0.9, "coverage": 1.0, "correct_delivery_rate": 0.9, "raw_final_accuracy": 0.9, "calls_per_task": 1.55, "calls_per_correct_delivery": 1.7222222222222223, "leaked": 2, "reviewer_accuracy": null, "raw_reviewer_accuracy": null, "reviewer_votes": 0, "review_fail_claims": 0, "machine_confirmed_counterexamples": 0, "confirmed_counterexample_precision_against_hidden_truth": null, "revision_transitions": null, "eq5_gate_delivery_rate": null, "eq5_vote_delivery_rate": null, "eq5_same_choice_rate": null, "eq5_same_choice_effective_rate": null, "endpoint_latency_ms": {"all": {"n": 31, "p50": 39490, "p95": 128634, "max": 221523}, "by_role": {"gen": {"n": 31, "p50": 39490, "p95": 128634, "max": 221523}}, "failed_attempts": 0}, "wall_s": 1684.7, "cost_usd": 0.0, "market_cost_usd": 0.0, "market_cost_per_correct_delivery": 0.0}
── OFF5: {"tasks": 20, "calls": 99, "infra_void": 1, "complete": false, "terminal": true, "processed": 20, "accepted": 19, "accepted_and_meets_demand": 15, "demand_equals_output_rate": 0.7894736842105263, "coverage": 1.0, "correct_delivery_rate": 0.7894736842105263, "raw_final_accuracy": 0.7894736842105263, "calls_per_task": 5.2105263157894735, "calls_per_correct_delivery": 6.6, "leaked": 4, "reviewer_accuracy": null, "raw_reviewer_accuracy": null, "reviewer_votes": 0, "review_fail_claims": 0, "machine_confirmed_counterexamples": 0, "confirmed_counterexample_precision_against_hidden_truth": null, "revision_transitions": null, "eq5_gate_delivery_rate": null, "eq5_vote_delivery_rate": null, "eq5_same_choice_rate": null, "eq5_same_choice_effective_rate": null, "endpoint_latency_ms": {"all": {"n": 99, "p50": 32994, "p95": 183648, "max": 319151}, "by_role": {"gen": {"n": 99, "p50": 32994, "p95": 183648, "max": 319151}}, "failed_attempts": 4}, "wall_s": 5403.9, "cost_usd": 0.0, "market_cost_usd": 0.0, "market_cost_per_correct_delivery": 0.0}
── HPI: {"tasks": 20, "calls": 32, "infra_void": 0, "complete": true, "terminal": true, "processed": 20, "accepted": 16, "accepted_and_meets_demand": 14, "demand_equals_output_rate": 0.875, "coverage": 0.8, "correct_delivery_rate": 0.7, "raw_final_accuracy": 0.7, "calls_per_task": 1.6, "calls_per_correct_delivery": 2.2857142857142856, "leaked": 2, "reviewer_accuracy": null, "raw_reviewer_accuracy": null, "reviewer_votes": 0, "review_fail_claims": 0, "machine_confirmed_counterexamples": 0, "confirmed_counterexample_precision_against_hidden_truth": null, "revision_transitions": null, "eq5_gate_delivery_rate": null, "eq5_vote_delivery_rate": null, "eq5_same_choice_rate": null, "eq5_same_choice_effective_rate": null, "endpoint_latency_ms": {"all": {"n": 33, "p50": 21603, "p95": 381124, "max": 407889}, "by_role": {"gen": {"n": 32, "p50": 21603, "p95": 381124, "max": 407889}, "wire_probe": {"n": 1, "p50": 2468, "p95": 2468, "max": 2468}}, "failed_attempts": 2}, "wall_s": 3327.5, "cost_usd": 0.0, "market_cost_usd": 0.0, "market_cost_per_correct_delivery": 0.0}
── HOC: {"tasks": 20, "calls": 52, "infra_void": 0, "complete": true, "terminal": true, "processed": 20, "accepted": 18, "accepted_and_meets_demand": 17, "demand_equals_output_rate": 0.9444444444444444, "coverage": 0.9, "correct_delivery_rate": 0.85, "raw_final_accuracy": 0.85, "calls_per_task": 2.6, "calls_per_correct_delivery": 3.0588235294117645, "leaked": 1, "reviewer_accuracy": null, "raw_reviewer_accuracy": null, "reviewer_votes": 0, "review_fail_claims": 0, "machine_confirmed_counterexamples": 0, "confirmed_counterexample_precision_against_hidden_truth": null, "revision_transitions": null, "eq5_gate_delivery_rate": null, "eq5_vote_delivery_rate": null, "eq5_same_choice_rate": null, "eq5_same_choice_effective_rate": null, "endpoint_latency_ms": {"all": {"n": 52, "p50": 14715, "p95": 105728, "max": 501762}, "by_role": {"gen": {"n": 52, "p50": 14715, "p95": 105728, "max": 501762}}, "failed_attempts": 1}, "wall_s": 3053.1, "cost_usd": 0.0, "market_cost_usd": 0.0, "market_cost_per_correct_delivery": 0.0}
── HMIX: {"tasks": 20, "calls": 28, "infra_void": 1, "complete": false, "terminal": true, "processed": 20, "accepted": 17, "accepted_and_meets_demand": 16, "demand_equals_output_rate": 0.9411764705882353, "coverage": 0.8947368421052632, "correct_delivery_rate": 0.8421052631578947, "raw_final_accuracy": 0.8421052631578947, "calls_per_task": 1.4736842105263157, "calls_per_correct_delivery": 1.75, "leaked": 1, "reviewer_accuracy": null, "raw_reviewer_accuracy": null, "reviewer_votes": 0, "review_fail_claims": 0, "machine_confirmed_counterexamples": 0, "confirmed_counterexample_precision_against_hidden_truth": null, "revision_transitions": null, "eq5_gate_delivery_rate": null, "eq5_vote_delivery_rate": null, "eq5_same_choice_rate": null, "eq5_same_choice_effective_rate": null, "endpoint_latency_ms": {"all": {"n": 28, "p50": 27011, "p95": 196341, "max": 264224}, "by_role": {"gen": {"n": 28, "p50": 27011, "p95": 196341, "max": 264224}}, "failed_attempts": 8}, "wall_s": 2072.3, "cost_usd": 0.0, "market_cost_usd": 0.0, "market_cost_per_correct_delivery": 0.0}
⚠ run_complete=False——這些臂沒跑完：OFF5, HMIX。這一輪的比例不得拿去比較（SPEC_GAIN §7）。

寫出 runs/g_r460r5_harness_lcb2_a3/summary.json
⚠ 這是待驗證的宣稱不是結果——OFF5 沒跑贏之前不能說機制有效。
