預註冊閘門通過：DECISION_20260911_R460R_FIVE_REPLICATIONS_PREREG.md 授權 g_r460r5_harness_lcb2_b1
20 題（lcb2　offset=60　題序 [60, 80)）　輸出 runs/g_r460r5_harness_lcb2_b1
── 量具驗證（先答已知答案）
   範圍＝bank：對 lcb2 全 120 題裡有參考解的驗，本塊 20 題另外算出貨閘門覆蓋
   參考解通過 12/12　壞解被擋 12/12
   可見閘門（CONFORM 決策量具）參考解通過 12/12　樁被擋 12/12　覆蓋 12/12
   本塊出貨閘門覆蓋 20/20
── 模型池：6 個 agent／1 個模型家族
── 模型池預檢（每個 model 問一句，零容忍）
   gemma-4-12b-it-qat　回 2 字　✓
  [OFF 1/20] 需求符合=False 接受=True 累計呼叫=1
  [CONFORM 1/20] 需求符合=False 接受=False 累計呼叫=5
  [OFF5 1/20] 需求符合=False 接受=True 累計呼叫=5
  [HPI 1/20] 需求符合=True 接受=True 累計呼叫=2
  [HOC 1/20] 需求符合=False 接受=False 累計呼叫=5
  [HMIX 1/20] 需求符合=False 接受=True 累計呼叫=2
  [OFF 2/20] 需求符合=False 接受=True 累計呼叫=2
  [CONFORM 2/20] 需求符合=False 接受=True 累計呼叫=6
  [OFF5 2/20] 需求符合=False 接受=True 累計呼叫=10
  [HPI 2/20] 需求符合=False 接受=True 累計呼叫=3
  [HOC 2/20] 需求符合=False 接受=False 累計呼叫=9
  [HMIX 2/20] 需求符合=False 接受=False 累計呼叫=4
  [OFF 3/20] 需求符合=False 接受=True 累計呼叫=3
  [CONFORM 3/20] 需求符合=True 接受=True 累計呼叫=8
  [OFF5 3/20] 需求符合=False 接受=True 累計呼叫=15
  [HPI 3/20] 需求符合=True 接受=True 累計呼叫=5
  [HOC 3/20] 需求符合=False 接受=False 累計呼叫=14
  [HMIX 3/20] 需求符合=True 接受=True 累計呼叫=6
  [OFF 4/20] 需求符合=False 接受=True 累計呼叫=4
  [CONFORM 4/20] 需求符合=True 接受=True 累計呼叫=9
  [OFF5 4/20] 需求符合=False 接受=True 累計呼叫=20
  [HPI 4/20] 需求符合=False 接受=True 累計呼叫=6
  [HOC 4/20] 需求符合=True 接受=True 累計呼叫=16
  [HMIX 4/20] 需求符合=True 接受=True 累計呼叫=7
  [OFF 5/20] 需求符合=False 接受=True 累計呼叫=5
  [CONFORM 5/20] 需求符合=True 接受=True 累計呼叫=10
  [OFF5 5/20] 需求符合=True 接受=True 累計呼叫=25
<harness_block>:5: SyntaxWarning: invalid escape sequence '\l'
<unknown>:5: SyntaxWarning: invalid escape sequence '\l'
<unknown>:5: SyntaxWarning: invalid escape sequence '\l'
<unknown>:5: SyntaxWarning: invalid escape sequence '\l'
  [HPI 5/20] 需求符合=True 接受=True 累計呼叫=7
  [HOC 5/20] 需求符合=True 接受=True 累計呼叫=18
  [HMIX 5/20] 需求符合=True 接受=True 累計呼叫=8
  [OFF 6/20] 需求符合=False 接受=True 累計呼叫=6
  [CONFORM 6/20] 需求符合=False 接受=True 累計呼叫=11
  [OFF5 6/20] 需求符合=True 接受=True 累計呼叫=30
  [HPI 6/20] 需求符合=False 接受=True 累計呼叫=8
  [HOC 6/20] 需求符合=False 接受=True 累計呼叫=20
  [HMIX 6/20] 需求符合=True 接受=True 累計呼叫=10
  [OFF 7/20] 需求符合=False 接受=True 累計呼叫=7
  [CONFORM 7/20] 需求符合=True 接受=True 累計呼叫=14
  [OFF5 7/20] 需求符合=False 接受=True 累計呼叫=35
  [HPI 7/20] 需求符合=True 接受=True 累計呼叫=10
  [HOC 7/20] 需求符合=True 接受=True 累計呼叫=22
  [HMIX 7/20] 需求符合=True 接受=True 累計呼叫=11
  [OFF 8/20] 需求符合=False 接受=True 累計呼叫=8
  [CONFORM 8/20] 需求符合=False 接受=True 累計呼叫=15
  [OFF5 8/20] 需求符合=False 接受=True 累計呼叫=40
  [HPI 8/20] 需求符合=True 接受=True 累計呼叫=11
  [HOC 8/20] 需求符合=False 接受=True 累計呼叫=24
  [HMIX 8/20] 需求符合=False 接受=True 累計呼叫=14
  [OFF 9/20] 需求符合=True 接受=True 累計呼叫=9
  [CONFORM 9/20] 需求符合=False 接受=False 累計呼叫=20
  [OFF5 9/20] 需求符合=True 接受=True 累計呼叫=45
  [HPI 9/20] 需求符合=False 接受=False 累計呼叫=16
  [HOC 9/20] 需求符合=True 接受=True 累計呼叫=26
  [HMIX 9/20] 需求符合=False 接受=False 累計呼叫=17
  [OFF 10/20] 需求符合=True 接受=True 累計呼叫=10
  [CONFORM 10/20] 需求符合=True 接受=True 累計呼叫=21
  [OFF5 10/20] 需求符合=True 接受=True 累計呼叫=50
  [HPI 10/20] 需求符合=True 接受=True 累計呼叫=17
  [HOC 10/20] 需求符合=True 接受=True 累計呼叫=28
  [HMIX 10/20] 需求符合=True 接受=True 累計呼叫=18
  [OFF 11/20] 需求符合=False 接受=True 累計呼叫=11
  [CONFORM 11/20] 需求符合=True 接受=True 累計呼叫=22
  [OFF5 11/20] 需求符合=False 接受=True 累計呼叫=55
  [HPI 11/20] 需求符合=True 接受=True 累計呼叫=18
  [HOC 11/20] 需求符合=True 接受=True 累計呼叫=30
  [HMIX 11/20] 需求符合=True 接受=True 累計呼叫=19
  [CONFORM 12/20] 需求符合=True 接受=True 累計呼叫=23
  [OFF5 12/20] 需求符合=True 接受=True 累計呼叫=60
  [HPI 12/20] 需求符合=True 接受=True 累計呼叫=19
  [HOC 12/20] 需求符合=False 接受=True 累計呼叫=32
  [HMIX 12/20] 需求符合=True 接受=True 累計呼叫=20
  [OFF 13/20] 需求符合=True 接受=True 累計呼叫=12
  [CONFORM 13/20] 需求符合=True 接受=True 累計呼叫=25
  [OFF5 13/20] 需求符合=False 接受=True 累計呼叫=65
  [HPI 13/20] 需求符合=True 接受=True 累計呼叫=20
  [HOC 13/20] 需求符合=True 接受=True 累計呼叫=34
  [HMIX 13/20] 需求符合=False 接受=False 累計呼叫=23
  [OFF 14/20] 需求符合=False 接受=True 累計呼叫=13
  [CONFORM 14/20] 需求符合=False 接受=True 累計呼叫=30
  [OFF5 14/20] 需求符合=False 接受=True 累計呼叫=70
  [HPI 14/20] 需求符合=True 接受=True 累計呼叫=22
  [HOC 14/20] 需求符合=True 接受=True 累計呼叫=37
  [HMIX 14/20] 需求符合=False 接受=False 累計呼叫=27
  [OFF 15/20] 需求符合=True 接受=True 累計呼叫=14
  [CONFORM 15/20] 需求符合=True 接受=True 累計呼叫=31
  [OFF5 15/20] 需求符合=True 接受=True 累計呼叫=75
  [HPI 15/20] 需求符合=True 接受=True 累計呼叫=23
  [HOC 15/20] 需求符合=True 接受=True 累計呼叫=39
  [HMIX 15/20] 需求符合=True 接受=True 累計呼叫=28
  [OFF 16/20] 需求符合=True 接受=True 累計呼叫=15
  [OFF5 16/20] 需求符合=False 接受=True 累計呼叫=80
  [HPI 16/20] 需求符合=False 接受=False 累計呼叫=28
  [HOC 16/20] 需求符合=True 接受=True 累計呼叫=41
  [HMIX 16/20] 需求符合=True 接受=True 累計呼叫=30
  [OFF 17/20] 需求符合=True 接受=True 累計呼叫=16
  [CONFORM 17/20] 需求符合=True 接受=True 累計呼叫=34
  [OFF5 17/20] 需求符合=True 接受=True 累計呼叫=85
  [HPI 17/20] 需求符合=True 接受=True 累計呼叫=29
  [HOC 17/20] 需求符合=True 接受=True 累計呼叫=43
  [HMIX 17/20] 需求符合=True 接受=True 累計呼叫=31
  [OFF 18/20] 需求符合=True 接受=True 累計呼叫=17
  [CONFORM 18/20] 需求符合=True 接受=True 累計呼叫=35
  [OFF5 18/20] 需求符合=True 接受=True 累計呼叫=90
  [HPI 18/20] 需求符合=True 接受=True 累計呼叫=30
  [HOC 18/20] 需求符合=True 接受=True 累計呼叫=46
  [HMIX 18/20] 需求符合=True 接受=True 累計呼叫=32
  [OFF 19/20] 需求符合=False 接受=True 累計呼叫=18
  [CONFORM 19/20] 需求符合=False 接受=True 累計呼叫=38
  [OFF5 19/20] 需求符合=False 接受=True 累計呼叫=95
  [HPI 19/20] 需求符合=False 接受=True 累計呼叫=33
  [HOC 19/20] 需求符合=False 接受=False 累計呼叫=50
  [HMIX 19/20] 需求符合=False 接受=True 累計呼叫=34
  [OFF 20/20] 需求符合=False 接受=True 累計呼叫=19
  [OFF5 20/20] 需求符合=True 接受=True 累計呼叫=100
  [HPI 20/20] 需求符合=True 接受=True 累計呼叫=34
  [HOC 20/20] 需求符合=False 接受=True 累計呼叫=52
  [HMIX 20/20] 需求符合=True 接受=True 累計呼叫=35
── OFF: {"tasks": 20, "calls": 19, "infra_void": 1, "complete": false, "terminal": true, "processed": 20, "accepted": 19, "accepted_and_meets_demand": 7, "demand_equals_output_rate": 0.3684210526315789, "coverage": 1.0, "correct_delivery_rate": 0.3684210526315789, "raw_final_accuracy": 0.3684210526315789, "calls_per_task": 1.0, "calls_per_correct_delivery": 2.7142857142857144, "leaked": 12, "reviewer_accuracy": null, "raw_reviewer_accuracy": null, "reviewer_votes": 0, "review_fail_claims": 0, "machine_confirmed_counterexamples": 0, "confirmed_counterexample_precision_against_hidden_truth": null, "revision_transitions": null, "eq5_gate_delivery_rate": null, "eq5_vote_delivery_rate": null, "eq5_same_choice_rate": null, "eq5_same_choice_effective_rate": null, "endpoint_latency_ms": {"all": {"n": 19, "p50": 50167, "p95": 255050, "max": 255050}, "by_role": {"gen": {"n": 19, "p50": 50167, "p95": 255050, "max": 255050}}, "failed_attempts": 4}, "wall_s": 1457.9, "cost_usd": 0.0, "market_cost_usd": 0.0, "market_cost_per_correct_delivery": 0.0}
── CONFORM: {"tasks": 20, "calls": 38, "infra_void": 2, "complete": false, "terminal": true, "processed": 20, "accepted": 16, "accepted_and_meets_demand": 11, "demand_equals_output_rate": 0.6875, "coverage": 0.8888888888888888, "correct_delivery_rate": 0.6111111111111112, "raw_final_accuracy": 0.6111111111111112, "calls_per_task": 2.111111111111111, "calls_per_correct_delivery": 3.4545454545454546, "leaked": 5, "reviewer_accuracy": null, "raw_reviewer_accuracy": null, "reviewer_votes": 0, "review_fail_claims": 0, "machine_confirmed_counterexamples": 0, "confirmed_counterexample_precision_against_hidden_truth": null, "revision_transitions": null, "eq5_gate_delivery_rate": null, "eq5_vote_delivery_rate": null, "eq5_same_choice_rate": null, "eq5_same_choice_effective_rate": null, "endpoint_latency_ms": {"all": {"n": 38, "p50": 85872, "p95": 200271, "max": 293339}, "by_role": {"gen": {"n": 38, "p50": 85872, "p95": 200271, "max": 293339}}, "failed_attempts": 8}, "wall_s": 3604.5, "cost_usd": 0.0, "market_cost_usd": 0.0, "market_cost_per_correct_delivery": 0.0}
── OFF5: {"tasks": 20, "calls": 100, "infra_void": 0, "complete": true, "terminal": true, "processed": 20, "accepted": 20, "accepted_and_meets_demand": 9, "demand_equals_output_rate": 0.45, "coverage": 1.0, "correct_delivery_rate": 0.45, "raw_final_accuracy": 0.45, "calls_per_task": 5.0, "calls_per_correct_delivery": 11.11111111111111, "leaked": 11, "reviewer_accuracy": null, "raw_reviewer_accuracy": null, "reviewer_votes": 0, "review_fail_claims": 0, "machine_confirmed_counterexamples": 0, "confirmed_counterexample_precision_against_hidden_truth": null, "revision_transitions": null, "eq5_gate_delivery_rate": null, "eq5_vote_delivery_rate": null, "eq5_same_choice_rate": null, "eq5_same_choice_effective_rate": null, "endpoint_latency_ms": {"all": {"n": 100, "p50": 39825, "p95": 155807, "max": 270887}, "by_role": {"gen": {"n": 100, "p50": 39825, "p95": 155807, "max": 270887}}, "failed_attempts": 5}, "wall_s": 6032.5, "cost_usd": 0.0, "market_cost_usd": 0.0, "market_cost_per_correct_delivery": 0.0}
── HPI: {"tasks": 20, "calls": 34, "infra_void": 0, "complete": true, "terminal": true, "processed": 20, "accepted": 18, "accepted_and_meets_demand": 14, "demand_equals_output_rate": 0.7777777777777778, "coverage": 0.9, "correct_delivery_rate": 0.7, "raw_final_accuracy": 0.7, "calls_per_task": 1.7, "calls_per_correct_delivery": 2.4285714285714284, "leaked": 4, "reviewer_accuracy": null, "raw_reviewer_accuracy": null, "reviewer_votes": 0, "review_fail_claims": 0, "machine_confirmed_counterexamples": 0, "confirmed_counterexample_precision_against_hidden_truth": null, "revision_transitions": null, "eq5_gate_delivery_rate": null, "eq5_vote_delivery_rate": null, "eq5_same_choice_rate": null, "eq5_same_choice_effective_rate": null, "endpoint_latency_ms": {"all": {"n": 35, "p50": 35047, "p95": 285107, "max": 351846}, "by_role": {"gen": {"n": 34, "p50": 35047, "p95": 285107, "max": 351846}, "wire_probe": {"n": 1, "p50": 2497, "p95": 2497, "max": 2497}}, "failed_attempts": 0}, "wall_s": 2327.3, "cost_usd": 0.0, "market_cost_usd": 0.0, "market_cost_per_correct_delivery": 0.0}
── HOC: {"tasks": 20, "calls": 52, "infra_void": 0, "complete": true, "terminal": true, "processed": 20, "accepted": 16, "accepted_and_meets_demand": 12, "demand_equals_output_rate": 0.75, "coverage": 0.8, "correct_delivery_rate": 0.6, "raw_final_accuracy": 0.6, "calls_per_task": 2.6, "calls_per_correct_delivery": 4.333333333333333, "leaked": 4, "reviewer_accuracy": null, "raw_reviewer_accuracy": null, "reviewer_votes": 0, "review_fail_claims": 0, "machine_confirmed_counterexamples": 0, "confirmed_counterexample_precision_against_hidden_truth": null, "revision_transitions": null, "eq5_gate_delivery_rate": null, "eq5_vote_delivery_rate": null, "eq5_same_choice_rate": null, "eq5_same_choice_effective_rate": null, "endpoint_latency_ms": {"all": {"n": 52, "p50": 17995, "p95": 124730, "max": 215520}, "by_role": {"gen": {"n": 52, "p50": 17995, "p95": 124730, "max": 215520}}, "failed_attempts": 0}, "wall_s": 1802.8, "cost_usd": 0.0, "market_cost_usd": 0.0, "market_cost_per_correct_delivery": 0.0}
── HMIX: {"tasks": 20, "calls": 35, "infra_void": 0, "complete": true, "terminal": true, "processed": 20, "accepted": 16, "accepted_and_meets_demand": 13, "demand_equals_output_rate": 0.8125, "coverage": 0.8, "correct_delivery_rate": 0.65, "raw_final_accuracy": 0.65, "calls_per_task": 1.75, "calls_per_correct_delivery": 2.6923076923076925, "leaked": 3, "reviewer_accuracy": null, "raw_reviewer_accuracy": null, "reviewer_votes": 0, "review_fail_claims": 0, "machine_confirmed_counterexamples": 0, "confirmed_counterexample_precision_against_hidden_truth": null, "revision_transitions": null, "eq5_gate_delivery_rate": null, "eq5_vote_delivery_rate": null, "eq5_same_choice_rate": null, "eq5_same_choice_effective_rate": null, "endpoint_latency_ms": {"all": {"n": 35, "p50": 46626, "p95": 317297, "max": 354880}, "by_role": {"gen": {"n": 35, "p50": 46626, "p95": 317297, "max": 354880}}, "failed_attempts": 0}, "wall_s": 3302.4, "cost_usd": 0.0, "market_cost_usd": 0.0, "market_cost_per_correct_delivery": 0.0}
⚠ run_complete=False——這些臂沒跑完：OFF, CONFORM。這一輪的比例不得拿去比較（SPEC_GAIN §7）。

寫出 runs/g_r460r5_harness_lcb2_b1/summary.json
⚠ 這是待驗證的宣稱不是結果——OFF5 沒跑贏之前不能說機制有效。
