預註冊閘門通過：DECISION_20260911_R460R_FIVE_REPLICATIONS_PREREG.md 授權 g_r460r5_harness_lcb2_b3
20 題（lcb2　offset=100　題序 [100, 120)）　輸出 runs/g_r460r5_harness_lcb2_b3
── 量具驗證（先答已知答案）
   範圍＝bank：對 lcb2 全 120 題裡有參考解的驗，本塊 20 題另外算出貨閘門覆蓋
   參考解通過 12/12　壞解被擋 12/12
   可見閘門（CONFORM 決策量具）參考解通過 12/12　樁被擋 12/12　覆蓋 12/12
   本塊出貨閘門覆蓋 20/20
── 模型池：6 個 agent／1 個模型家族
── 模型池預檢（每個 model 問一句，零容忍）
   gemma-4-12b-it-qat　回 2 字　✓
  [OFF 1/20] 需求符合=False 接受=True 累計呼叫=1
  [CONFORM 1/20] 需求符合=False 接受=False 累計呼叫=5
  [OFF5 1/20] 需求符合=False 接受=True 累計呼叫=5
  [HPI 1/20] 需求符合=False 接受=True 累計呼叫=2
  [HOC 1/20] 需求符合=False 接受=True 累計呼叫=2
  [HMIX 1/20] 需求符合=False 接受=True 累計呼叫=1
  [OFF 2/20] 需求符合=True 接受=True 累計呼叫=2
  [CONFORM 2/20] 需求符合=True 接受=True 累計呼叫=10
  [OFF5 2/20] 需求符合=True 接受=True 累計呼叫=10
  [HPI 2/20] 需求符合=True 接受=True 累計呼叫=3
  [HOC 2/20] 需求符合=True 接受=True 累計呼叫=4
  [HMIX 2/20] 需求符合=True 接受=True 累計呼叫=3
  [OFF 3/20] 需求符合=True 接受=True 累計呼叫=3
  [CONFORM 3/20] 需求符合=True 接受=True 累計呼叫=11
  [OFF5 3/20] 需求符合=True 接受=True 累計呼叫=15
  [HPI 3/20] 需求符合=True 接受=True 累計呼叫=4
  [HOC 3/20] 需求符合=True 接受=True 累計呼叫=6
  [HMIX 3/20] 需求符合=True 接受=True 累計呼叫=4
  [OFF 4/20] 需求符合=True 接受=True 累計呼叫=4
  [CONFORM 4/20] 需求符合=True 接受=True 累計呼叫=12
  [OFF5 4/20] 需求符合=True 接受=True 累計呼叫=20
  [HPI 4/20] 需求符合=True 接受=True 累計呼叫=5
  [HOC 4/20] 需求符合=True 接受=True 累計呼叫=8
  [HMIX 4/20] 需求符合=True 接受=True 累計呼叫=5
  [OFF 5/20] 需求符合=False 接受=True 累計呼叫=5
  [CONFORM 5/20] 需求符合=False 接受=True 累計呼叫=16
  [OFF5 5/20] 需求符合=True 接受=True 累計呼叫=25
  [HPI 5/20] 需求符合=False 接受=False 累計呼叫=8
  [HOC 5/20] 需求符合=True 接受=True 累計呼叫=11
  [HMIX 5/20] 需求符合=False 接受=True 累計呼叫=6
  [OFF 6/20] 需求符合=False 接受=True 累計呼叫=6
  [CONFORM 6/20] 需求符合=False 接受=False 累計呼叫=21
  [OFF5 6/20] 需求符合=False 接受=True 累計呼叫=30
  [HPI 6/20] 需求符合=False 接受=False 累計呼叫=12
  [HOC 6/20] 需求符合=False 接受=True 累計呼叫=14
  [HMIX 6/20] 需求符合=True 接受=True 累計呼叫=9
  [OFF 7/20] 需求符合=True 接受=True 累計呼叫=7
  [CONFORM 7/20] 需求符合=False 接受=True 累計呼叫=22
  [OFF5 7/20] 需求符合=True 接受=True 累計呼叫=35
  [HPI 7/20] 需求符合=True 接受=True 累計呼叫=13
  [HOC 7/20] 需求符合=True 接受=True 累計呼叫=16
  [HMIX 7/20] 需求符合=True 接受=True 累計呼叫=11
  [OFF 8/20] 需求符合=False 接受=True 累計呼叫=8
  [CONFORM 8/20] 需求符合=False 接受=True 累計呼叫=23
  [OFF5 8/20] 需求符合=False 接受=True 累計呼叫=40
  [HPI 8/20] 需求符合=False 接受=True 累計呼叫=14
  [HOC 8/20] 需求符合=True 接受=True 累計呼叫=18
  [HMIX 8/20] 需求符合=True 接受=True 累計呼叫=12
  [OFF 9/20] 需求符合=True 接受=True 累計呼叫=9
  [CONFORM 9/20] 需求符合=True 接受=True 累計呼叫=24
  [OFF5 9/20] 需求符合=True 接受=True 累計呼叫=45
  [HPI 9/20] 需求符合=True 接受=True 累計呼叫=15
  [HOC 9/20] 需求符合=False 接受=False 累計呼叫=23
  [HMIX 9/20] 需求符合=True 接受=True 累計呼叫=14
  [OFF 10/20] 需求符合=True 接受=True 累計呼叫=10
  [CONFORM 10/20] 需求符合=False 接受=True 累計呼叫=25
  [OFF5 10/20] 需求符合=True 接受=True 累計呼叫=50
  [HPI 10/20] 需求符合=False 接受=True 累計呼叫=16
  [HOC 10/20] 需求符合=True 接受=True 累計呼叫=25
  [HMIX 10/20] 需求符合=True 接受=True 累計呼叫=15
  [OFF 11/20] 需求符合=True 接受=True 累計呼叫=11
  [CONFORM 11/20] 需求符合=True 接受=True 累計呼叫=26
  [OFF5 11/20] 需求符合=True 接受=True 累計呼叫=55
  [HPI 11/20] 需求符合=True 接受=True 累計呼叫=17
  [HOC 11/20] 需求符合=True 接受=True 累計呼叫=27
  [HMIX 11/20] 需求符合=True 接受=True 累計呼叫=16
  [OFF 12/20] 需求符合=False 接受=True 累計呼叫=12
  [CONFORM 12/20] 需求符合=False 接受=True 累計呼叫=28
  [OFF5 12/20] 需求符合=True 接受=True 累計呼叫=60
  [HPI 12/20] 需求符合=True 接受=True 累計呼叫=18
  [HOC 12/20] 需求符合=True 接受=True 累計呼叫=29
  [HMIX 12/20] 需求符合=False 接受=True 累計呼叫=18
  [OFF 13/20] 需求符合=True 接受=True 累計呼叫=13
  [CONFORM 13/20] 需求符合=True 接受=True 累計呼叫=29
  [OFF5 13/20] 需求符合=True 接受=True 累計呼叫=65
  [HPI 13/20] 需求符合=True 接受=True 累計呼叫=19
  [HOC 13/20] 需求符合=True 接受=True 累計呼叫=31
  [HMIX 13/20] 需求符合=True 接受=True 累計呼叫=19
  [OFF 14/20] 需求符合=False 接受=True 累計呼叫=14
  [CONFORM 14/20] 需求符合=True 接受=True 累計呼叫=30
  [OFF5 14/20] 需求符合=True 接受=True 累計呼叫=70
<harness_block>:4: SyntaxWarning: invalid escape sequence '\s'
<unknown>:4: SyntaxWarning: invalid escape sequence '\s'
<unknown>:4: SyntaxWarning: invalid escape sequence '\s'
<unknown>:4: SyntaxWarning: invalid escape sequence '\s'
  [HPI 14/20] 需求符合=True 接受=True 累計呼叫=20
  [HOC 14/20] 需求符合=True 接受=True 累計呼叫=33
<harness_block>:4: SyntaxWarning: invalid escape sequence '\ '
<unknown>:4: SyntaxWarning: invalid escape sequence '\ '
<unknown>:4: SyntaxWarning: invalid escape sequence '\ '
<unknown>:4: SyntaxWarning: invalid escape sequence '\ '
  [HMIX 14/20] 需求符合=True 接受=True 累計呼叫=20
  [OFF 15/20] 需求符合=False 接受=True 累計呼叫=15
  [CONFORM 15/20] 需求符合=False 接受=True 累計呼叫=32
  [OFF5 15/20] 需求符合=False 接受=True 累計呼叫=75
  [HPI 15/20] 需求符合=False 接受=False 累計呼叫=22
  [HOC 15/20] 需求符合=False 接受=False 累計呼叫=35
  [HMIX 15/20] 需求符合=False 接受=False 累計呼叫=22
  [OFF 16/20] 需求符合=True 接受=True 累計呼叫=16
  [CONFORM 16/20] 需求符合=True 接受=True 累計呼叫=33
  [OFF5 16/20] 需求符合=True 接受=True 累計呼叫=80
  [HPI 16/20] 需求符合=True 接受=True 累計呼叫=23
  [HOC 16/20] 需求符合=True 接受=True 累計呼叫=37
  [HMIX 16/20] 需求符合=True 接受=True 累計呼叫=23
  [OFF 17/20] 需求符合=True 接受=True 累計呼叫=17
  [CONFORM 17/20] 需求符合=True 接受=True 累計呼叫=34
  [OFF5 17/20] 需求符合=True 接受=True 累計呼叫=85
  [HPI 17/20] 需求符合=True 接受=True 累計呼叫=24
  [HOC 17/20] 需求符合=True 接受=True 累計呼叫=39
  [HMIX 17/20] 需求符合=True 接受=True 累計呼叫=24
  [OFF 18/20] 需求符合=True 接受=True 累計呼叫=18
  [CONFORM 18/20] 需求符合=True 接受=True 累計呼叫=35
  [OFF5 18/20] 需求符合=True 接受=True 累計呼叫=90
  [HPI 18/20] 需求符合=True 接受=True 累計呼叫=25
  [HOC 18/20] 需求符合=True 接受=True 累計呼叫=41
  [HMIX 18/20] 需求符合=True 接受=True 累計呼叫=25
  [OFF 19/20] 需求符合=True 接受=True 累計呼叫=19
  [CONFORM 19/20] 需求符合=True 接受=True 累計呼叫=36
  [OFF5 19/20] 需求符合=True 接受=True 累計呼叫=95
  [HPI 19/20] 需求符合=False 接受=True 累計呼叫=26
  [HOC 19/20] 需求符合=True 接受=True 累計呼叫=43
  [HMIX 19/20] 需求符合=True 接受=True 累計呼叫=26
  [OFF 20/20] 需求符合=True 接受=True 累計呼叫=20
  [CONFORM 20/20] 需求符合=True 接受=True 累計呼叫=37
  [OFF5 20/20] 需求符合=True 接受=True 累計呼叫=100
  [HPI 20/20] 需求符合=True 接受=True 累計呼叫=27
  [HOC 20/20] 需求符合=True 接受=True 累計呼叫=45
  [HMIX 20/20] 需求符合=True 接受=True 累計呼叫=27
── OFF: {"tasks": 20, "calls": 20, "infra_void": 0, "complete": true, "terminal": true, "processed": 20, "accepted": 20, "accepted_and_meets_demand": 13, "demand_equals_output_rate": 0.65, "coverage": 1.0, "correct_delivery_rate": 0.65, "raw_final_accuracy": 0.65, "calls_per_task": 1.0, "calls_per_correct_delivery": 1.5384615384615385, "leaked": 7, "reviewer_accuracy": null, "raw_reviewer_accuracy": null, "reviewer_votes": 0, "review_fail_claims": 0, "machine_confirmed_counterexamples": 0, "confirmed_counterexample_precision_against_hidden_truth": null, "revision_transitions": null, "eq5_gate_delivery_rate": null, "eq5_vote_delivery_rate": null, "eq5_same_choice_rate": null, "eq5_same_choice_effective_rate": null, "endpoint_latency_ms": {"all": {"n": 20, "p50": 27109, "p95": 209321, "max": 279760}, "by_role": {"gen": {"n": 20, "p50": 27109, "p95": 209321, "max": 279760}}, "failed_attempts": 0}, "wall_s": 949.9, "cost_usd": 0.0, "market_cost_usd": 0.0, "market_cost_per_correct_delivery": 0.0}
── CONFORM: {"tasks": 20, "calls": 37, "infra_void": 0, "complete": true, "terminal": true, "processed": 20, "accepted": 18, "accepted_and_meets_demand": 12, "demand_equals_output_rate": 0.6666666666666666, "coverage": 0.9, "correct_delivery_rate": 0.6, "raw_final_accuracy": 0.6, "calls_per_task": 1.85, "calls_per_correct_delivery": 3.0833333333333335, "leaked": 6, "reviewer_accuracy": null, "raw_reviewer_accuracy": null, "reviewer_votes": 0, "review_fail_claims": 0, "machine_confirmed_counterexamples": 0, "confirmed_counterexample_precision_against_hidden_truth": null, "revision_transitions": null, "eq5_gate_delivery_rate": null, "eq5_vote_delivery_rate": null, "eq5_same_choice_rate": null, "eq5_same_choice_effective_rate": null, "endpoint_latency_ms": {"all": {"n": 37, "p50": 39127, "p95": 283785, "max": 367194}, "by_role": {"gen": {"n": 37, "p50": 39127, "p95": 283785, "max": 367194}}, "failed_attempts": 4}, "wall_s": 5128.6, "cost_usd": 0.0, "market_cost_usd": 0.0, "market_cost_per_correct_delivery": 0.0}
── OFF5: {"tasks": 20, "calls": 100, "infra_void": 0, "complete": true, "terminal": true, "processed": 20, "accepted": 20, "accepted_and_meets_demand": 16, "demand_equals_output_rate": 0.8, "coverage": 1.0, "correct_delivery_rate": 0.8, "raw_final_accuracy": 0.8, "calls_per_task": 5.0, "calls_per_correct_delivery": 6.25, "leaked": 4, "reviewer_accuracy": null, "raw_reviewer_accuracy": null, "reviewer_votes": 0, "review_fail_claims": 0, "machine_confirmed_counterexamples": 0, "confirmed_counterexample_precision_against_hidden_truth": null, "revision_transitions": null, "eq5_gate_delivery_rate": null, "eq5_vote_delivery_rate": null, "eq5_same_choice_rate": null, "eq5_same_choice_effective_rate": null, "endpoint_latency_ms": {"all": {"n": 100, "p50": 20887, "p95": 171581, "max": 262061}, "by_role": {"gen": {"n": 100, "p50": 20887, "p95": 171581, "max": 262061}}, "failed_attempts": 4}, "wall_s": 4080.5, "cost_usd": 0.0, "market_cost_usd": 0.0, "market_cost_per_correct_delivery": 0.0}
── HPI: {"tasks": 20, "calls": 27, "infra_void": 0, "complete": true, "terminal": true, "processed": 20, "accepted": 17, "accepted_and_meets_demand": 13, "demand_equals_output_rate": 0.7647058823529411, "coverage": 0.85, "correct_delivery_rate": 0.65, "raw_final_accuracy": 0.65, "calls_per_task": 1.35, "calls_per_correct_delivery": 2.076923076923077, "leaked": 4, "reviewer_accuracy": null, "raw_reviewer_accuracy": null, "reviewer_votes": 0, "review_fail_claims": 0, "machine_confirmed_counterexamples": 0, "confirmed_counterexample_precision_against_hidden_truth": null, "revision_transitions": null, "eq5_gate_delivery_rate": null, "eq5_vote_delivery_rate": null, "eq5_same_choice_rate": null, "eq5_same_choice_effective_rate": null, "endpoint_latency_ms": {"all": {"n": 28, "p50": 22280, "p95": 181355, "max": 220629}, "by_role": {"gen": {"n": 27, "p50": 23246, "p95": 181355, "max": 220629}, "wire_probe": {"n": 1, "p50": 2771, "p95": 2771, "max": 2771}}, "failed_attempts": 0}, "wall_s": 1126.1, "cost_usd": 0.0, "market_cost_usd": 0.0, "market_cost_per_correct_delivery": 0.0}
── HOC: {"tasks": 20, "calls": 45, "infra_void": 0, "complete": true, "terminal": true, "processed": 20, "accepted": 18, "accepted_and_meets_demand": 16, "demand_equals_output_rate": 0.8888888888888888, "coverage": 0.9, "correct_delivery_rate": 0.8, "raw_final_accuracy": 0.8, "calls_per_task": 2.25, "calls_per_correct_delivery": 2.8125, "leaked": 2, "reviewer_accuracy": null, "raw_reviewer_accuracy": null, "reviewer_votes": 0, "review_fail_claims": 0, "machine_confirmed_counterexamples": 0, "confirmed_counterexample_precision_against_hidden_truth": null, "revision_transitions": null, "eq5_gate_delivery_rate": null, "eq5_vote_delivery_rate": null, "eq5_same_choice_rate": null, "eq5_same_choice_effective_rate": null, "endpoint_latency_ms": {"all": {"n": 45, "p50": 7683, "p95": 224374, "max": 461570}, "by_role": {"gen": {"n": 45, "p50": 7683, "p95": 224374, "max": 461570}}, "failed_attempts": 0}, "wall_s": 1659.1, "cost_usd": 0.0, "market_cost_usd": 0.0, "market_cost_per_correct_delivery": 0.0}
── HMIX: {"tasks": 20, "calls": 27, "infra_void": 0, "complete": true, "terminal": true, "processed": 20, "accepted": 19, "accepted_and_meets_demand": 16, "demand_equals_output_rate": 0.8421052631578947, "coverage": 0.95, "correct_delivery_rate": 0.8, "raw_final_accuracy": 0.8, "calls_per_task": 1.35, "calls_per_correct_delivery": 1.6875, "leaked": 3, "reviewer_accuracy": null, "raw_reviewer_accuracy": null, "reviewer_votes": 0, "review_fail_claims": 0, "machine_confirmed_counterexamples": 0, "confirmed_counterexample_precision_against_hidden_truth": null, "revision_transitions": null, "eq5_gate_delivery_rate": null, "eq5_vote_delivery_rate": null, "eq5_same_choice_rate": null, "eq5_same_choice_effective_rate": null, "endpoint_latency_ms": {"all": {"n": 27, "p50": 21339, "p95": 276692, "max": 406680}, "by_role": {"gen": {"n": 27, "p50": 21339, "p95": 276692, "max": 406680}}, "failed_attempts": 0}, "wall_s": 1494.0, "cost_usd": 0.0, "market_cost_usd": 0.0, "market_cost_per_correct_delivery": 0.0}

寫出 runs/g_r460r5_harness_lcb2_b3/summary.json
⚠ 這是待驗證的宣稱不是結果——OFF5 沒跑贏之前不能說機制有效。
