預註冊閘門通過：DECISION_20260911_R529_CROSS_BANK_PREREG.md 授權 g_r529_hep_a8
16 題（humanevalplus　offset=140　題序 [140, 156)）　輸出 runs/g_r529_hep_a8
── 量具驗證（先答已知答案）
   範圍＝bank：對 humanevalplus 全 156 題裡有參考解的驗，本塊 16 題另外算出貨閘門覆蓋
   參考解通過 156/156　壞解被擋 156/156
   可見閘門（CONFORM 決策量具）參考解通過 156/156　樁被擋 156/156　覆蓋 156/156
   本塊出貨閘門覆蓋 16/16
── 模型池：6 個 agent／1 個模型家族
── 模型池預檢（每個 model 問一句，零容忍）
   gemma-4-12b-it-qat　回 2 字　✓
  [OFF 1/16] 需求符合=True 接受=True 累計呼叫=1
  [CONFORM 1/16] 需求符合=True 接受=True 累計呼叫=1
  [HMIX 1/16] 需求符合=True 接受=True 累計呼叫=1
  [OFF 2/16] 需求符合=True 接受=True 累計呼叫=2
  [CONFORM 2/16] 需求符合=True 接受=True 累計呼叫=2
  [HMIX 2/16] 需求符合=True 接受=True 累計呼叫=2
  [OFF 3/16] 需求符合=False 接受=True 累計呼叫=3
  [CONFORM 3/16] 需求符合=False 接受=False 累計呼叫=7
  [HMIX 3/16] 需求符合=True 接受=True 累計呼叫=4
  [OFF 4/16] 需求符合=False 接受=True 累計呼叫=4
  [CONFORM 4/16] 需求符合=True 接受=True 累計呼叫=8
  [HMIX 4/16] 需求符合=True 接受=True 累計呼叫=5
  [OFF 5/16] 需求符合=True 接受=True 累計呼叫=5
  [CONFORM 5/16] 需求符合=True 接受=True 累計呼叫=9
  [HMIX 5/16] 需求符合=True 接受=True 累計呼叫=6
  [OFF 6/16] 需求符合=True 接受=True 累計呼叫=6
  [CONFORM 6/16] 需求符合=True 接受=True 累計呼叫=10
  [HMIX 6/16] 需求符合=True 接受=True 累計呼叫=7
  [OFF 7/16] 需求符合=True 接受=True 累計呼叫=7
  [CONFORM 7/16] 需求符合=True 接受=True 累計呼叫=14
  [HMIX 7/16] 需求符合=True 接受=True 累計呼叫=10
  [OFF 8/16] 需求符合=True 接受=True 累計呼叫=8
  [CONFORM 8/16] 需求符合=True 接受=True 累計呼叫=15
  [HMIX 8/16] 需求符合=True 接受=True 累計呼叫=11
  [OFF 9/16] 需求符合=True 接受=True 累計呼叫=9
  [CONFORM 9/16] 需求符合=True 接受=True 累計呼叫=18
  [HMIX 9/16] 需求符合=True 接受=True 累計呼叫=12
  [OFF 10/16] 需求符合=True 接受=True 累計呼叫=10
  [CONFORM 10/16] 需求符合=True 接受=True 累計呼叫=19
  [HMIX 10/16] 需求符合=False 接受=True 累計呼叫=13
  [OFF 11/16] 需求符合=False 接受=True 累計呼叫=11
  [CONFORM 11/16] 需求符合=True 接受=True 累計呼叫=20
  [HMIX 11/16] 需求符合=True 接受=True 累計呼叫=14
  [OFF 12/16] 需求符合=True 接受=True 累計呼叫=12
  [CONFORM 12/16] 需求符合=True 接受=True 累計呼叫=21
  [HMIX 12/16] 需求符合=True 接受=True 累計呼叫=15
  [OFF 13/16] 需求符合=False 接受=True 累計呼叫=13
  [CONFORM 13/16] 需求符合=True 接受=True 累計呼叫=22
  [HMIX 13/16] 需求符合=True 接受=True 累計呼叫=16
  [OFF 14/16] 需求符合=False 接受=True 累計呼叫=14
  [CONFORM 14/16] 需求符合=True 接受=True 累計呼叫=23
  [HMIX 14/16] 需求符合=True 接受=True 累計呼叫=17
  [OFF 15/16] 需求符合=False 接受=True 累計呼叫=15
  [CONFORM 15/16] 需求符合=True 接受=True 累計呼叫=24
  [HMIX 15/16] 需求符合=True 接受=True 累計呼叫=18
  [OFF 16/16] 需求符合=True 接受=True 累計呼叫=16
  [CONFORM 16/16] 需求符合=True 接受=True 累計呼叫=27
  [HMIX 16/16] 需求符合=True 接受=True 累計呼叫=21
── OFF: {"tasks": 16, "calls": 16, "infra_void": 0, "complete": true, "terminal": true, "processed": 16, "accepted": 16, "accepted_and_meets_demand": 10, "demand_equals_output_rate": 0.625, "coverage": 1.0, "correct_delivery_rate": 0.625, "raw_final_accuracy": 0.625, "calls_per_task": 1.0, "calls_per_correct_delivery": 1.6, "leaked": 6, "reviewer_accuracy": null, "raw_reviewer_accuracy": null, "reviewer_votes": 0, "review_fail_claims": 0, "machine_confirmed_counterexamples": 0, "confirmed_counterexample_precision_against_hidden_truth": null, "revision_transitions": null, "eq5_gate_delivery_rate": null, "eq5_vote_delivery_rate": null, "eq5_same_choice_rate": null, "eq5_same_choice_effective_rate": null, "endpoint_latency_ms": {"all": {"n": 16, "p50": 18365, "p95": 47527, "max": 47527}, "by_role": {"gen": {"n": 16, "p50": 18365, "p95": 47527, "max": 47527}}, "failed_attempts": 0}, "wall_s": 338.1, "cost_usd": 0.0, "market_cost_usd": 0.0, "market_cost_per_correct_delivery": 0.0}
── CONFORM: {"tasks": 16, "calls": 27, "infra_void": 0, "complete": true, "terminal": true, "processed": 16, "accepted": 15, "accepted_and_meets_demand": 15, "demand_equals_output_rate": 1.0, "coverage": 0.9375, "correct_delivery_rate": 0.9375, "raw_final_accuracy": 0.9375, "calls_per_task": 1.6875, "calls_per_correct_delivery": 1.8, "leaked": 0, "reviewer_accuracy": null, "raw_reviewer_accuracy": null, "reviewer_votes": 0, "review_fail_claims": 0, "machine_confirmed_counterexamples": 0, "confirmed_counterexample_precision_against_hidden_truth": null, "revision_transitions": null, "eq5_gate_delivery_rate": null, "eq5_vote_delivery_rate": null, "eq5_same_choice_rate": null, "eq5_same_choice_effective_rate": null, "endpoint_latency_ms": {"all": {"n": 27, "p50": 19189, "p95": 33563, "max": 55226}, "by_role": {"gen": {"n": 27, "p50": 19189, "p95": 33563, "max": 55226}}, "failed_attempts": 1}, "wall_s": 481.7, "cost_usd": 0.0, "market_cost_usd": 0.0, "market_cost_per_correct_delivery": 0.0}
── HMIX: {"tasks": 16, "calls": 21, "infra_void": 0, "complete": true, "terminal": true, "processed": 16, "accepted": 16, "accepted_and_meets_demand": 15, "demand_equals_output_rate": 0.9375, "coverage": 1.0, "correct_delivery_rate": 0.9375, "raw_final_accuracy": 0.9375, "calls_per_task": 1.3125, "calls_per_correct_delivery": 1.4, "leaked": 1, "reviewer_accuracy": null, "raw_reviewer_accuracy": null, "reviewer_votes": 0, "review_fail_claims": 0, "machine_confirmed_counterexamples": 0, "confirmed_counterexample_precision_against_hidden_truth": null, "revision_transitions": null, "eq5_gate_delivery_rate": null, "eq5_vote_delivery_rate": null, "eq5_same_choice_rate": null, "eq5_same_choice_effective_rate": null, "endpoint_latency_ms": {"all": {"n": 22, "p50": 4993, "p95": 24070, "max": 229951}, "by_role": {"gen": {"n": 21, "p50": 5328, "p95": 24070, "max": 229951}, "wire_probe": {"n": 1, "p50": 1625, "p95": 1625, "max": 1625}}, "failed_attempts": 0}, "wall_s": 365.7, "cost_usd": 0.0, "market_cost_usd": 0.0, "market_cost_per_correct_delivery": 0.0}

寫出 runs/g_r529_hep_a8/summary.json
⚠ 這是待驗證的宣稱不是結果——OFF5 沒跑贏之前不能說機制有效。
