預註冊閘門通過：DECISION_20260911_R529_CROSS_BANK_PREREG.md 授權 g_r529_lcb3h_a3
⚠ 分層：lcb3 只取 difficulty∈{hard} 的 54 題（切層在 offset/n 之前 ⇒ offset 數的是該層之內的第幾題）
14 題（lcb3　層=difficulty=hard　offset=40　題序 [40, 54)）　輸出 runs/g_r529_lcb3h_a3
── 量具驗證（先答已知答案）
   範圍＝bank：對 lcb3 全 189 題裡有參考解的驗，本塊 14 題另外算出貨閘門覆蓋（量具**不**套 --bank-filter，理由見原始碼註解）
   量具驗到的 12 題裡，落在 difficulty=hard 這一層的有 3 題（0 不擋——量具驗的是沙箱＋計分，不是那幾題自己；但這個數字要照實帶進收官）
   參考解通過 12/12　壞解被擋 12/12
   可見閘門（CONFORM 決策量具）參考解通過 12/12　樁被擋 12/12　覆蓋 12/12
   本塊出貨閘門覆蓋 14/14
── 模型池：6 個 agent／1 個模型家族
── 模型池預檢（每個 model 問一句，零容忍）
   gemma-4-12b-it-qat　回 2 字　✓
  [OFF 1/14] 需求符合=False 接受=True 累計呼叫=1
  [CONFORM 1/14] 需求符合=False 接受=True 累計呼叫=1
  [HMIX 1/14] 需求符合=False 接受=False 累計呼叫=2
  [OFF 2/14] 需求符合=True 接受=True 累計呼叫=2
  [CONFORM 2/14] 需求符合=True 接受=True 累計呼叫=2
  [HMIX 2/14] 需求符合=True 接受=True 累計呼叫=3
  [OFF 3/14] 需求符合=False 接受=True 累計呼叫=3
  [CONFORM 3/14] 需求符合=True 接受=True 累計呼叫=3
  [HMIX 3/14] 需求符合=True 接受=True 累計呼叫=4
  [OFF 4/14] 需求符合=True 接受=True 累計呼叫=4
  [CONFORM 4/14] 需求符合=True 接受=True 累計呼叫=4
  [HMIX 4/14] 需求符合=True 接受=True 累計呼叫=5
  [OFF 5/14] 需求符合=True 接受=True 累計呼叫=5
  [CONFORM 5/14] 需求符合=True 接受=True 累計呼叫=5
  [HMIX 5/14] 需求符合=True 接受=True 累計呼叫=6
  [OFF 6/14] 需求符合=True 接受=True 累計呼叫=6
  [CONFORM 6/14] 需求符合=True 接受=True 累計呼叫=6
  [HMIX 6/14] 需求符合=True 接受=True 累計呼叫=7
  [OFF 7/14] 需求符合=True 接受=True 累計呼叫=7
  [CONFORM 7/14] 需求符合=True 接受=True 累計呼叫=7
  [HMIX 7/14] 需求符合=True 接受=True 累計呼叫=8
  [OFF 8/14] 需求符合=True 接受=True 累計呼叫=8
  [CONFORM 8/14] 需求符合=True 接受=True 累計呼叫=8
  [HMIX 8/14] 需求符合=True 接受=True 累計呼叫=9
  [OFF 9/14] 需求符合=False 接受=True 累計呼叫=9
  [CONFORM 9/14] 需求符合=False 接受=False 累計呼叫=13
  [HMIX 9/14] 需求符合=False 接受=False 累計呼叫=11
  [OFF 10/14] 需求符合=True 接受=True 累計呼叫=10
  [CONFORM 10/14] 需求符合=True 接受=True 累計呼叫=14
  [HMIX 10/14] 需求符合=True 接受=True 累計呼叫=12
  [OFF 11/14] 需求符合=True 接受=True 累計呼叫=11
  [CONFORM 11/14] 需求符合=True 接受=True 累計呼叫=15
  [HMIX 11/14] 需求符合=True 接受=True 累計呼叫=13
  [OFF 12/14] 需求符合=False 接受=True 累計呼叫=12
  [CONFORM 12/14] 需求符合=False 接受=False 累計呼叫=20
  [HMIX 12/14] 需求符合=False 接受=False 累計呼叫=15
  [OFF 13/14] 需求符合=True 接受=True 累計呼叫=13
  [CONFORM 13/14] 需求符合=True 接受=True 累計呼叫=21
  [HMIX 13/14] 需求符合=True 接受=True 累計呼叫=17
  [OFF 14/14] 需求符合=True 接受=True 累計呼叫=14
  [CONFORM 14/14] 需求符合=True 接受=True 累計呼叫=22
  [HMIX 14/14] 需求符合=True 接受=True 累計呼叫=18
── OFF: {"tasks": 14, "calls": 14, "infra_void": 0, "complete": true, "terminal": true, "processed": 14, "accepted": 14, "accepted_and_meets_demand": 10, "demand_equals_output_rate": 0.7142857142857143, "coverage": 1.0, "correct_delivery_rate": 0.7142857142857143, "raw_final_accuracy": 0.7142857142857143, "calls_per_task": 1.0, "calls_per_correct_delivery": 1.4, "leaked": 4, "reviewer_accuracy": null, "raw_reviewer_accuracy": null, "reviewer_votes": 0, "review_fail_claims": 0, "machine_confirmed_counterexamples": 0, "confirmed_counterexample_precision_against_hidden_truth": null, "revision_transitions": null, "eq5_gate_delivery_rate": null, "eq5_vote_delivery_rate": null, "eq5_same_choice_rate": null, "eq5_same_choice_effective_rate": null, "endpoint_latency_ms": {"all": {"n": 14, "p50": 170921, "p95": 524497, "max": 524497}, "by_role": {"gen": {"n": 14, "p50": 170921, "p95": 524497, "max": 524497}}, "failed_attempts": 0}, "wall_s": 3127.2, "cost_usd": 0.0, "market_cost_usd": 0.0, "market_cost_per_correct_delivery": 0.0}
── CONFORM: {"tasks": 14, "calls": 22, "infra_void": 0, "complete": true, "terminal": true, "processed": 14, "accepted": 12, "accepted_and_meets_demand": 11, "demand_equals_output_rate": 0.9166666666666666, "coverage": 0.8571428571428571, "correct_delivery_rate": 0.7857142857142857, "raw_final_accuracy": 0.7857142857142857, "calls_per_task": 1.5714285714285714, "calls_per_correct_delivery": 2.0, "leaked": 1, "reviewer_accuracy": null, "raw_reviewer_accuracy": null, "reviewer_votes": 0, "review_fail_claims": 0, "machine_confirmed_counterexamples": 0, "confirmed_counterexample_precision_against_hidden_truth": null, "revision_transitions": null, "eq5_gate_delivery_rate": null, "eq5_vote_delivery_rate": null, "eq5_same_choice_rate": null, "eq5_same_choice_effective_rate": null, "endpoint_latency_ms": {"all": {"n": 22, "p50": 226050, "p95": 476570, "max": 494356}, "by_role": {"gen": {"n": 22, "p50": 226050, "p95": 476570, "max": 494356}}, "failed_attempts": 0}, "wall_s": 5942.0, "cost_usd": 0.0, "market_cost_usd": 0.0, "market_cost_per_correct_delivery": 0.0}
── HMIX: {"tasks": 14, "calls": 18, "infra_void": 0, "complete": true, "terminal": true, "processed": 14, "accepted": 11, "accepted_and_meets_demand": 11, "demand_equals_output_rate": 1.0, "coverage": 0.7857142857142857, "correct_delivery_rate": 0.7857142857142857, "raw_final_accuracy": 0.7857142857142857, "calls_per_task": 1.2857142857142858, "calls_per_correct_delivery": 1.6363636363636365, "leaked": 0, "reviewer_accuracy": null, "raw_reviewer_accuracy": null, "reviewer_votes": 0, "review_fail_claims": 0, "machine_confirmed_counterexamples": 0, "confirmed_counterexample_precision_against_hidden_truth": null, "revision_transitions": null, "eq5_gate_delivery_rate": null, "eq5_vote_delivery_rate": null, "eq5_same_choice_rate": null, "eq5_same_choice_effective_rate": null, "endpoint_latency_ms": {"all": {"n": 19, "p50": 278439, "p95": 576291, "max": 576291}, "by_role": {"gen": {"n": 18, "p50": 278439, "p95": 576291, "max": 576291}, "wire_probe": {"n": 1, "p50": 15397, "p95": 15397, "max": 15397}}, "failed_attempts": 0}, "wall_s": 5995.7, "cost_usd": 0.0, "market_cost_usd": 0.0, "market_cost_per_correct_delivery": 0.0}

寫出 runs/g_r529_lcb3h_a3/summary.json
⚠ 這是待驗證的宣稱不是結果——OFF5 沒跑贏之前不能說機制有效。
