── S2 ──
  budget=1·whitewash       用滿    1.0  作惡      1  得手 0.5333  曝光 （早停，不可比）
  budget=1·patient         用滿    1.0  作惡      1  得手 0.8667  曝光 （早停，不可比）
  budget=1·sybil           用滿    1.0  作惡      1  得手 0.5333  曝光 （早停，不可比）
  budget=1·pulse(3,10)     用滿    1.0  作惡      1  得手    0.9  曝光 （早停，不可比）
  budget=1·pulse(5,20)     用滿    1.0  作惡      1  得手    0.9  曝光 （早停，不可比）
  budget=2·whitewash       用滿    1.0  作惡      2  得手 0.9667  曝光 （早停，不可比）
  budget=2·patient         用滿 0.8667  作惡 1.8667  得手 1.6667  曝光 （早停，不可比）
  budget=2·sybil           用滿    1.0  作惡      2  得手 0.9667  曝光 （早停，不可比）
  budget=2·pulse(3,10)     用滿    0.9  作惡    1.9  得手 1.6667  曝光 （早停，不可比）
  budget=2·pulse(5,20)     用滿    0.9  作惡    1.9  得手 1.6667  曝光 （早停，不可比）
  budget=3·whitewash       用滿    1.0  作惡      3  得手 1.6667  曝光 （早停，不可比）
  budget=3·patient         用滿 0.7667  作惡 2.6333  得手    2.3  曝光 （早停，不可比）
  budget=3·sybil           用滿    1.0  作惡      3  得手    1.6  曝光 （早停，不可比）
  budget=3·pulse(3,10)     用滿 0.7667  作惡 2.6667  得手    2.3  曝光 （早停，不可比）
  budget=3·pulse(5,20)     用滿 0.7667  作惡 2.6667  得手    2.3  曝光 （早停，不可比）
  budget=4·whitewash       用滿    1.0  作惡      4  得手 2.2333  曝光 （早停，不可比）
  budget=4·patient         用滿    0.6  作惡 3.2333  得手    2.9  曝光 （早停，不可比）
  budget=4·sybil           用滿    1.0  作惡      4  得手 2.0333  曝光 （早停，不可比）
  budget=4·pulse(3,10)     用滿 0.6333  作惡    3.3  得手 2.9333  曝光 （早停，不可比）
  budget=4·pulse(5,20)     用滿 0.6333  作惡    3.3  得手    2.9  曝光 （早停，不可比）
  budget=6·whitewash       用滿    1.0  作惡      6  得手 3.6667  曝光 （早停，不可比）
  budget=6·patient         用滿 0.2667  作惡 3.9333  得手    3.6  曝光 （早停，不可比）
  budget=6·sybil           用滿    1.0  作惡      6  得手 3.2333  曝光 （早停，不可比）
  budget=6·pulse(3,10)     用滿 0.4667  作惡 4.3333  得手 3.8333  曝光 （早停，不可比）
  budget=6·pulse(5,20)     用滿 0.4667  作惡 4.3333  得手 3.8667  曝光 （早停，不可比）
  budget=12·whitewash      用滿 0.9667  作惡 11.9667  得手 8.1667  曝光 （早停，不可比）
  budget=12·patient        用滿 0.0333  作惡    4.2  得手 3.7333  曝光 （早停，不可比）
  budget=12·sybil          用滿    1.0  作惡     12  得手 6.1333  曝光 （早停，不可比）
  budget=12·pulse(3,10)    用滿 0.0333  作惡 4.8667  得手 4.2333  曝光 （早停，不可比）
  budget=12·pulse(5,20)    用滿    0.0  作惡 4.9333  得手    4.3  曝光 （早停，不可比）
   （33.0s）
── S2F ──
  budget=1·whitewash       用滿    1.0  作惡      1  得手 0.5333  曝光 90.4667
  budget=1·patient         用滿    1.0  作惡      1  得手 0.8667  曝光 71.0333
  budget=1·sybil           用滿    1.0  作惡      1  得手 0.5333  曝光     418
  budget=1·pulse(3,10)     用滿    1.0  作惡      1  得手    0.9  曝光 73.7333
  budget=1·pulse(5,20)     用滿    1.0  作惡      1  得手    0.9  曝光 73.4667
  budget=2·whitewash       用滿    1.0  作惡      2  得手 0.9667  曝光    91.4
  budget=2·patient         用滿 0.8667  作惡 1.8667  得手 1.6667  曝光    59.1
  budget=2·sybil           用滿    1.0  作惡      2  得手 0.9667  曝光     418
  budget=2·pulse(3,10)     用滿    0.9  作惡    1.9  得手 1.6667  曝光 61.4667
  budget=2·pulse(5,20)     用滿    0.9  作惡    1.9  得手 1.6667  曝光    61.2
   （36.6s）

real	1m9.729s
user	6m32.108s
sys	0m2.159s
