── S4 ──
  rounds=600·blind=0.0·(0,10)      曝光       90  週期    9.0  作惡       0  得手       0  有效n   1
  rounds=600·blind=0.0·(3,10)      曝光   9.5667  週期   0.74  作惡  3.0667  得手  2.3667  有效n   5
  rounds=600·blind=0.0·(8,3)       曝光      6.1  週期   0.55  作惡     3.1  得手     2.4  有效n   5
  rounds=600·blind=0.5·(0,10)      曝光       90  週期    9.0  作惡       0  得手       0  有效n   1
  rounds=600·blind=0.5·(3,10)      曝光     14.9  週期   1.15  作惡     4.8  得手  4.2667  有效n  10
  rounds=600·blind=0.5·(8,3)       曝光   7.8333  週期   0.71  作惡  4.8333  得手  4.2333  有效n   9
  rounds=1200·blind=0.0·(0,10)     曝光      170  週期   17.0  作惡       0  得手       0  有效n   1
  rounds=1200·blind=0.0·(3,10)     曝光      9.7  週期   0.75  作惡     3.2  得手     2.6  有效n   6
  rounds=1200·blind=0.0·(8,3)      曝光   6.1667  週期   0.56  作惡  3.1667  得手  2.5667  有效n   6
  rounds=1200·blind=0.5·(0,10)     曝光      170  週期   17.0  作惡       0  得手       0  有效n   1
  rounds=1200·blind=0.5·(3,10)     曝光     18.3  週期   1.41  作惡  5.5333  得手  4.9333  有效n  12
  rounds=1200·blind=0.5·(8,3)      曝光      7.9  週期   0.72  作惡     4.9  得手  4.2667  有效n  10
  rounds=2400·blind=0.0·(0,10)     曝光      330  週期   33.0  作惡       0  得手       0  有效n   1
  rounds=2400·blind=0.0·(3,10)     曝光   9.7333  週期   0.75  作惡  3.2333  得手  2.5333  有效n   5
  rounds=2400·blind=0.0·(8,3)      曝光   6.1333  週期   0.56  作惡  3.1333  得手  2.4667  有效n   5
  rounds=2400·blind=0.5·(0,10)     曝光      330  週期   33.0  作惡       0  得手       0  有效n   1
  rounds=2400·blind=0.5·(3,10)     曝光  16.9333  週期    1.3  作惡  5.1667  得手     4.6  有效n  12
  rounds=2400·blind=0.5·(8,3)      曝光      8.4  週期   0.76  作惡     5.4  得手  4.6667  有效n  12
  rounds=4800·blind=0.0·(0,10)     曝光      650  週期   65.0  作惡       0  得手       0  有效n   1
  rounds=4800·blind=0.0·(3,10)     曝光   9.5667  週期   0.74  作惡  3.0667  得手     2.5  有效n   5
  rounds=4800·blind=0.0·(8,3)      曝光   6.1333  週期   0.56  作惡  3.1333  得手  2.4333  有效n   5
  rounds=4800·blind=0.5·(0,10)     曝光      650  週期   65.0  作惡       0  得手       0  有效n   1
  rounds=4800·blind=0.5·(3,10)     曝光  16.9333  週期    1.3  作惡  5.1667  得手  4.5667  有效n  11
  rounds=4800·blind=0.5·(8,3)      曝光      8.3  週期   0.75  作惡     5.3  得手     4.6  有效n  11
  rounds=9600·blind=0.0·(0,10)     曝光     1290  週期  129.0  作惡       0  得手       0  有效n   1
  rounds=9600·blind=0.0·(3,10)     曝光      9.6  週期   0.74  作惡     3.1  得手  2.4667  有效n   5
  rounds=9600·blind=0.0·(8,3)      曝光   6.1667  週期   0.56  作惡  3.1667  得手     2.5  有效n   5
  rounds=9600·blind=0.5·(0,10)     曝光     1290  週期  129.0  作惡       0  得手       0  有效n   1
  rounds=9600·blind=0.5·(3,10)     曝光  15.3667  週期   1.18  作惡  4.9333  得手  4.2667  有效n  10
  rounds=9600·blind=0.5·(8,3)      曝光   8.3333  週期   0.76  作惡  5.2333  得手  4.5667  有效n  11
   （980.3s）
