R460 [('OFF', 2913, 4994, 0, 0), ('CONFORM', 5805, 8195, 1, 0), ('OFF5', 15004, 23084, 2, 0), ('HPI', 9448, 12459, 0, 0), ('HOC', 7432, 9290, 0, 0), ('HMIX', 5677, 6745, 0, 0)]
r1 [('OFF', 2686, 4671, 1, 0), ('CONFORM', 6497, 9066, 2, 0), ('OFF5', 15564, 25585, 5, 0), ('HPI', 9176, 11969, 1, 0), ('HOC', 7519, 9807, 1, 0), ('HMIX', 5989, 7727, 0, 0)]
r2 [('OFF', 3043, 5618, 0, 0), ('CONFORM', 6880, 9489, 2, 0), ('OFF5', 14877, 24125, 4, 0), ('HPI', 6498, 8208, 2, 0), ('HOC', 7487, 10210, 3, 0), ('HMIX', 7325, 9554, 1, 0)]
r3 [('OFF', 2944, 5120, 1, 0), ('CONFORM', 5246, 6995, 3, 0), ('OFF5', 14954, 25275, 3, 0), ('HPI', 8861, 11685, 3, 0), ('HOC', 6442, 8589, 2, 0), ('HMIX', 8184, 10792, 2, 0)]
r4 [('OFF', 3020, 5845, 2, 0), ('CONFORM', 5770, 8146, 2, 0), ('OFF5', 15226, 22839, 4, 0), ('HPI', 8516, 10535, 1, 0), ('HOC', 7388, 9432, 1, 0), ('HMIX', 7781, 10610, 0, 0)]
r5 [('OFF', 2920, 5697, 5, 0), ('CONFORM', 6416, 9109, 16, 5450), ('OFF5', 14163, 21147, 22, 41652), ('HPI', 7611, 10744, 3, 0), ('HOC', 8325, 11100, 1, 0), ('HMIX', 7505, 10034, 11, 0)]
early_MBPP [('OFF', 677, 952, 0, 0), ('CONFORM', 1105, 1459, 1, 0), ('OFF5', 3562, 4950, 5, 0)]
early_LCB2 [('OFF', 2691, 5294, 1, 0), ('CONFORM', 6101, 8715, 3, 0), ('OFF5', 14102, 22266, 2, 0)]
LCB3_medium [('OFF', 4482, 5262, 0, 0), ('CONFORM', 5556, 6001, 2, 0), ('HMIX', 7586, 8128, 1, 0)]
LCB3_medium_reasoning [('OFF', 6579, 7151, 0, 0), ('CONFORM', 7450, 7551, 2, 0), ('HMIX', 10565, 10708, 1, 0)]
LCB3_medium_no_reasoning [('OFF', 1862, 2428, 0, 0), ('CONFORM', 3189, 3752, 0, 0), ('HMIX', 3861, 4455, 0, 0)]
LCB3_hard [('OFF', 8412, 11954, 1, 0), ('CONFORM', 13334, 17562, 2, 0), ('HMIX', 14318, 17981, 0, 0)]
LCB3_hard_reasoning [('OFF', 11468, 15596, 0, 0), ('CONFORM', 17562, 22966, 0, 0), ('HMIX', 20010, 24298, 0, 0)]
LCB3_hard_no_reasoning [('OFF', 3218, 4950, 1, 0), ('CONFORM', 6147, 8197, 2, 0), ('HMIX', 4641, 6188, 0, 0)]
HumanEvalPlus [('OFF', 1605, 1941, 0, 0), ('CONFORM', 1851, 1964, 1, 0), ('HMIX', 3132, 3301, 0, 0)]
HumanEvalPlus_reasoning [('OFF', 2010, 2310, 0, 0), ('CONFORM', 2291, 2437, 0, 0), ('HMIX', 4368, 4647, 0, 0)]
HumanEvalPlus_no_reasoning [('OFF', 882, 1176, 0, 0), ('CONFORM', 1064, 1124, 1, 0), ('HMIX', 924, 958, 0, 0)]
MBPPPlus [('OFF', 1470, 1969, 0, 0), ('CONFORM', 2209, 2778, 0, 0), ('HMIX', 3576, 4437, 2, 0)]
MBPPPlus_reasoning [('OFF', 1933, 2567, 0, 0), ('CONFORM', 2860, 3590, 0, 0), ('HMIX', 4956, 6122, 1, 0)]
MBPPPlus_no_reasoning [('OFF', 705, 958, 0, 0), ('CONFORM', 1136, 1432, 0, 0), ('HMIX', 1299, 1624, 1, 0)]
cross_pooled [('OFF', 2591, 3318, 1, 0), ('CONFORM', 3601, 4241, 5, 0), ('HMIX', 5045, 5865, 3, 0)]
hashed files 160
