=== 1004 GATE_bcb_618_a1 rc=0 wall=226.4s visible_rc=0 hidden={"passed":5,"total":5,"failures":[]}
=== 1004 CH_bcb_618_a1 rc=0 wall=361.8s visible_rc=0 hidden={"passed":5,"total":5,"failures":[]}
=== 1004 OFF_bcb_618_a1 rc=0 wall=581.1s visible_rc=1 hidden={"passed":0,"total":5,"failures":["check_test_case
=== 1004 OFF_bcb_274_a1 rc=0 wall=478.9s visible_rc=1 hidden={"passed":0,"total":6,"failures":["check_test_emai
=== 1004 GATE_bcb_274_a1 rc=20 wall=540.2s visible_rc=1 hidden={"passed":3,"total":6,"failures":["check_test_emai
=== 1004 CH_bcb_274_a1 rc=124 wall=1500.1s visible_rc=124 hidden={"passed":0,"total":6,"failures":["check_test_emai
=== 1004 GATE_bcb_274_a2 rc=20 wall=329.3s visible_rc=1 hidden={"passed":0,"total":6,"failures":["check_test_emai
=== 1004 GATE_bcb_274_a3 rc=20 wall=504.6s visible_rc=1 hidden={"passed":3,"total":6,"failures":["check_test_emai
=== 1004 OFF_bcb_492_a1 rc=0 wall=60.7s visible_rc=0 hidden={"passed":4,"total":7,"failures":["check_test_case
=== 1004 CH_bcb_492_a1 rc=0 wall=60.9s visible_rc=0 hidden={"passed":4,"total":7,"failures":["check_test_case
=== 1004 GATE_bcb_492_a1 rc=0 wall=84.9s visible_rc=0 hidden={"passed":4,"total":7,"failures":["check_test_case
=== 1004 GATE_bcb_567_a1 rc=0 wall=147.8s visible_rc=0 hidden={"passed":5,"total":5,"failures":[]}
=== 1004 OFF_bcb_567_a1 rc=0 wall=196.5s visible_rc=0 hidden={"passed":5,"total":5,"failures":[]}
=== 1004 CH_bcb_567_a1 rc=0 wall=217.4s visible_rc=0 hidden={"passed":5,"total":5,"failures":[]}
=== 1004 OFF_bcb_752_a1 rc=0 wall=123.5s visible_rc=0 hidden={"passed":9,"total":10,"failures":["check_test_cas
=== 1004 CH_bcb_752_a1 rc=0 wall=132.4s visible_rc=0 hidden={"passed":9,"total":10,"failures":["check_test_cas
=== 1004 GATE_bcb_752_a1 rc=0 wall=146.9s visible_rc=0 hidden={"passed":9,"total":10,"failures":["check_test_cas
=== 1004 CH_bcb_501_a1 rc=0 wall=366.3s visible_rc=0 hidden={"passed":5,"total":6,"failures":["check_test_file
=== 1004 OFF_bcb_501_a1 rc=0 wall=445.5s visible_rc=0 hidden={"passed":6,"total":6,"failures":[]}
=== 1004 GATE_bcb_501_a1 rc=20 wall=831.3s visible_rc=1 hidden={"passed":3,"total":6,"failures":["check_test_cust
=== 1004 GATE_bcb_501_a2 rc=0 wall=160.5s visible_rc=0 hidden={"passed":6,"total":6,"failures":[]}
=== 1004 OFF_bcb_509_a1 rc=0 wall=494.3s visible_rc=0 hidden={"passed":5,"total":5,"failures":[]}
=== 1004 CH_bcb_509_a1 rc=0 wall=673.5s visible_rc=1 hidden={"passed":4,"total":5,"failures":["check_test_diff
=== 1004 GATE_bcb_509_a1 rc=20 wall=1105.3s visible_rc=1 hidden={"passed":4,"total":5,"failures":["check_test_diff
=== 1004 GATE_bcb_509_a2 rc=0 wall=144.4s visible_rc=0 hidden={"passed":5,"total":5,"failures":[]}
=== 1004 GATE_bcb_1019_a1 rc=0 wall=215.2s visible_rc=0 hidden={"passed":4,"total":5,"failures":["check_test_ocr_
=== 1004 OFF_bcb_1019_a1 rc=0 wall=304.8s visible_rc=0 hidden={"passed":4,"total":5,"failures":["check_test_ocr_
=== 1004 CH_bcb_1019_a1 rc=0 wall=509.7s visible_rc=1 hidden={"passed":1,"total":5,"failures":["check_test_ocr_
=== 1004 CH_bcb_532_a1 rc=0 wall=129.4s visible_rc=0 hidden={"passed":6,"total":6,"failures":[]}
=== 1004 GATE_bcb_532_a1 rc=0 wall=135.5s visible_rc=0 hidden={"passed":6,"total":6,"failures":[]}
=== 1004 OFF_bcb_532_a1 rc=0 wall=238.7s visible_rc=0 hidden={"passed":6,"total":6,"failures":[]}
=== 1004 CH_bcb_1137_a1 rc=0 wall=759.5s visible_rc=1 hidden={"passed":0,"total":5,"failures":["check_test_phon
=== 1004 GATE_bcb_1137_a1 rc=20 wall=986.2s visible_rc=1 hidden={"passed":0,"total":5,"failures":["check_test_phon
=== 1004 OFF_bcb_1137_a1 rc=0 wall=1020.1s visible_rc=1 hidden={"passed":0,"total":5,"failures":["check_test_phon
=== 1004 GATE_bcb_1137_a2 rc=20 wall=324.9s visible_rc=1 hidden={"passed":0,"total":5,"failures":["check_test_phon
=== 1004 GATE_bcb_1137_a3 rc=20 wall=498.2s visible_rc=1 hidden={"passed":0,"total":5,"failures":["check_test_phon
=== 1004 OFF_bcb_1015_a1 rc=1 wall=849.6s visible_rc=1 hidden={"passed":3,"total":5,"failures":["check_test_data
=== 1004 CH_bcb_1015_a1 rc=1 wall=850.0s visible_rc=1 hidden={"passed":2,"total":5,"failures":["check_test_data
=== 1004 GATE_bcb_1015_a1 rc=20 wall=851.6s visible_rc=1 hidden={"passed":2,"total":5,"failures":["check_test_data
=== 1004 GATE_bcb_1015_a2 rc=20 wall=408.4s visible_rc=1 hidden={"passed":3,"total":5,"failures":["check_test_data
=== 1004 GATE_bcb_1015_a3 rc=20 wall=120.9s visible_rc=1 hidden={"passed":1,"total":5,"failures":["check_test_data
=== 1004 OFF_bcb_945_a1 rc=0 wall=428.9s visible_rc=0 hidden={"passed":5,"total":5,"failures":[]}
=== 1004 CH_bcb_945_a1 rc=1 wall=1317.8s visible_rc=1 hidden={"passed":4,"total":5,"failures":["check_test_fore
=== 1004 GATE_bcb_945_a1 rc=20 wall=1457.1s visible_rc=1 hidden={"passed":4,"total":5,"failures":["check_test_fore
=== 1004 GATE_bcb_945_a2 rc=0 wall=156.2s visible_rc=0 hidden={"passed":5,"total":5,"failures":[]}
=== 1004 CH_bcb_184_a1 rc=0 wall=83.7s visible_rc=0 hidden={"passed":5,"total":5,"failures":[]}
=== 1004 GATE_bcb_184_a1 rc=0 wall=84.6s visible_rc=0 hidden={"passed":5,"total":5,"failures":[]}
=== 1004 OFF_bcb_184_a1 rc=0 wall=94.3s visible_rc=0 hidden={"passed":5,"total":5,"failures":[]}
=== 1004 GATE_bcb_826_a1 rc=0 wall=69.4s visible_rc=0 hidden={"passed":5,"total":5,"failures":[]}
=== 1004 OFF_bcb_826_a1 rc=0 wall=74.6s visible_rc=0 hidden={"passed":5,"total":5,"failures":[]}
=== 1004 CH_bcb_826_a1 rc=0 wall=93.7s visible_rc=0 hidden={"passed":5,"total":5,"failures":[]}
=== 1004 OFF_bcb_161_a1 rc=0 wall=75.7s visible_rc=0 hidden={"passed":5,"total":5,"failures":[]}
=== 1004 GATE_bcb_161_a1 rc=0 wall=77.1s visible_rc=0 hidden={"passed":5,"total":5,"failures":[]}
=== 1004 CH_bcb_161_a1 rc=0 wall=90.1s visible_rc=0 hidden={"passed":5,"total":5,"failures":[]}
=== 1004 CH_bcb_560_a1 rc=0 wall=134.9s visible_rc=0 hidden={"passed":4,"total":5,"failures":["check_test_inco
=== 1004 OFF_bcb_560_a1 rc=0 wall=162.6s visible_rc=0 hidden={"passed":4,"total":5,"failures":["check_test_inco
=== 1004 GATE_bcb_560_a1 rc=0 wall=380.5s visible_rc=0 hidden={"passed":4,"total":5,"failures":["check_test_inco
=== 1004 CH_bcb_139_a1 rc=0 wall=74.0s visible_rc=0 hidden={"passed":6,"total":7,"failures":["check_test_inva
=== 1004 OFF_bcb_139_a1 rc=0 wall=74.3s visible_rc=0 hidden={"passed":6,"total":7,"failures":["check_test_inva
=== 1004 GATE_bcb_139_a1 rc=0 wall=75.0s visible_rc=0 hidden={"passed":6,"total":7,"failures":["check_test_inva
=== 1004 OFF_bcb_657_a1 rc=0 wall=99.6s visible_rc=0 hidden={"passed":4,"total":5,"failures":["check_test_case
=== 1004 CH_bcb_657_a1 rc=0 wall=101.9s visible_rc=0 hidden={"passed":4,"total":5,"failures":["check_test_case
=== 1004 GATE_bcb_657_a1 rc=0 wall=106.6s visible_rc=0 hidden={"passed":4,"total":5,"failures":["check_test_case
=== 1004 GATE_bcb_241_a1 rc=0 wall=119.3s visible_rc=0 hidden={"passed":5,"total":5,"failures":[]}
=== 1004 OFF_bcb_241_a1 rc=0 wall=128.0s visible_rc=0 hidden={"passed":5,"total":5,"failures":[]}
=== 1004 CH_bcb_241_a1 rc=0 wall=136.7s visible_rc=0 hidden={"passed":5,"total":5,"failures":[]}
=== 1004 CH_bcb_1003_a1 rc=0 wall=145.9s visible_rc=0 hidden={"passed":5,"total":5,"failures":[]}
=== 1004 OFF_bcb_1003_a1 rc=0 wall=147.2s visible_rc=0 hidden={"passed":5,"total":5,"failures":[]}
=== 1004 GATE_bcb_1003_a1 rc=0 wall=148.8s visible_rc=0 hidden={"passed":5,"total":5,"failures":[]}
=== 1004 OFF_bcb_999_a1 rc=0 wall=104.7s visible_rc=0 hidden={"passed":5,"total":5,"failures":[]}
=== 1004 GATE_bcb_999_a1 rc=20 wall=748.1s visible_rc=1 hidden={"passed":1,"total":5,"failures":["check_test_coun
=== 1004 CH_bcb_999_a1 rc=0 wall=819.9s visible_rc=1 hidden={"passed":1,"total":5,"failures":["check_test_coun
=== 1004 GATE_bcb_999_a2 rc=0 wall=56.6s visible_rc=0 hidden={"passed":5,"total":5,"failures":[]}
=== 1004 OFF_bcb_969_a1 rc=124 wall=1500.1s visible_rc=0 hidden={"passed":7,"total":7,"failures":[]}
=== 1004 GATE_bcb_969_a1 rc=124 wall=1500.1s visible_rc=0 hidden={"passed":7,"total":7,"failures":[]}
=== 1004 CH_bcb_969_a1 rc=124 wall=1500.1s visible_rc=0 hidden={"passed":7,"total":7,"failures":[]}
=== 1004 CH_bcb_955_a1 rc=0 wall=854.0s visible_rc=1 hidden={"passed":1,"total":10,"failures":["check_test_cas
=== 1004 GATE_bcb_955_a1 rc=124 wall=1500.1s visible_rc=1 hidden={"passed":0,"total":null,"note":"\u6c92\u6709solut
=== 1004 OFF_bcb_955_a1 rc=124 wall=1500.1s visible_rc=1 hidden={"passed":7,"total":10,"failures":["check_test_cas
=== 1004 GATE_bcb_129_a1 rc=0 wall=148.8s visible_rc=0 hidden={"passed":6,"total":6,"failures":[]}
=== 1004 CH_bcb_129_a1 rc=0 wall=181.5s visible_rc=0 hidden={"passed":5,"total":6,"failures":["check_test_retu
=== 1004 OFF_bcb_129_a1 rc=0 wall=194.7s visible_rc=0 hidden={"passed":6,"total":6,"failures":[]}
=== 1004 GATE_bcb_765_a1 rc=0 wall=184.5s visible_rc=0 hidden={"passed":2,"total":5,"failures":["check_test_file
=== 1004 CH_bcb_765_a1 rc=0 wall=528.9s visible_rc=0 hidden={"passed":2,"total":5,"failures":["check_test_file
=== 1004 OFF_bcb_765_a1 rc=0 wall=661.6s visible_rc=1 hidden={"passed":0,"total":5,"failures":["check_test_empt
=== 1004 OFF_bcb_108_a1 rc=0 wall=306.0s visible_rc=0 hidden={"passed":11,"total":11,"failures":[]}
=== 1004 CH_bcb_108_a1 rc=0 wall=645.5s visible_rc=1 hidden={"passed":7,"total":11,"failures":["check_test_add
=== 1004 GATE_bcb_108_a1 rc=0 wall=658.2s visible_rc=0 hidden={"passed":11,"total":11,"failures":[]}
=== 1004 OFF_bcb_34_a1 rc=0 wall=91.1s visible_rc=0 hidden={"passed":5,"total":5,"failures":[]}
=== 1004 CH_bcb_34_a1 rc=0 wall=93.2s visible_rc=0 hidden={"passed":5,"total":5,"failures":[]}
=== 1004 GATE_bcb_34_a1 rc=0 wall=94.5s visible_rc=0 hidden={"passed":5,"total":5,"failures":[]}
=== 1004 OFF_bcb_502_a1 rc=0 wall=53.5s visible_rc=0 hidden={"passed":4,"total":5,"failures":["check_test_case
=== 1004 GATE_bcb_502_a1 rc=0 wall=63.3s visible_rc=0 hidden={"passed":4,"total":5,"failures":["check_test_case
=== 1004 CH_bcb_502_a1 rc=0 wall=68.7s visible_rc=0 hidden={"passed":4,"total":5,"failures":["check_test_case
=== 1004 GATE_bcb_124_a1 rc=0 wall=116.4s visible_rc=0 hidden={"passed":4,"total":6,"failures":["check_test_outp
=== 1004 OFF_bcb_124_a1 rc=0 wall=124.5s visible_rc=0 hidden={"passed":4,"total":6,"failures":["check_test_outp
=== 1004 CH_bcb_124_a1 rc=0 wall=128.1s visible_rc=0 hidden={"passed":4,"total":6,"failures":["check_test_outp
=== 1004 GATE_bcb_988_a1 rc=0 wall=187.3s visible_rc=0 hidden={"passed":8,"total":12,"failures":["check_test_has
=== 1004 CH_bcb_988_a1 rc=0 wall=206.2s visible_rc=0 hidden={"passed":8,"total":12,"failures":["check_test_has
=== 1004 OFF_bcb_988_a1 rc=0 wall=234.9s visible_rc=0 hidden={"passed":10,"total":12,"failures":["check_test_ha
=== 1004 CH_bcb_785_a1 rc=0 wall=44.4s visible_rc=0 hidden={"passed":3,"total":5,"failures":["check_test_arch
=== 1004 GATE_bcb_785_a1 rc=0 wall=47.3s visible_rc=0 hidden={"passed":3,"total":5,"failures":["check_test_arch
=== 1004 OFF_bcb_785_a1 rc=0 wall=83.4s visible_rc=0 hidden={"passed":3,"total":5,"failures":["check_test_arch
=== 1004 OFF_bcb_368_a1 rc=0 wall=54.8s visible_rc=0 hidden={"passed":4,"total":5,"failures":["check_test_case
=== 1004 GATE_bcb_368_a1 rc=0 wall=54.9s visible_rc=0 hidden={"passed":4,"total":5,"failures":["check_test_case
=== 1004 CH_bcb_368_a1 rc=0 wall=57.5s visible_rc=0 hidden={"passed":4,"total":5,"failures":["check_test_case
=== 1004 CH_bcb_374_a1 rc=0 wall=57.8s visible_rc=0 hidden={"passed":4,"total":5,"failures":["check_test_case
=== 1004 OFF_bcb_374_a1 rc=0 wall=58.0s visible_rc=0 hidden={"passed":4,"total":5,"failures":["check_test_case
=== 1004 GATE_bcb_374_a1 rc=0 wall=75.0s visible_rc=0 hidden={"passed":4,"total":5,"failures":["check_test_case
=== 1004 CH_bcb_399_a1 rc=0 wall=106.9s visible_rc=0 hidden={"passed":5,"total":5,"failures":[]}
=== 1004 GATE_bcb_399_a1 rc=0 wall=118.2s visible_rc=0 hidden={"passed":5,"total":5,"failures":[]}
=== 1004 OFF_bcb_399_a1 rc=0 wall=126.0s visible_rc=0 hidden={"passed":5,"total":5,"failures":[]}
=== 1004 OFF_bcb_445_a1 rc=0 wall=60.9s visible_rc=0 hidden={"passed":6,"total":6,"failures":[]}
=== 1004 GATE_bcb_445_a1 rc=0 wall=76.0s visible_rc=0 hidden={"passed":6,"total":6,"failures":[]}
=== 1004 CH_bcb_445_a1 rc=0 wall=115.5s visible_rc=0 hidden={"passed":6,"total":6,"failures":[]}
=== 1004 GATE_bcb_454_a1 rc=0 wall=152.6s visible_rc=0 hidden={"passed":4,"total":5,"failures":["check_test_move
=== 1004 OFF_bcb_454_a1 rc=0 wall=166.8s visible_rc=0 hidden={"passed":4,"total":5,"failures":["check_test_move
=== 1004 CH_bcb_454_a1 rc=0 wall=167.0s visible_rc=0 hidden={"passed":4,"total":5,"failures":["check_test_move
=== 1004 CH_bcb_187_a1 rc=0 wall=196.8s visible_rc=0 hidden={"passed":5,"total":5,"failures":[]}
=== 1004 GATE_bcb_187_a1 rc=0 wall=1472.9s visible_rc=0 hidden={"passed":5,"total":5,"failures":[]}
=== 1004 OFF_bcb_187_a1 rc=0 wall=1494.0s visible_rc=0 hidden={"passed":5,"total":5,"failures":[]}
