2026-09-24T09:53:40Z worker 1004 起；等 pilot_1004 手上的格子跑完
2026-09-24T10:04:28Z pilot 已停，開始領題
2026-09-24T10:04:28Z 領 bcb_618
2026-09-24T10:14:16Z 領 bcb_274
2026-09-24T11:10:13Z 領 bcb_492
2026-09-24T11:11:41Z 領 bcb_567
2026-09-24T11:15:22Z 領 bcb_752
2026-09-24T11:17:57Z 領 bcb_501
2026-09-24T11:34:35Z 領 bcb_509
2026-09-24T11:55:30Z 領 bcb_1019
2026-09-24T12:04:02Z 領 bcb_532
2026-09-24T12:08:07Z 領 bcb_1137
2026-09-24T12:38:54Z 領 bcb_1015
2026-09-24T13:02:05Z 領 bcb_945
2026-09-24T13:29:07Z 領 bcb_184
2026-09-24T13:30:47Z 領 bcb_826
2026-09-24T13:32:22Z 領 bcb_161
2026-09-24T13:33:54Z 領 bcb_560
2026-09-24T13:40:19Z 領 bcb_139
2026-09-24T13:41:39Z 領 bcb_657
2026-09-24T13:43:30Z 領 bcb_241
2026-09-24T13:45:52Z 領 bcb_1003
2026-09-24T13:48:23Z 領 bcb_999
2026-09-24T14:03:01Z 領 bcb_969
2026-09-24T14:28:08Z 領 bcb_955
2026-09-24T14:53:15Z 領 bcb_129
2026-09-24T14:56:34Z 領 bcb_765
2026-09-24T15:07:36Z 領 bcb_108
2026-09-24T15:18:48Z 領 bcb_34
2026-09-24T15:20:27Z 領 bcb_502
2026-09-24T15:21:43Z 領 bcb_124
2026-09-24T15:23:54Z 領 bcb_988
2026-09-24T15:27:49Z 領 bcb_785
2026-09-24T15:29:13Z 領 bcb_368
2026-09-24T15:30:11Z 領 bcb_374
2026-09-24T15:31:28Z 領 bcb_399
2026-09-24T15:33:36Z 領 bcb_445
2026-09-24T15:35:36Z 領 bcb_454
2026-09-24T15:38:23Z 領 bcb_187
2026-09-24T16:03:20Z 到了停止領題時間
2026-09-24T16:03:20Z worker 1004 收工
