<|channel>thought
<channel|>```python
def solution(name: str) -> str:
    parts = name.split()
    initials = [part[0].upper() for part in parts if part]
    return "".join(initials)

if __name__ == "__main__":
    import sys
    input_data = sys.stdin.read().strip()
    if input_data:
        print(solution(input_data))
```
<|channel>thought
<channel|>```python
def solution(name: str) -> str:
    parts = name.split()
    initials = [part[0].upper() for part in parts]
    return "".join(initials)

if __name__ == "__main__":
    import sys
    input_data = sys.stdin.read().strip()
    if input_data:
        print(solution(input_data))
```
<|channel>thought
<channel|>```python
def solution(name: str) -> str:
    parts = name.split()
    initials = [part[0].upper() for part in parts]
    return "".join(initials)

if __name__ == "__main__":
    import sys
    input_data = sys.stdin.read().strip()
    if input_data:
        print(solution(input_data))
```
<|channel>thought
<channel|>```python
def solution(name: str) -> str:
    parts = name.split()
    initials = [part[0].upper() for part in parts]
    return "".join(initials)

if __name__ == "__main__":
    import sys
    input_data = sys.stdin.read().strip()
    if input_data:
        print(solution(input_data))
```
KAL-52__s1_05_initials__held       ON exit=20   拒交   | OFF 通數=4    事後稽核=沒過
KAL-52__s1_30_ord_suffix__held     ON exit=20   拒交   | OFF 通數=3    事後稽核=沒過
<|channel>thought
<channel|>```python
import datetime
import sys

def solve():
    if len(sys.argv) < 3:
        return
    try:
        year = int(sys.argv[1])
        month = int(sys.argv[2])
        
        if month == 12:
            next_date = datetime.date(year + 1, 1, 1)
        else:
            next_date = datetime.date(year, month + 1, 1)
            
        current_date = datetime.date(year, month, 1)
        print((next_date - current_date).days)
    except ValueError:
        pass

if __name__ == "__main__":
    solve()
```
<|channel>thought
<channel|>```python
import sys
import calendar

def main():
    if len(sys.argv) < 3:
        return
    
    try:
        year = int(sys.argv[1])
        month = int(sys.argv[2])
        
        # calendar.monthrange returns a tuple (first_day_of_week, number_of_days_in_month)
        _, days_in_month = calendar.monthrange(year, month)
        print(days_in_month)
    except ValueError:
        pass

if __name__ == "__main__":
    main()
```
<|channel>thought
<channel|>```python
import datetime
import sys

def solve():
    # The problem states "The year is the first argument and the month is the second".
    # In many coding environments, this refers to command-line arguments.
    # However, if it's a standard competitive programming task, it might mean stdin.
    # Let's check sys.argv first.
    if len(sys.argv) >= 3:
        try:
            year = int(sys.argv[1])
            month = int(sys.argv[2])
        except ValueError:
            return
    else:
        line = sys.stdin.readline()
        if not line:
            return
        parts = line.split()
        if len(parts) < 2:
            return
        try:
            year = int(parts[0])
            month = int(parts[1])
        except ValueError:
            return

    # Calculate last day of the month
    if month == 12:
        next_month = datetime.date(year + 1, 1, 1)
    else:
        next_month = datetime.date(year, month + 1, 1)
        
    last_day = (next_month - datetime.timedelta(days=1)).day
    print(last_day)

if __name__ == "__main__":
    solve()
```
<|channel>thought
<channel|>The task is completed. I have written a `solution.py` file that takes the year and month as command-line arguments, calculates the number of days in that month (handling leap years correctly via the `datetime` module), and prints the result.

```python
import datetime
import sys

def main():
    if len(sys.argv) < 3:
        return
    
    try:
        year = int(sys.argv[1])
        month = int(sys.argv[2])
        
        # Calculate the first day of the current month
        current_date = datetime.date(year, month, 1)
        
        # Calculate the first day of the next month
        if month == 12:
            next_date = datetime.date(year + 1, 1, 1)
        else:
            next_date = datetime.date(year, month + 1, 1)
            
        # The difference in days is the number of days in the current month
        print((next_date - current_date).days)
    except ValueError:
        pass

if __name__ == "__main__":
    main()
```
KAL-52__s1_34_days_in__held        ON exit=20   拒交   | OFF 通數=4    事後稽核=沒過
<|channel>thought
<channel|>```python
def solution(name: str) -> str:
    parts = name.split()
    initials = [part[0].upper() for part in parts if part]
    return "".join(initials)

if __name__ == "__main__":
    import sys
    input_data = sys.stdin.read().strip()
    if input_data:
        print(solution(input_data))
```
<|channel>thought
<channel|>```python
def solution(name: str) -> str:
    parts = name.split()
    initials = [part[0].upper() for part in parts]
    return "".join(initials)

if __name__ == "__main__":
    import sys
    input_data = sys.stdin.read().strip()
    if input_data:
        print(solution(input_data))
```
<|channel>thought
<channel|>```python
def solution(name: str) -> str:
    parts = name.split()
    initials = [part[0].upper() for part in parts]
    return "".join(initials)

if __name__ == "__main__":
    import sys
    input_data = sys.stdin.read().strip()
    if input_data:
        print(solution(input_data))
```
<|channel>thought
<channel|>```python
def solution(name: str) -> str:
    parts = name.split()
    initials = [part[0].upper() for part in parts]
    return "".join(initials)

if __name__ == "__main__":
    import sys
    input_data = sys.stdin.read().strip()
    if input_data:
        print(solution(input_data))
```
DUL-89__s1_05_initials__held       ON exit=20   拒交   | OFF 通數=4    事後稽核=沒過
DUL-89__s1_30_ord_suffix__held     ON exit=20   拒交   | OFF 通數=1    事後稽核=沒過
<|channel>thought
<channel|>```python
import sys

def solve():
    line = sys.stdin.read().split()
    if not line:
        return
    year = int(line[0])
    month = int(line[1])
    
    # Days in each month for a non-leap year
    days_in_months = [31, 28, 31, 30, 31, 30, 31, 31, 30, 31, 30, 31]
    
    # Check for leap year: divisible by 4, but not by 100 unless also divisible by 400
    is_leap = (year % 4 == 0 and year % 100 != 0) or (year % 400 == 0)
    
    if is_leap:
        days_in_months[1] = 29
        
    print(days_in_months[month - 1])

if __name__ == "__main__":
    solve()
```
<|channel>thought
<channel|>```python
import sys

def solve():
    line = sys.stdin.read().split()
    if not line:
        return
    year = int(line[0])
    month = int(line[1])
    
    # Days in each month for a non-leap year
    days_in_months = [31, 28, 31, 30, 31, 30, 31, 31, 30, 31, 30, 31]
    
    # Check for leap year: divisible by 4, but not by 100 unless also divisible by 400
    is_leap = (year % 4 == 0 and (year % 100 != 0 or year % 400 == 0))
    
    if is_leap:
        days_in_months[1] = 29
        
    print(days_in_months[month - 1])

if __name__ == "__main__":
    solve()
```
<|channel>thought
<channel|>```python
import sys

def solve():
    line = sys.stdin.readline()
    if not line:
        return
    parts = line.split()
    if len(parts) < 2:
        return
    year = int(parts[0])
    month = int(parts[1])

    if month in [4, 6, 9, 11]:
        print(30)
    elif month == 2:
        if (year % 4 == 0 and year % 100 != 0) or (year % 400 == 0):
            print(29)
        else:
            print(28)
    else:
        print(31)

if __name__ == "__main__":
    solve()
```
<|channel>thought
<channel|>```python
def is_leap(year):
    if year % 400 == 0:
        return True
    if year % 100 == 0:
        return False
    if year % 4 == 0:
        return True
    return False

def days_in_month(year, month):
    if month in [1, 3, 5, 7, 8, 10, 12]:
        return 31
    elif month in [4, 6, 9, 11]:
        return 30
    elif month == 2:
        if is_leap(year):
            return 29
        else:
            return 28
    else:
        return None

if __name__ == "__main__":
    import sys
    if len(sys.argv) == 3:
        try:
            year = int(sys.argv[1])
            month = int(sys.argv[2])
            print(days_in_month(year, month))
        except ValueError:
            pass
```
DUL-89__s1_34_days_in__held        ON exit=20   拒交   | OFF 通數=3    事後稽核=沒過
<|channel>thought
<channel|>```python
def solution(name: str) -> str:
    parts = name.split()
    initials = [part[0].upper() for part in parts]
    return "".join(initials)

if __name__ == "__main__":
    import sys
    input_data = sys.stdin.read().strip()
    if input_data:
        print(solution(input_data))
```
<|channel>thought
<channel|>```python
def solution(name: str) -> str:
    parts = name.split()
    initials = [part[0].upper() for part in parts]
    return "".join(initials)

if __name__ == "__main__":
    import sys
    input_data = sys.stdin.read().strip()
    if input_data:
        print(solution(input_data))
```
<|channel>thought
<channel|>```python
def solution(name: str) -> str:
    parts = name.split()
    initials = [part[0].upper() for part in parts]
    return "".join(initials)

if __name__ == "__main__":
    import sys
    input_data = sys.stdin.read().strip()
    if input_data:
        print(solution(input_data))
```
<|channel>thought
<channel|>```python
def solution(name: str) -> str:
    parts = name.split()
    initials = [part[0].upper() for part in parts if part]
    return "".join(initials)

if __name__ == "__main__":
    import sys
    input_data = sys.stdin.read().strip()
    if input_data:
        print(solution(input_data))
```
LIV-51__s1_05_initials__held       ON exit=20   拒交   | OFF 通數=4    事後稽核=沒過
<|channel>thought
<channel|>```python
import sys

def solve():
    for line in sys.stdin:
        line = line.strip()
        if not line:
            continue
        try:
            n = int(line)
        except ValueError:
            continue

        # Ordinal suffix logic
        # 1st, 2nd, 3rd, 4th...
        # Exceptions are 11th, 12th, 13th (they take 'th' instead of 'st', 'nd', 'rd')
        
        if n % 100 in [11, 12, 13]:
            suffix = "th"
        else:
            last_digit = n % 10
            if last_digit == 1:
                suffix = "st"
            elif last_digit == 2:
                suffix = "nd"
            elif last_digit == 3:
                suffix = "rd"
            else:
                suffix = "th"
        
        print(f"{n}{suffix}")

if __name__ == "__main__":
    solve()
```
<|channel>thought
<channel|>The task asks for a program that takes a positive whole number and outputs it with its ordinal suffix (e.g., 1st, 2nd, 3rd), while handling the exceptions of 11th, 12th, and 13th which take the "plain" 'th' ending instead of following the standard digit-based rules.

I have implemented this in `solution.py`. It reads from stdin, checks if the number ends in 11, 12, or 13 to apply the 'th' suffix, and otherwise applies the correct ordinal suffix based on the last digit.
LIV-51__s1_30_ord_suffix__held     ON exit=20   拒交   | OFF 通數=3    事後稽核=沒過
<|channel>thought
<channel|>```python
import sys

def solve():
    # The problem says "The year is the first argument and the month is the second"
    # This usually refers to command line arguments in these types of tasks.
    if len(sys.argv) < 3:
        return
    try:
        year = int(sys.argv[1])
        month = int(sys.argv[2])
        
        if month == 2:
            if (year % 4 == 0 and year % 100 != 0) or (year % 400 == 0):
                print(29)
            else:
                print(28)
        elif month in [4, 6, 9, 11]:
            print(30)
        else:
            print(31)
    except ValueError:
        pass

if __name__ == "__main__":
    solve()
```
<|channel>thought
<channel|>```python
import sys
from datetime import date, timedelta

def solve():
    input_data = sys.stdin.read().split()
    if len(input_data) < 2:
        return
    
    try:
        year = int(input_data[0])
        month = int(input_data[1])
        
        # The last day of the month is the day before the first day of the next month.
        if month == 12:
            next_month_date = date(year + 1, 1, 1)
        else:
            next_month_date = date(year, month + 1, 1)
        
        last_day = (next_month_date - timedelta(days=1)).day
        print(last_day)
    except ValueError:
        pass

if __name__ == "__main__":
    solve()
```
<|channel>thought
<channel|>The code in `solution.py` correctly calculates the number of days in a given month and year, accounting for leap years as specified.

```python
import sys

def solve():
    # The problem says "The year is the first argument and the month is the second"
    # This usually refers to command line arguments in these types of tasks.
    if len(sys.argv) < 3:
        return

    try:
        year = int(sys.argv[1])
        month = int(sys.argv[2])
    except ValueError:
        return

    # Days in each month (non-leap year)
    days_in_month = [31, 28, 31, 30, 31, 30, 31, 31, 30, 31, 30, 31]

    # Check for leap year: divisible by 4, but not by 100 unless also divisible by 400
    is_leap = (year % 4 == 0 and year % 100 != 0) or (year % 400 == 0)
    
    if month == 2 and is_leap:
        print(29)
    else:
        # Month is 1-indexed, so we use month - 1
        print(days_in_month[month - 1])

if __name__ == "__main__":
    solve()
```
<|channel>thought
<channel|>```python
import sys

def solve():
    line = sys.stdin.read().split()
    if not line:
        return
    year = int(line[0])
    month = int(line[1])
    
    # Days in each month (non-leap year)
    days_in_months = [31, 28, 31, 30, 31, 30, 31, 31, 30, 31, 30, 31]
    
    # Check for leap year: divisible by 4, but not by 100 unless also divisible by 400
    is_leap = (year % 4 == 0 and (year % 100 != 0 or year % 400 == 0))
    
    if is_leap:
        days_in_months[1] = 29
        
    print(days_in_months[month - 1])

if __name__ == "__main__":
    solve()
```
LIV-51__s1_34_days_in__held        ON exit=20   拒交   | OFF 通數=4    事後稽核=沒過

本流 9 格；索引共 54 格：交付 24、拒交 30、作廢 0 → /var/tmp/vacant_lreal_20260924/out/twin_index.json
