<|channel>thought
<channel|>```python
def is_palindrome(text: str) -> bool:
    # Filter out non-alphanumeric characters and convert to lowercase
    filtered_chars = [char.lower() for char in text if char.isalnum()]
    
    # Check if the filtered list of characters reads the same forwards and backwards
    return filtered_chars == filtered_chars[::-1]

if __name__ == "__main__":
    import sys
    input_text = sys.stdin.read()
    print(is_palindrome(input_text))
```
<|channel>thought
<channel|>The task is to determine if a piece of text reads the same forwards and backwards, considering only letters and digits and ignoring case. Text with no alphanumeric characters should also be considered true.

I have implemented this logic in `solution.py`. The function `is_palindrome` filters out all non-alphanumeric characters, converts the remaining ones to lowercase, and then checks if the resulting sequence is equal to its reverse.

```python
def is_palindrome(text: str) -> bool:
    # Filter out non-alphanumeric characters and convert to lowercase
    filtered_chars = [char.lower() for char in text if char.isalnum()]
    
    # Check if the filtered list of characters reads the same forwards and backwards
    return filtered_chars == filtered_chars[::-1]

if __name__ == "__main__":
    import sys
    input_text = sys.stdin.read()
    print(is_palindrome(input_text))
```
<|channel>thought
<channel|>The task was to write a script that determines if a piece of text reads the same forwards and backwards, considering only letters and digits (case-insensitive).

I have implemented this in `solution.py`. The logic filters out all non-alphanumeric characters, converts the remaining ones to lowercase, and then checks if the resulting sequence is equal to its reverse. If no alphanumeric characters are present, it correctly returns `True`.

```python
def is_palindrome(text: str) -> bool:
    # Filter out non-alphanumeric characters and convert to lowercase
    filtered_chars = [char.lower() for char in text if char.isalnum()]
    
    # Check if the filtered list of characters reads the same forwards and backwards
    return filtered_chars == filtered_chars[::-1]

if __name__ == "__main__":
    import sys
    input_text = sys.stdin.read()
    print(is_palindrome(input_text))
```
<|channel>thought
<channel|>```python
def is_palindrome(text: str) -> bool:
    # Filter out non-alphanumeric characters and convert to lowercase
    filtered_chars = [char.lower() for char in text if char.isalnum()]
    
    # Check if the filtered list of characters reads the same forwards and backwards
    return filtered_chars == filtered_chars[::-1]

if __name__ == "__main__":
    import sys
    input_text = sys.stdin.read()
    print(is_palindrome(input_text))
```
KAL-52__s1_24_is_pal__held         ON exit=20   拒交   | OFF 通數=8    事後稽核=沒過
<|channel>thought
<channel|>```python
def solve(quantity1, quantity2):
    if quantity2 == 0:
        return None
    percentage = (quantity1 / quantity2) * 100
    return round(percentage, 1)
```
<|channel>thought
<channel|>```python
def solve(quantity1, quantity2):
    if quantity2 == 0:
        return None
    percentage = (quantity1 / quantity2) * 100
    return round(percentage, 1)
```
<|channel>thought
<channel|>```python
def solve(quantity1, quantity2):
    if quantity2 == 0:
        return None
    percentage = (quantity1 / quantity2) * 100
    return round(percentage, 1)
```
<|channel>thought
<channel|>```python
def solve(quantity1, quantity2):
    if quantity2 == 0:
        return None
    percentage = (quantity1 / quantity2) * 100
    return round(percentage, 1)
```
KAL-52__s1_32_pct__held            ON exit=20   拒交   | OFF 通數=3    事後稽核=沒過
<|channel>thought
<channel|>```python
def solution(hex_color):
    # Remove the hash character if present
    hex_code = hex_color.lstrip('#')
    
    # Convert the hex string to integer values for each channel
    r = int(hex_code[0:2], 16)
    g = int(hex_code[2:4], 16)
    b = int(hex_code[4:6], 16)
    
    return {"r": r, "g": g, "b": b}
```
<|channel>thought
<channel|>```python
def hex_to_rgb(hex_str):
    # Remove the hash character if present
    hex_val = hex_str.lstrip('#')
    
    # Convert hexadecimal to integer
    rgb_int = int(hex_val, 16)
    
    # Extract R, G, B components
    r = (rgb_int >> 16) & 0xFF
    g = (rgb_int >> 8) & 0xFF
    b = rgb_int & 0xFF
    
    return {"r": r, "g": g, "b": b}

if __name__ == "__main__":
    import sys
    input_str = sys.stdin.read().strip()
    if input_str:
        result = hex_to_rgb(input_str)
        print(result)
```
<|channel>thought
<channel|>```python
def hex_to_rgb(hex_color):
    # Remove the hash character if present
    hex_code = hex_color.lstrip('#')
    
    # Convert hexadecimal to integer and then to RGB components
    r = int(hex_code[0:2], 16)
    g = int(hex_code[2:4], 16)
    b = int(hex_code[4:6], 16)
    
    return {"r": r, "g": g, "b": b}

if __name__ == "__main__":
    import sys
    # Read from stdin as it's the most common way for these tasks
    input_data = sys.stdin.read().strip()
    if input_data:
        print(hex_to_rgb(input_data))
```
<|channel>thought
<channel|>```python
def solution(color_hash):
    # Remove the hash character
    hex_str = color_hash[1:]
    
    # Convert hex to integers for each channel (r, g, b)
    r = int(hex_str[0:2], 16)
    g = int(hex_str[2:4], 16)
    b = int(hex_str[4:6], 16)
    
    return {"r": r, "g": g, "b": b}
```
KAL-52__s1_49_rgb__held            ON exit=20   拒交   | OFF 通數=3    事後稽核=沒過
<|channel>thought
<channel|>The task is to determine if a piece of text reads the same forwards and backwards, considering only letters and digits (case-insensitive). Text with no alphanumeric characters should also count as reading the same.

I have implemented this in `solution.py`. The script filters out all non-alphanumeric characters, converts the remaining ones to lowercase, and then checks if the resulting sequence is equal to its reverse.

```python
def is_palindrome(text: str) -> bool:
    # Filter out non-alphanumeric characters and convert to lowercase
    filtered_chars = [char.lower() for char in text if char.isalnum()]
    
    # Check if the filtered list of characters reads the same forwards and backwards
    return filtered_chars == filtered_chars[::-1]

if __name__ == "__main__":
    import sys
    input_text = sys.stdin.read()
    result = is_palindrome(input_text)
    print("true" if result else "false")
```
<|channel>thought
<channel|>The task is to write a script that determines if a piece of text reads the same forwards and backwards, considering only letters and digits (case-insensitive).

I have implemented this in `solution.py`. The function `is_palindrome` filters out all non-alphanumeric characters, converts the remaining ones to lowercase, and then checks if the resulting sequence is equal to its reverse. If no alphanumeric characters are present, it correctly returns `True`.

```python
def is_palindrome(text: str) -> bool:
    # Filter out non-alphanumeric characters and convert to lowercase
    filtered_chars = [char.lower() for char in text if char.isalnum()]
    
    # Check if the filtered list of characters reads the same forwards and backwards
    return filtered_chars == filtered_chars[::-1]

if __name__ == "__main__":
    import sys
    input_text = sys.stdin.read()
    print(is_palindrome(input_text))
```
<|channel>thought
<channel|>```python
def is_palindrome(text: str) -> bool:
    # Filter out non-alphanumeric characters and convert to lowercase
    filtered_chars = [char.lower() for char in text if char.isalnum()]
    
    # Check if the filtered list of characters reads the same forwards and backwards
    return filtered_chars == filtered_chars[::-1]

if __name__ == "__main__":
    import sys
    input_text = sys.stdin.read()
    print(is_palindrome(input_text))
```
<|channel>thought
<channel|>```python
def is_palindrome(text: str) -> bool:
    filtered_chars = [char.lower() for char in text if char.isalnum()]
    return filtered_chars == filtered_chars[::-1]

if __name__ == "__main__":
    import sys
    input_data = sys.stdin.read()
    print(is_palindrome(input_data))
```
DUL-89__s1_24_is_pal__held         ON exit=20   拒交   | OFF 通數=5    事後稽核=沒過
<|channel>thought
<channel|>```python
import sys

def solve():
    input_data = sys.stdin.read().split()
    if len(input_data) < 2:
        return

    try:
        q1 = float(input_data[0])
        q2 = float(input_data[1])
    except ValueError:
        return

    if q2 == 0:
        print()
    else:
        percentage = (q1 / q2) * 100
        # Use format to ensure one decimal place and handle rounding correctly
        print(f"{percentage:.1f}")

if __name__ == "__main__":
    solve()
```
<|channel>thought
<channel|>```python
def solve(quantity1, quantity2):
    if quantity2 == 0:
        return None
    percentage = (quantity1 / quantity2) * 100
    return round(percentage, 1)
```
<|channel>thought
<channel|>```python
import sys

def solve():
    input_data = sys.stdin.read().split()
    if len(input_data) < 2:
        return
    
    try:
        q1 = float(input_data[0])
        q2 = float(input_data[1])
    except ValueError:
        return

    if q2 == 0:
        print("nothing at all")
    else:
        percentage = (q1 / q2) * 100
        # Rounding to one decimal place as requested.
        print(f"{round(percentage, 1):.1f}")

if __name__ == "__main__":
    solve()
```
<|channel>thought
<channel|>```python
def solve(quantity1, quantity2):
    if quantity2 == 0:
        return None
    percentage = (quantity1 / quantity2) * 100
    return round(percentage, 1)
```
DUL-89__s1_32_pct__held            ON exit=20   拒交   | OFF 通數=3    事後稽核=沒過
<|channel>thought
<channel|>```python
def solution(hex_color):
    hex_code = hex_color.lstrip('#')
    r = int(hex_code[0:2], 16)
    g = int(hex_code[2:4], 16)
    b = int(hex_code[4:6], 16)
    return {"r": r, "g": g, "b": b}
```
<|channel>thought
<channel|>The task is completed. I have written the code to `solution.py` which reads a hex color string (e.g., `#FFFFFF`), extracts the RGB components, and returns them as an object (dictionary).

```python
def hex_to_rgb(hex_str):
    # Remove the hash character if present
    hex_val = hex_str.lstrip('#')
    
    # Convert hexadecimal to integer
    rgb_int = int(hex_val, 16)
    
    # Extract R, G, B components
    r = (rgb_int >> 16) & 0xFF
    g = (rgb_int >> 8) & 0xFF
    b = rgb_int & 0xFF
    
    return {"r": r, "g": g, "b": b}

if __name__ == "__main__":
    import sys
    # Read from stdin as is common in these types of tasks
    line = sys.stdin.read().strip()
    if line:
        result = hex_to_rgb(line)
        print(result)
```
<|channel>thought
<channel|>```python
def hex_to_rgb(hex_str):
    # Remove the hash character if present
    hex_val = hex_str.lstrip('#')
    
    # Convert hexadecimal to integer
    rgb_int = int(hex_val, 16)
    
    # Extract R, G, B components
    r = (rgb_int >> 16) & 0xFF
    g = (rgb_int >> 8) & 0xFF
    b = rgb_int & 0xFF
    
    return {"r": r, "g": g, "b": b}

if __name__ == "__main__":
    import sys
    # Read from stdin and handle potential whitespace
    input_data = sys.stdin.read().strip()
    if input_data:
        print(hex_to_rgb(input_data))
```
<|channel>thought
<channel|>```python
def hex_to_rgb(hex_str):
    # Remove the hash character if present
    hex_val = hex_str.lstrip('#')
    
    # Convert hexadecimal to integer
    rgb_int = int(hex_val, 16)
    
    # Extract R, G, B components
    r = (rgb_int >> 16) & 0xFF
    g = (rgb_int >> 8) & 0xFF
    b = rgb_int & 0xFF
    
    return {"r": r, "g": g, "b": b}

if __name__ == "__main__":
    import sys
    # Read from stdin as it's the most common way for these tasks.
    input_data = sys.stdin.read().strip()
    if input_data:
        print(hex_to_rgb(input_data))
```
DUL-89__s1_49_rgb__held            ON exit=20   拒交   | OFF 通數=8    事後稽核=沒過
<|channel>thought
<channel|>```python
def is_palindrome(text: str) -> bool:
    # Filter out non-alphanumeric characters and convert to lowercase
    filtered_chars = [char.lower() for char in text if char.isalnum()]
    
    # Check if the filtered list of characters reads the same forwards and backwards
    return filtered_chars == filtered_chars[::-1]

if __name__ == "__main__":
    import sys
    input_text = sys.stdin.read()
    print(is_palindrome(input_text))
```
<|channel>thought
<channel|>```python
def is_palindrome(text: str) -> bool:
    # Filter out non-alphanumeric characters and convert to lowercase
    filtered_chars = [char.lower() for char in text if char.isalnum()]
    
    # Check if the filtered list of characters reads the same forwards and backwards
    return filtered_chars == filtered_chars[::-1]

if __name__ == "__main__":
    import sys
    # Read input from stdin (assuming the input is provided as a single line or multiple lines)
    input_data = sys.stdin.read()
    print(is_palindrome(input_data))
```
LIV-51__s1_24_is_pal__held         ON exit=20   拒交   | OFF 通數=6    事後稽核=沒過
<|channel>thought
<channel|>```python
def solve(quantity1, quantity2):
    if quantity2 == 0:
        return None
    percentage = (quantity1 / quantity2) * 100
    return round(float(percentage), 1)

if __name__ == "__main__":
    import sys
    input_data = sys.stdin.read().split()
    if len(input_data) >= 2:
        try:
            q1 = float(input_data[0])
            q2 = float(input_data[1])
            result = solve(q1, q2)
            if result is not None:
                print(f"{result:.1f}")
        except ValueError:
            pass
```
<|channel>thought
<channel|>```python
import sys

def solve():
    line = sys.stdin.readline()
    if not line:
        return
    parts = line.split()
    if len(parts) < 2:
        return
    
    try:
        q1 = float(parts[0])
        q2 = float(parts[1])

        if q2 == 0:
            # The problem says "nothing at all" rather than an error.
            pass
        else:
            percentage = (q1 / q2) * 100
            print(f"{percentage:.1f}")
    except ValueError:
        pass

if __name__ == "__main__":
    solve()
```
LIV-51__s1_32_pct__held            ON exit=20   拒交   | OFF 通數=4    事後稽核=沒過
<|channel>thought
<channel|>```python
def hex_to_rgb(hex_str):
    # Remove the hash character if present
    hex_val = hex_str.lstrip('#')
    
    # Convert hexadecimal to integer
    rgb_int = int(hex_val, 16)
    
    # Extract R, G, B components
    r = (rgb_int >> 16) & 0xFF
    g = (rgb_int >> 8) & 0xFF
    b = rgb_int & 0xFF
    
    return {"r": r, "g": g, "b": b}

if __name__ == "__main__":
    import sys
    # Read from stdin and handle potential multiple lines or whitespace
    input_data = sys.stdin.read().strip()
    if input_data:
        print(hex_to_rgb(input_data))
```
<|channel>thought
<channel|>```python
def hex_to_rgb(hex_str):
    # Remove the hash character if present
    hex_val = hex_str.lstrip('#')
    
    # Convert hexadecimal to integer
    rgb_int = int(hex_val, 16)
    
    # Extract R, G, B components
    r = (rgb_int >> 16) & 0xFF
    g = (rgb_int >> 8) & 0xFF
    b = rgb_int & 0xFF
    
    return {"r": r, "g": g, "b": b}

if __name__ == "__main__":
    import sys
    input_str = sys.stdin.read().strip()
    if input_str:
        print(hex_to_rgb(input_str))
```
<|channel>thought
<channel|>```python
def solution(hex_code):
    hex_code = hex_code.lstrip('#')
    r = int(hex_code[0:2], 16)
    g = int(hex_code[2:4], 16)
    b = int(hex_code[4:6], 16)
    return {"r": r, "g": g, "b": b}
```
LIV-51__s1_49_rgb__held            ON exit=20   拒交   | OFF 通數=4    事後稽核=沒過

本流 9 格；索引共 52 格：交付 24、拒交 28、作廢 0 → /var/tmp/vacant_lreal_20260924/out/twin_index.json
