{
  "ok": true,
  "restored": [
    {
      "path": "/var/tmp/vacant_piext_20260924/pilot_gemini/home_on/.config/environment.d/50-vacant-possess.conf",
      "action": "create",
      "result": "deleted",
      "ok": true
    },
    {
      "path": "/var/tmp/vacant_piext_20260924/pilot_gemini/home_on/.pi/agent/extensions/vacant.ts",
      "action": "create",
      "result": "deleted",
      "ok": true
    }
  ],
  "shims": [
    {
      "path": "/var/tmp/vacant_piext_20260924/pilot_gemini/home_on/.vacant/possess/bin/pi",
      "ok": true
    }
  ],
  "service": {
    "backend": "bare",
    "rc": 0
  },
  "state": "/var/tmp/vacant_piext_20260924/pilot_gemini/home_on/.vacant/possess",
  "systemd_path_env": {
    "action": "skipped",
    "reason": "沒有對正在跑的 manager 動過 ⇒ 不動"
  },
  "cfg_sweep": {
    "parent": "/tmp/vacant-possess",
    "max_age_s": 0.0,
    "removed": [],
    "kept_alive": [],
    "kept_young": [],
    "skipped_not_ours": [],
    "failed": [],
    "bytes_removed": null
  },
  "port_still_open": false,
  "kept_on_purpose": [
    "/var/tmp/vacant_piext_20260924/pilot_gemini/home_on/.vacant/possess/proxyd（常駐 proxy 的 journal）",
    "/var/tmp/vacant_piext_20260924/pilot_gemini/home_on/.vacant/possess/uninstall_report.json（本份報告）"
  ]
}
