=== 1003 OFF_bcb_1013_a1 rc=0 wall=58.9s visible_rc=0 hidden={"passed":5,"total":5,"failures":[]}
=== 1003 GATE_bcb_1013_a1 rc=0 wall=73.4s visible_rc=0 hidden={"passed":5,"total":5,"failures":[]}
=== 1003 CH_bcb_1013_a1 rc=0 wall=88.1s visible_rc=0 hidden={"passed":5,"total":5,"failures":[]}
=== 1003 CH_bcb_93_a1 rc=0 wall=54.7s visible_rc=0 hidden={"passed":4,"total":5,"failures":["check_test_valu
=== 1003 GATE_bcb_93_a1 rc=0 wall=55.8s visible_rc=0 hidden={"passed":4,"total":5,"failures":["check_test_valu
=== 1003 OFF_bcb_93_a1 rc=0 wall=93.0s visible_rc=0 hidden={"passed":4,"total":5,"failures":["check_test_valu
=== 1003 OFF_bcb_367_a1 rc=0 wall=24.6s visible_rc=0 hidden={"passed":5,"total":5,"failures":[]}
=== 1003 GATE_bcb_367_a1 rc=0 wall=44.5s visible_rc=0 hidden={"passed":5,"total":5,"failures":[]}
=== 1003 CH_bcb_367_a1 rc=0 wall=56.6s visible_rc=0 hidden={"passed":5,"total":5,"failures":[]}
=== 1003 OFF_bcb_771_a1 rc=0 wall=237.8s visible_rc=1 hidden={"passed":0,"total":null,"note":"\u6c92\u6709solut
=== 1003 CH_bcb_771_a1 rc=0 wall=531.6s visible_rc=1 hidden={"passed":2,"total":5,"failures":["check_test_exce
=== 1003 GATE_bcb_771_a1 rc=20 wall=554.7s visible_rc=1 hidden={"passed":0,"total":null,"note":"\u6c92\u6709solut
=== 1003 GATE_bcb_771_a2 rc=20 wall=249.7s visible_rc=1 hidden={"passed":2,"total":5,"failures":["check_test_exce
=== 1003 GATE_bcb_771_a3 rc=20 wall=21.5s visible_rc=1 hidden={"passed":0,"total":null,"note":"\u6c92\u6709solut
=== 1003 OFF_bcb_763_a1 rc=0 wall=120.0s visible_rc=0 hidden={"passed":5,"total":5,"failures":[]}
=== 1003 GATE_bcb_763_a1 rc=0 wall=167.9s visible_rc=0 hidden={"passed":5,"total":5,"failures":[]}
=== 1003 CH_bcb_763_a1 rc=0 wall=221.0s visible_rc=0 hidden={"passed":5,"total":5,"failures":[]}
=== 1003 GATE_bcb_942_a1 rc=0 wall=80.0s visible_rc=0 hidden={"passed":5,"total":5,"failures":[]}
=== 1003 OFF_bcb_942_a1 rc=0 wall=106.1s visible_rc=0 hidden={"passed":5,"total":5,"failures":[]}
=== 1003 CH_bcb_942_a1 rc=0 wall=113.9s visible_rc=0 hidden={"passed":5,"total":5,"failures":[]}
=== 1003 OFF_bcb_287_a1 rc=0 wall=139.7s visible_rc=0 hidden={"passed":5,"total":5,"failures":[]}
=== 1003 GATE_bcb_287_a1 rc=0 wall=142.1s visible_rc=0 hidden={"passed":5,"total":5,"failures":[]}
=== 1003 CH_bcb_287_a1 rc=0 wall=341.5s visible_rc=1 hidden={"passed":0,"total":5,"failures":["check_test_empt
=== 1003 OFF_bcb_17_a1 rc=0 wall=300.1s visible_rc=0 hidden={"passed":3,"total":3,"failures":[]}
=== 1003 GATE_bcb_17_a1 rc=20 wall=569.1s visible_rc=1 hidden={"passed":0,"total":3,"failures":["check_test_proc
=== 1003 CH_bcb_17_a1 rc=0 wall=587.2s visible_rc=0 hidden={"passed":3,"total":3,"failures":[]}
=== 1003 GATE_bcb_17_a2 rc=0 wall=142.6s visible_rc=0 hidden={"passed":3,"total":3,"failures":[]}
=== 1003 GATE_bcb_857_a1 rc=0 wall=47.4s visible_rc=0 hidden={"passed":4,"total":5,"failures":["check_test_exce
=== 1003 CH_bcb_857_a1 rc=0 wall=335.1s visible_rc=1 hidden={"passed":0,"total":5,"failures":["check_test_all_
=== 1003 OFF_bcb_857_a1 rc=0 wall=336.3s visible_rc=1 hidden={"passed":1,"total":5,"failures":["check_test_all_
=== 1003 CH_bcb_928_a1 rc=0 wall=67.2s visible_rc=0 hidden={"passed":5,"total":5,"failures":[]}
=== 1003 GATE_bcb_928_a1 rc=0 wall=69.1s visible_rc=0 hidden={"passed":5,"total":5,"failures":[]}
=== 1003 OFF_bcb_928_a1 rc=0 wall=123.0s visible_rc=0 hidden={"passed":5,"total":5,"failures":[]}
=== 1003 CH_bcb_553_a1 rc=0 wall=198.8s visible_rc=0 hidden={"passed":5,"total":5,"failures":[]}
=== 1003 GATE_bcb_553_a1 rc=0 wall=203.4s visible_rc=0 hidden={"passed":5,"total":5,"failures":[]}
=== 1003 OFF_bcb_553_a1 rc=0 wall=251.9s visible_rc=0 hidden={"passed":5,"total":5,"failures":[]}
=== 1003 CH_bcb_777_a1 rc=0 wall=81.2s visible_rc=0 hidden={"passed":5,"total":5,"failures":[]}
=== 1003 OFF_bcb_777_a1 rc=0 wall=338.3s visible_rc=1 hidden={"passed":1,"total":5,"failures":["check_test_case
=== 1003 GATE_bcb_777_a1 rc=20 wall=353.6s visible_rc=1 hidden={"passed":1,"total":5,"failures":["check_test_case
=== 1003 GATE_bcb_777_a2 rc=0 wall=126.0s visible_rc=0 hidden={"passed":5,"total":5,"failures":[]}
=== 1003 GATE_bcb_594_a1 rc=0 wall=188.4s visible_rc=0 hidden={"passed":5,"total":5,"failures":[]}
=== 1003 CH_bcb_594_a1 rc=0 wall=208.3s visible_rc=0 hidden={"passed":5,"total":5,"failures":[]}
=== 1003 OFF_bcb_594_a1 rc=0 wall=397.8s visible_rc=1 hidden={"passed":1,"total":5,"failures":["check_test_back
=== 1003 GATE_bcb_513_a1 rc=20 wall=222.2s visible_rc=1 hidden={"passed":2,"total":12,"failures":["check_test_cas
=== 1003 OFF_bcb_513_a1 rc=0 wall=427.4s visible_rc=1 hidden={"passed":2,"total":12,"failures":["check_test_cas
=== 1003 CH_bcb_513_a1 rc=0 wall=533.6s visible_rc=1 hidden={"passed":2,"total":12,"failures":["check_test_cas
=== 1003 GATE_bcb_513_a2 rc=0 wall=196.2s visible_rc=0 hidden={"passed":11,"total":12,"failures":["check_test_ca
=== 1003 CH_bcb_917_a1 rc=0 wall=274.1s visible_rc=0 hidden={"passed":5,"total":5,"failures":[]}
=== 1003 GATE_bcb_917_a1 rc=20 wall=518.3s visible_rc=1 hidden={"passed":0,"total":5,"failures":["check_test_case
=== 1003 OFF_bcb_917_a1 rc=0 wall=532.4s visible_rc=0 hidden={"passed":5,"total":5,"failures":[]}
=== 1003 GATE_bcb_917_a2 rc=20 wall=311.8s visible_rc=1 hidden={"passed":0,"total":5,"failures":["check_test_case
=== 1003 GATE_bcb_917_a3 rc=0 wall=150.5s visible_rc=0 hidden={"passed":5,"total":5,"failures":[]}
=== 1003 GATE_bcb_267_a1 rc=0 wall=120.4s visible_rc=0 hidden={"passed":5,"total":5,"failures":[]}
=== 1003 CH_bcb_267_a1 rc=0 wall=170.4s visible_rc=0 hidden={"passed":5,"total":5,"failures":[]}
=== 1003 OFF_bcb_267_a1 rc=0 wall=273.1s visible_rc=0 hidden={"passed":5,"total":5,"failures":[]}
=== 1003 OFF_bcb_582_a1 rc=0 wall=72.8s visible_rc=0 hidden={"passed":5,"total":5,"failures":[]}
=== 1003 GATE_bcb_582_a1 rc=0 wall=87.1s visible_rc=0 hidden={"passed":5,"total":5,"failures":[]}
=== 1003 CH_bcb_582_a1 rc=0 wall=126.4s visible_rc=0 hidden={"passed":5,"total":5,"failures":[]}
=== 1003 OFF_bcb_985_a1 rc=0 wall=180.9s visible_rc=0 hidden={"passed":7,"total":9,"failures":["check_test_case
=== 1003 CH_bcb_985_a1 rc=0 wall=235.7s visible_rc=0 hidden={"passed":8,"total":9,"failures":["check_test_case
=== 1003 GATE_bcb_985_a1 rc=20 wall=403.7s visible_rc=1 hidden={"passed":3,"total":9,"failures":["check_test_case
=== 1003 GATE_bcb_985_a2 rc=0 wall=108.8s visible_rc=0 hidden={"passed":7,"total":9,"failures":["check_test_case
=== 1003 CH_bcb_1020_a1 rc=0 wall=79.6s visible_rc=0 hidden={"passed":6,"total":6,"failures":[]}
=== 1003 OFF_bcb_1020_a1 rc=0 wall=113.7s visible_rc=0 hidden={"passed":6,"total":6,"failures":[]}
=== 1003 GATE_bcb_1020_a1 rc=0 wall=325.3s visible_rc=0 hidden={"passed":6,"total":6,"failures":[]}
=== 1003 OFF_bcb_587_a1 rc=0 wall=179.3s visible_rc=0 hidden={"passed":6,"total":6,"failures":[]}
=== 1003 GATE_bcb_587_a1 rc=20 wall=256.7s visible_rc=1 hidden={"passed":1,"total":6,"failures":["check_test_aes_
=== 1003 CH_bcb_587_a1 rc=0 wall=301.6s visible_rc=0 hidden={"passed":6,"total":6,"failures":[]}
=== 1003 GATE_bcb_587_a2 rc=20 wall=131.5s visible_rc=1 hidden={"passed":1,"total":6,"failures":["check_test_aes_
=== 1003 GATE_bcb_587_a3 rc=20 wall=292.9s visible_rc=1 hidden={"passed":1,"total":6,"failures":["check_test_aes_
=== 1003 CH_bcb_592_a1 rc=0 wall=56.8s visible_rc=0 hidden={"passed":4,"total":5,"failures":["check_test_file
=== 1003 OFF_bcb_592_a1 rc=0 wall=75.9s visible_rc=0 hidden={"passed":4,"total":5,"failures":["check_test_file
=== 1003 GATE_bcb_592_a1 rc=0 wall=101.7s visible_rc=0 hidden={"passed":4,"total":5,"failures":["check_test_file
=== 1003 GATE_bcb_326_a1 rc=0 wall=153.6s visible_rc=0 hidden={"passed":5,"total":5,"failures":[]}
=== 1003 CH_bcb_326_a1 rc=0 wall=177.7s visible_rc=0 hidden={"passed":5,"total":5,"failures":[]}
=== 1003 OFF_bcb_326_a1 rc=0 wall=188.2s visible_rc=0 hidden={"passed":5,"total":5,"failures":[]}
=== 1003 OFF_bcb_963_a1 rc=0 wall=44.3s visible_rc=0 hidden={"passed":5,"total":7,"failures":["check_test_case
=== 1003 CH_bcb_963_a1 rc=0 wall=113.2s visible_rc=0 hidden={"passed":5,"total":7,"failures":["check_test_case
=== 1003 GATE_bcb_963_a1 rc=0 wall=163.1s visible_rc=0 hidden={"passed":7,"total":7,"failures":[]}
=== 1003 CH_bcb_100_a1 rc=0 wall=50.5s visible_rc=0 hidden={"passed":5,"total":6,"failures":["check_test_valu
=== 1003 OFF_bcb_100_a1 rc=0 wall=70.0s visible_rc=0 hidden={"passed":5,"total":6,"failures":["check_test_valu
=== 1003 GATE_bcb_100_a1 rc=0 wall=77.0s visible_rc=0 hidden={"passed":5,"total":6,"failures":["check_test_valu
=== 1003 CH_bcb_865_a1 rc=0 wall=39.8s visible_rc=0 hidden={"passed":6,"total":7,"failures":["check_test_retu
=== 1003 GATE_bcb_865_a1 rc=0 wall=40.3s visible_rc=0 hidden={"passed":6,"total":7,"failures":["check_test_retu
=== 1003 OFF_bcb_865_a1 rc=0 wall=87.7s visible_rc=0 hidden={"passed":6,"total":7,"failures":["check_test_retu
=== 1003 CH_bcb_964_a1 rc=0 wall=136.0s visible_rc=0 hidden={"passed":8,"total":9,"failures":["check_test_case
=== 1003 GATE_bcb_964_a1 rc=0 wall=182.8s visible_rc=0 hidden={"passed":8,"total":9,"failures":["check_test_case
=== 1003 OFF_bcb_964_a1 rc=0 wall=313.2s visible_rc=1 hidden={"passed":0,"total":null,"note":"\u6c92\u6709solut
=== 1003 OFF_bcb_147_a1 rc=0 wall=47.5s visible_rc=0 hidden={"passed":4,"total":5,"failures":["check_test_open
=== 1003 GATE_bcb_147_a1 rc=0 wall=83.5s visible_rc=0 hidden={"passed":4,"total":5,"failures":["check_test_open
=== 1003 CH_bcb_147_a1 rc=0 wall=215.2s visible_rc=0 hidden={"passed":5,"total":5,"failures":[]}
=== 1003 GATE_bcb_123_a1 rc=0 wall=47.8s visible_rc=0 hidden={"passed":5,"total":5,"failures":[]}
=== 1003 CH_bcb_123_a1 rc=0 wall=157.5s visible_rc=0 hidden={"passed":5,"total":5,"failures":[]}
=== 1003 OFF_bcb_123_a1 rc=0 wall=163.6s visible_rc=0 hidden={"passed":5,"total":5,"failures":[]}
=== 1003 GATE_bcb_424_a1 rc=0 wall=234.6s visible_rc=0 hidden={"passed":4,"total":5,"failures":["check_test_norm
=== 1003 CH_bcb_424_a1 rc=0 wall=242.2s visible_rc=0 hidden={"passed":3,"total":5,"failures":["check_test_norm
=== 1003 OFF_bcb_424_a1 rc=0 wall=349.0s visible_rc=0 hidden={"passed":4,"total":5,"failures":["check_test_norm
=== 1003 CH_bcb_308_a1 rc=0 wall=291.1s visible_rc=1 hidden={"passed":0,"total":6,"failures":["check_test_addi
=== 1003 OFF_bcb_308_a1 rc=0 wall=418.7s visible_rc=1 hidden={"passed":0,"total":null,"note":"\u6c92\u6709solut
=== 1003 GATE_bcb_308_a1 rc=20 wall=595.5s visible_rc=1 hidden={"passed":0,"total":6,"failures":["check_test_addi
=== 1003 GATE_bcb_308_a2 rc=0 wall=122.2s visible_rc=0 hidden={"passed":5,"total":6,"failures":["check_test_non_
=== 1003 OFF_bcb_723_a1 rc=0 wall=156.0s visible_rc=0 hidden={"passed":2,"total":5,"failures":["check_test_inva
=== 1003 CH_bcb_723_a1 rc=0 wall=417.1s visible_rc=1 hidden={"passed":1,"total":5,"failures":["check_test_corr
=== 1003 GATE_bcb_723_a1 rc=20 wall=516.7s visible_rc=1 hidden={"passed":1,"total":5,"failures":["check_test_corr
=== 1003 GATE_bcb_723_a2 rc=0 wall=94.8s visible_rc=0 hidden={"passed":2,"total":5,"failures":["check_test_inva
=== 1003 GATE_bcb_486_a1 rc=0 wall=117.8s visible_rc=0 hidden={"passed":7,"total":8,"failures":["check_test_case
=== 1003 CH_bcb_486_a1 rc=0 wall=249.0s visible_rc=0 hidden={"passed":6,"total":8,"failures":["check_test_case
=== 1003 OFF_bcb_486_a1 rc=0 wall=366.3s visible_rc=1 hidden={"passed":0,"total":null,"note":"\u6c92\u6709solut
=== 1003 CH_bcb_120_a1 rc=0 wall=99.1s visible_rc=0 hidden={"passed":4,"total":6,"failures":["check_test_repr
=== 1003 GATE_bcb_120_a1 rc=0 wall=147.1s visible_rc=0 hidden={"passed":4,"total":6,"failures":["check_test_repr
=== 1003 OFF_bcb_120_a1 rc=0 wall=148.9s visible_rc=0 hidden={"passed":4,"total":6,"failures":["check_test_repr
=== 1003 OFF_bcb_915_a1 rc=0 wall=219.4s visible_rc=0 hidden={"passed":5,"total":5,"failures":[]}
=== 1003 CH_bcb_915_a1 rc=0 wall=263.1s visible_rc=0 hidden={"passed":5,"total":5,"failures":[]}
=== 1003 GATE_bcb_915_a1 rc=0 wall=269.5s visible_rc=0 hidden={"passed":5,"total":5,"failures":[]}
=== 1003 OFF_bcb_897_a1 rc=0 wall=35.1s visible_rc=0 hidden={"passed":5,"total":5,"failures":[]}
=== 1003 GATE_bcb_897_a1 rc=0 wall=48.7s visible_rc=0 hidden={"passed":5,"total":5,"failures":[]}
=== 1003 CH_bcb_897_a1 rc=0 wall=52.9s visible_rc=0 hidden={"passed":5,"total":5,"failures":[]}
=== 1003 OFF_bcb_914_a1 rc=0 wall=103.5s visible_rc=0 hidden={"passed":5,"total":5,"failures":[]}
=== 1003 GATE_bcb_914_a1 rc=0 wall=112.6s visible_rc=0 hidden={"passed":5,"total":5,"failures":[]}
=== 1003 CH_bcb_914_a1 rc=0 wall=116.9s visible_rc=0 hidden={"passed":5,"total":5,"failures":[]}
=== 1003 GATE_bcb_13_a1 rc=20 wall=455.0s visible_rc=1 hidden={"passed":0,"total":null,"note":"\u6c92\u6709solut
=== 1003 CH_bcb_13_a1 rc=0 wall=455.2s visible_rc=1 hidden={"passed":0,"total":null,"note":"\u6c92\u6709solut
=== 1003 OFF_bcb_13_a1 rc=0 wall=677.3s visible_rc=1 hidden={"passed":4,"total":5,"failures":["check_test_case
=== 1003 GATE_bcb_13_a2 rc=0 wall=213.6s visible_rc=0 hidden={"passed":5,"total":5,"failures":[]}
=== 1003 OFF_bcb_341_a1 rc=0 wall=247.2s visible_rc=1 hidden={"passed":4,"total":5,"failures":["check_test_cate
=== 1003 GATE_bcb_341_a1 rc=0 wall=532.8s visible_rc=0 hidden={"passed":5,"total":5,"failures":[]}
=== 1003 CH_bcb_341_a1 rc=0 wall=586.2s visible_rc=1 hidden={"passed":4,"total":5,"failures":["check_test_cate
=== 1003 CH_bcb_324_a1 rc=0 wall=176.6s visible_rc=1 hidden={"passed":1,"total":5,"failures":["check_test_mult
=== 1003 OFF_bcb_324_a1 rc=0 wall=228.7s visible_rc=0 hidden={"passed":5,"total":5,"failures":[]}
=== 1003 GATE_bcb_324_a1 rc=20 wall=468.1s visible_rc=1 hidden={"passed":1,"total":5,"failures":["check_test_mult
=== 1003 GATE_bcb_324_a2 rc=20 wall=263.9s visible_rc=1 hidden={"passed":1,"total":5,"failures":["check_test_mult
=== 1003 GATE_bcb_324_a3 rc=0 wall=87.7s visible_rc=0 hidden={"passed":5,"total":5,"failures":[]}
=== 1003 CH_bcb_1129_a1 rc=0 wall=110.2s visible_rc=0 hidden={"passed":4,"total":5,"failures":["check_test_down
=== 1003 GATE_bcb_1129_a1 rc=0 wall=110.6s visible_rc=0 hidden={"passed":4,"total":5,"failures":["check_test_down
=== 1003 OFF_bcb_1129_a1 rc=0 wall=147.6s visible_rc=0 hidden={"passed":4,"total":5,"failures":["check_test_down
=== 1003 GATE_bcb_37_a1 rc=0 wall=40.8s visible_rc=0 hidden={"passed":5,"total":5,"failures":[]}
=== 1003 CH_bcb_37_a1 rc=0 wall=50.2s visible_rc=0 hidden={"passed":5,"total":5,"failures":[]}
=== 1003 OFF_bcb_37_a1 rc=0 wall=58.9s visible_rc=0 hidden={"passed":5,"total":5,"failures":[]}
=== 1003 OFF_bcb_1124_a1 rc=0 wall=38.5s visible_rc=0 hidden={"passed":6,"total":6,"failures":[]}
=== 1003 GATE_bcb_1124_a1 rc=0 wall=169.0s visible_rc=0 hidden={"passed":5,"total":6,"failures":["check_test_url_
=== 1003 CH_bcb_1124_a1 rc=0 wall=184.8s visible_rc=0 hidden={"passed":6,"total":6,"failures":[]}
=== 1003 GATE_bcb_1057_a1 rc=20 wall=155.9s visible_rc=1 hidden={"passed":0,"total":null,"note":"\u6c92\u6709solut
=== 1003 OFF_bcb_1057_a1 rc=0 wall=264.3s visible_rc=1 hidden={"passed":3,"total":5,"failures":["check_test_defa
=== 1003 CH_bcb_1057_a1 rc=0 wall=656.1s visible_rc=1 hidden={"passed":3,"total":5,"failures":["check_test_defa
=== 1003 GATE_bcb_1057_a2 rc=20 wall=407.8s visible_rc=1 hidden={"passed":3,"total":5,"failures":["check_test_defa
=== 1003 GATE_bcb_1057_a3 rc=20 wall=449.7s visible_rc=1 hidden={"passed":4,"total":5,"failures":["check_test_defa
=== 1003 GATE_bcb_916_a1 rc=0 wall=108.7s visible_rc=0 hidden={"passed":4,"total":5,"failures":["check_test_inva
=== 1003 OFF_bcb_916_a1 rc=0 wall=108.9s visible_rc=0 hidden={"passed":5,"total":5,"failures":[]}
=== 1003 CH_bcb_916_a1 rc=0 wall=403.2s visible_rc=0 hidden={"passed":4,"total":5,"failures":["check_test_inva
=== 1003 OFF_bcb_1004_a1 rc=0 wall=68.1s visible_rc=0 hidden={"passed":5,"total":5,"failures":[]}
=== 1003 CH_bcb_1004_a1 rc=0 wall=68.2s visible_rc=0 hidden={"passed":5,"total":5,"failures":[]}
=== 1003 GATE_bcb_1004_a1 rc=0 wall=106.3s visible_rc=0 hidden={"passed":5,"total":5,"failures":[]}
=== 1003 GATE_bcb_637_a1 rc=0 wall=180.3s visible_rc=0 hidden={"passed":5,"total":5,"failures":[]}
=== 1003 CH_bcb_637_a1 rc=0 wall=197.2s visible_rc=0 hidden={"passed":5,"total":5,"failures":[]}
=== 1003 OFF_bcb_637_a1 rc=0 wall=379.5s visible_rc=1 hidden={"passed":0,"total":5,"failures":["check_test_case
=== 1003 OFF_bcb_177_a1 rc=0 wall=138.9s visible_rc=1 hidden={"passed":4,"total":5,"failures":["check_test_empt
=== 1003 CH_bcb_177_a1 rc=0 wall=273.0s visible_rc=1 hidden={"passed":4,"total":5,"failures":["check_test_empt
=== 1003 GATE_bcb_177_a1 rc=0 wall=298.1s visible_rc=0 hidden={"passed":5,"total":5,"failures":[]}
=== 1003 OFF_bcb_636_a1 rc=0 wall=152.9s visible_rc=0 hidden={"passed":4,"total":5,"failures":["check_test_case
=== 1003 CH_bcb_636_a1 rc=0 wall=182.0s visible_rc=0 hidden={"passed":4,"total":5,"failures":["check_test_case
=== 1003 GATE_bcb_636_a1 rc=0 wall=227.1s visible_rc=0 hidden={"passed":4,"total":5,"failures":["check_test_case
=== 1003 CH_bcb_360_a1 rc=0 wall=197.7s visible_rc=0 hidden={"passed":5,"total":6,"failures":["check_test_valu
=== 1003 OFF_bcb_360_a1 rc=0 wall=209.4s visible_rc=0 hidden={"passed":5,"total":6,"failures":["check_test_valu
=== 1003 GATE_bcb_360_a1 rc=0 wall=264.8s visible_rc=0 hidden={"passed":5,"total":6,"failures":["check_test_valu
=== 1003 CH_bcb_477_a1 rc=0 wall=63.3s visible_rc=0 hidden={"passed":9,"total":9,"failures":[]}
=== 1003 GATE_bcb_477_a1 rc=0 wall=68.9s visible_rc=0 hidden={"passed":9,"total":9,"failures":[]}
=== 1003 OFF_bcb_477_a1 rc=0 wall=101.7s visible_rc=0 hidden={"passed":9,"total":9,"failures":[]}
=== 1003 CH_bcb_800_a1 rc=0 wall=136.6s visible_rc=0 hidden={"passed":5,"total":5,"failures":[]}
=== 1003 OFF_bcb_800_a1 rc=0 wall=263.6s visible_rc=0 hidden={"passed":5,"total":5,"failures":[]}
=== 1003 GATE_bcb_800_a1 rc=20 wall=484.1s visible_rc=1 hidden={"passed":2,"total":5,"failures":["check_test_case
=== 1003 GATE_bcb_800_a2 rc=20 wall=308.5s visible_rc=1 hidden={"passed":0,"total":5,"failures":["check_test_case
=== 1003 GATE_bcb_800_a3 rc=0 wall=107.2s visible_rc=0 hidden={"passed":4,"total":5,"failures":["check_test_case
=== 1003 OFF_bcb_346_a1 rc=0 wall=33.0s visible_rc=1 hidden={"passed":4,"total":5,"failures":["check_test_case
=== 1003 GATE_bcb_346_a1 rc=0 wall=278.1s visible_rc=0 hidden={"passed":5,"total":5,"failures":[]}
=== 1003 CH_bcb_346_a1 rc=0 wall=362.6s visible_rc=1 hidden={"passed":4,"total":5,"failures":["check_test_case
=== 1003 GATE_bcb_530_a1 rc=0 wall=108.7s visible_rc=0 hidden={"passed":7,"total":7,"failures":[]}
=== 1003 CH_bcb_530_a1 rc=0 wall=176.3s visible_rc=0 hidden={"passed":7,"total":7,"failures":[]}
=== 1003 OFF_bcb_530_a1 rc=0 wall=196.0s visible_rc=0 hidden={"passed":7,"total":7,"failures":[]}
=== 1003 GATE_bcb_579_a1 rc=0 wall=212.1s visible_rc=0 hidden={"passed":5,"total":5,"failures":[]}
=== 1003 OFF_bcb_579_a1 rc=0 wall=293.0s visible_rc=0 hidden={"passed":5,"total":5,"failures":[]}
=== 1003 CH_bcb_579_a1 rc=0 wall=507.2s visible_rc=0 hidden={"passed":2,"total":5,"failures":["check_test_norm
=== 1003 CH_bcb_92_a1 rc=0 wall=41.1s visible_rc=0 hidden={"passed":7,"total":7,"failures":[]}
=== 1003 GATE_bcb_92_a1 rc=0 wall=104.9s visible_rc=0 hidden={"passed":7,"total":7,"failures":[]}
=== 1003 OFF_bcb_92_a1 rc=0 wall=116.5s visible_rc=0 hidden={"passed":7,"total":7,"failures":[]}
=== 1003 OFF_bcb_208_a1 rc=0 wall=178.8s visible_rc=0 hidden={"passed":5,"total":5,"failures":[]}
=== 1003 GATE_bcb_208_a1 rc=0 wall=194.4s visible_rc=0 hidden={"passed":5,"total":5,"failures":[]}
=== 1003 CH_bcb_208_a1 rc=0 wall=403.3s visible_rc=1 hidden={"passed":2,"total":5,"failures":["check_test_case
=== 1003 CH_bcb_528_a1 rc=0 wall=147.4s visible_rc=0 hidden={"passed":4,"total":5,"failures":["check_test_case
=== 1003 OFF_bcb_528_a1 rc=0 wall=182.2s visible_rc=0 hidden={"passed":3,"total":5,"failures":["check_test_case
=== 1003 GATE_bcb_528_a1 rc=0 wall=183.3s visible_rc=0 hidden={"passed":3,"total":5,"failures":["check_test_case
=== 1003 CH_bcb_401_a1 rc=0 wall=61.3s visible_rc=0 hidden={"passed":5,"total":5,"failures":[]}
=== 1003 GATE_bcb_401_a1 rc=0 wall=83.7s visible_rc=0 hidden={"passed":5,"total":5,"failures":[]}
=== 1003 OFF_bcb_401_a1 rc=0 wall=112.5s visible_rc=0 hidden={"passed":5,"total":5,"failures":[]}
=== 1003 GATE_bcb_1022_a1 rc=0 wall=139.0s visible_rc=0 hidden={"passed":5,"total":5,"failures":[]}
=== 1003 CH_bcb_1022_a1 rc=0 wall=150.4s visible_rc=0 hidden={"passed":5,"total":5,"failures":[]}
=== 1003 OFF_bcb_1022_a1 rc=0 wall=293.2s visible_rc=0 hidden={"passed":5,"total":5,"failures":[]}
=== 1003 OFF_bcb_273_a1 rc=0 wall=318.6s visible_rc=0 hidden={"passed":2,"total":5,"failures":["check_test_inva
=== 1003 GATE_bcb_273_a1 rc=20 wall=462.2s visible_rc=1 hidden={"passed":0,"total":null,"note":"\u6c92\u6709solut
=== 1003 CH_bcb_273_a1 rc=0 wall=535.2s visible_rc=1 hidden={"passed":1,"total":5,"failures":["check_test_inva
=== 1003 GATE_bcb_273_a2 rc=20 wall=182.8s visible_rc=1 hidden={"passed":1,"total":5,"failures":["check_test_inva
=== 1003 GATE_bcb_273_a3 rc=20 wall=350.2s visible_rc=1 hidden={"passed":1,"total":5,"failures":["check_test_inva
