2026-09-24T09:53:40Z worker 1003 起；等 pilot_1003 手上的格子跑完
2026-09-24T09:54:10Z pilot 已停，開始領題
2026-09-24T09:54:10Z 領 bcb_1013
2026-09-24T09:55:40Z 領 bcb_93
2026-09-24T09:57:18Z 領 bcb_367
2026-09-24T09:58:17Z 領 bcb_771
2026-09-24T10:12:04Z 領 bcb_763
2026-09-24T10:15:47Z 領 bcb_942
2026-09-24T10:17:44Z 領 bcb_287
2026-09-24T10:23:27Z 領 bcb_17
2026-09-24T10:35:39Z 領 bcb_857
2026-09-24T10:41:16Z 領 bcb_928
2026-09-24T10:43:20Z 領 bcb_553
2026-09-24T10:47:35Z 領 bcb_777
2026-09-24T10:55:36Z 領 bcb_594
2026-09-24T11:02:14Z 領 bcb_513
2026-09-24T11:14:38Z 領 bcb_917
2026-09-24T11:31:30Z 領 bcb_267
2026-09-24T11:36:07Z 領 bcb_582
2026-09-24T11:38:17Z 領 bcb_985
2026-09-24T11:46:56Z 領 bcb_1020
2026-09-24T11:52:22Z 領 bcb_587
2026-09-24T12:05:28Z 領 bcb_592
2026-09-24T12:07:10Z 領 bcb_326
2026-09-24T12:10:19Z 領 bcb_963
2026-09-24T12:13:03Z 領 bcb_100
2026-09-24T12:14:23Z 領 bcb_865
2026-09-24T12:15:56Z 領 bcb_964
2026-09-24T12:21:10Z 領 bcb_147
2026-09-24T12:24:47Z 領 bcb_123
2026-09-24T12:27:33Z 領 bcb_424
2026-09-24T12:33:26Z 領 bcb_308
2026-09-24T12:45:28Z 領 bcb_723
2026-09-24T12:55:42Z 領 bcb_486
2026-09-24T13:01:48Z 領 bcb_120
2026-09-24T13:04:20Z 領 bcb_915
2026-09-24T13:08:54Z 領 bcb_897
2026-09-24T13:09:49Z 領 bcb_914
2026-09-24T13:11:52Z 領 bcb_13
2026-09-24T13:26:49Z 領 bcb_341
2026-09-24T13:36:41Z 領 bcb_324
2026-09-24T13:50:22Z 領 bcb_1129
2026-09-24T13:52:51Z 領 bcb_37
2026-09-24T13:53:56Z 領 bcb_1124
2026-09-24T13:57:03Z 領 bcb_1057
2026-09-24T14:22:22Z 領 bcb_916
2026-09-24T14:29:11Z 領 bcb_1004
2026-09-24T14:31:00Z 領 bcb_637
2026-09-24T14:37:24Z 領 bcb_177
2026-09-24T14:42:30Z 領 bcb_636
2026-09-24T14:46:21Z 領 bcb_360
2026-09-24T14:50:51Z 領 bcb_477
2026-09-24T14:52:38Z 領 bcb_800
2026-09-24T15:07:39Z 領 bcb_346
2026-09-24T15:13:42Z 領 bcb_530
2026-09-24T15:17:05Z 領 bcb_579
2026-09-24T15:25:35Z 領 bcb_92
2026-09-24T15:27:39Z 領 bcb_208
2026-09-24T15:34:26Z 領 bcb_528
2026-09-24T15:37:33Z 領 bcb_401
2026-09-24T15:39:26Z 領 bcb_1022
2026-09-24T15:44:22Z 領 bcb_273
2026-09-24T16:02:11Z 到了停止領題時間
2026-09-24T16:02:11Z worker 1003 收工
